[    0.000000] lzcbox-60378f6b kernel: Linux version 6.5.0-0.deb12.4-amd64 (debian-kernel@lists.debian.org) (gcc-12 (Debian 12.2.0-14) 12.2.0, GNU ld (GNU Binutils for Debian) 2.40) #1 SMP PREEMPT_DYNAMIC Debian 6.5.10-1~bpo12+1 (2023-11-23)
[    0.000000] lzcbox-60378f6b kernel: Command line: BOOT_IMAGE=/vmlinuz root=UUID=6ec14787-d2c1-4312-beb4-1883667f97d7 intel_iommu=off quiet loglevel=3 fastboot splash
[    0.000000] lzcbox-60378f6b kernel: x86/split lock detection: #AC: crashing the kernel on kernel split_locks and warning on user-space split_locks
[    0.000000] lzcbox-60378f6b kernel: BIOS-provided physical RAM map:
[    0.000000] lzcbox-60378f6b kernel: BIOS-e820: [mem 0x0000000000000000-0x000000000009efff] usable
[    0.000000] lzcbox-60378f6b kernel: BIOS-e820: [mem 0x000000000009f000-0x00000000000fffff] reserved
[    0.000000] lzcbox-60378f6b kernel: BIOS-e820: [mem 0x0000000000100000-0x000000007209efff] usable
[    0.000000] lzcbox-60378f6b kernel: BIOS-e820: [mem 0x000000007209f000-0x000000007519efff] reserved
[    0.000000] lzcbox-60378f6b kernel: BIOS-e820: [mem 0x000000007519f000-0x000000007526afff] ACPI data
[    0.000000] lzcbox-60378f6b kernel: BIOS-e820: [mem 0x000000007526b000-0x0000000075323fff] ACPI NVS
[    0.000000] lzcbox-60378f6b kernel: BIOS-e820: [mem 0x0000000075324000-0x0000000075b3afff] reserved
[    0.000000] lzcbox-60378f6b kernel: BIOS-e820: [mem 0x0000000075b3b000-0x0000000075bfefff] type 20
[    0.000000] lzcbox-60378f6b kernel: BIOS-e820: [mem 0x0000000075bff000-0x0000000075bfffff] usable
[    0.000000] lzcbox-60378f6b kernel: BIOS-e820: [mem 0x0000000075c00000-0x0000000079ffffff] reserved
[    0.000000] lzcbox-60378f6b kernel: BIOS-e820: [mem 0x000000007ab00000-0x000000007abfffff] reserved
[    0.000000] lzcbox-60378f6b kernel: BIOS-e820: [mem 0x000000007b000000-0x00000000803fffff] reserved
[    0.000000] lzcbox-60378f6b kernel: BIOS-e820: [mem 0x00000000c0000000-0x00000000cfffffff] reserved
[    0.000000] lzcbox-60378f6b kernel: BIOS-e820: [mem 0x00000000fe000000-0x00000000fe010fff] reserved
[    0.000000] lzcbox-60378f6b kernel: BIOS-e820: [mem 0x00000000fec00000-0x00000000fec00fff] reserved
[    0.000000] lzcbox-60378f6b kernel: BIOS-e820: [mem 0x00000000fed00000-0x00000000fed00fff] reserved
[    0.000000] lzcbox-60378f6b kernel: BIOS-e820: [mem 0x00000000fed20000-0x00000000fed7ffff] reserved
[    0.000000] lzcbox-60378f6b kernel: BIOS-e820: [mem 0x00000000fee00000-0x00000000fee00fff] reserved
[    0.000000] lzcbox-60378f6b kernel: BIOS-e820: [mem 0x00000000ff000000-0x00000000ffffffff] reserved
[    0.000000] lzcbox-60378f6b kernel: BIOS-e820: [mem 0x0000000100000000-0x000000047fbfffff] usable
[    0.000000] lzcbox-60378f6b kernel: NX (Execute Disable) protection: active
[    0.000000] lzcbox-60378f6b kernel: efi: EFI v2.7 by American Megatrends
[    0.000000] lzcbox-60378f6b kernel: efi: ACPI=0x752a9000 ACPI 2.0=0x752a9014 TPMFinalLog=0x752b1000 SMBIOS=0x7594c000 SMBIOS 3.0=0x7594b000 MEMATTR=0x6f9a1018 ESRT=0x70a85798 MOKvar=0x75925000 
[    0.000000] lzcbox-60378f6b kernel: efi: Remove mem69: MMIO range=[0xc0000000-0xcfffffff] (256MB) from e820 map
[    0.000000] lzcbox-60378f6b kernel: e820: remove [mem 0xc0000000-0xcfffffff] reserved
[    0.000000] lzcbox-60378f6b kernel: efi: Not removing mem70: MMIO range=[0xfe000000-0xfe010fff] (68KB) from e820 map
[    0.000000] lzcbox-60378f6b kernel: efi: Not removing mem71: MMIO range=[0xfec00000-0xfec00fff] (4KB) from e820 map
[    0.000000] lzcbox-60378f6b kernel: efi: Not removing mem72: MMIO range=[0xfed00000-0xfed00fff] (4KB) from e820 map
[    0.000000] lzcbox-60378f6b kernel: efi: Not removing mem74: MMIO range=[0xfee00000-0xfee00fff] (4KB) from e820 map
[    0.000000] lzcbox-60378f6b kernel: efi: Remove mem75: MMIO range=[0xff000000-0xffffffff] (16MB) from e820 map
[    0.000000] lzcbox-60378f6b kernel: e820: remove [mem 0xff000000-0xffffffff] reserved
[    0.000000] lzcbox-60378f6b kernel: secureboot: Secure boot disabled
[    0.000000] lzcbox-60378f6b kernel: SMBIOS 3.3.0 present.
[    0.000000] lzcbox-60378f6b kernel: DMI: INTEL Default string/STX-LN110, BIOS 5.19 09/20/2023
[    0.000000] lzcbox-60378f6b kernel: tsc: Detected 2400.000 MHz processor
[    0.000000] lzcbox-60378f6b kernel: tsc: Detected 2419.200 MHz TSC
[    0.003420] lzcbox-60378f6b kernel: e820: update [mem 0x00000000-0x00000fff] usable ==> reserved
[    0.003423] lzcbox-60378f6b kernel: e820: remove [mem 0x000a0000-0x000fffff] usable
[    0.003432] lzcbox-60378f6b kernel: last_pfn = 0x47fc00 max_arch_pfn = 0x400000000
[    0.003437] lzcbox-60378f6b kernel: MTRR map: 5 entries (3 fixed + 2 variable; max 23), built from 10 variable MTRRs
[    0.003440] lzcbox-60378f6b kernel: x86/PAT: Configuration [0-7]: WB  WC  UC- UC  WB  WP  UC- WT  
[    0.004001] lzcbox-60378f6b kernel: last_pfn = 0x75c00 max_arch_pfn = 0x400000000
[    0.042684] lzcbox-60378f6b kernel: esrt: Reserving ESRT space from 0x0000000070a85798 to 0x0000000070a857f8.
[    0.042690] lzcbox-60378f6b kernel: e820: update [mem 0x70a85000-0x70a85fff] usable ==> reserved
[    0.042713] lzcbox-60378f6b kernel: Using GB pages for direct mapping
[    0.042889] lzcbox-60378f6b kernel: RAMDISK: [mem 0x36b6f000-0x375aefff]
[    0.042892] lzcbox-60378f6b kernel: ACPI: Early table checksum verification disabled
[    0.042896] lzcbox-60378f6b kernel: ACPI: RSDP 0x00000000752A9014 000024 (v02 ALASKA)
[    0.042901] lzcbox-60378f6b kernel: ACPI: XSDT 0x00000000752A8728 0000DC (v01 ALASKA A M I    01072009 AMI  01000013)
[    0.042907] lzcbox-60378f6b kernel: ACPI: FACP 0x0000000075265000 000114 (v06 ALASKA A M I    01072009 AMI  01000013)
[    0.042914] lzcbox-60378f6b kernel: ACPI: DSDT 0x000000007520A000 05A4D0 (v02 ALASKA A M I    01072009 INTL 20191018)
[    0.042925] lzcbox-60378f6b kernel: ACPI: FACS 0x0000000075322000 000040
[    0.042928] lzcbox-60378f6b kernel: ACPI: SSDT 0x0000000075266000 00255D (v02 CpuRef CpuSsdt  00003000 INTL 20191018)
[    0.042932] lzcbox-60378f6b kernel: ACPI: FIDT 0x0000000075209000 00009C (v01 ALASKA A M I    01072009 AMI  00010013)
[    0.042936] lzcbox-60378f6b kernel: ACPI: SSDT 0x0000000075206000 002E38 (v02 SaSsdt SaSsdt   00003000 INTL 20191018)
[    0.042940] lzcbox-60378f6b kernel: ACPI: SSDT 0x0000000075202000 00338A (v02 INTEL  IgfxSsdt 00003000 INTL 20191018)
[    0.042943] lzcbox-60378f6b kernel: ACPI: HPET 0x000000007526A000 000038 (v01 ALASKA A M I    01072009 AMI  01000013)
[    0.042947] lzcbox-60378f6b kernel: ACPI: APIC 0x0000000075269000 00012C (v04 ALASKA A M I    01072009 AMI  01000013)
[    0.042950] lzcbox-60378f6b kernel: ACPI: SSDT 0x0000000075201000 000E7C (v02 ALASKA Ther_Rvp 00001000 INTL 20191018)
[    0.042954] lzcbox-60378f6b kernel: ACPI: NHLT 0x00000000751FF000 001871 (v00 ALASKA A M I    01072009 AMI  01000013)
[    0.042957] lzcbox-60378f6b kernel: ACPI: UEFI 0x0000000075296000 000048 (v01 ALASKA A M I    01072009 AMI  01000013)
[    0.042961] lzcbox-60378f6b kernel: ACPI: LPIT 0x00000000751FE000 0000CC (v01 ALASKA A M I    01072009 AMI  01000013)
[    0.042965] lzcbox-60378f6b kernel: ACPI: SSDT 0x00000000751FA000 002720 (v02 ALASKA PtidDevc 00001000 INTL 20191018)
[    0.042968] lzcbox-60378f6b kernel: ACPI: SSDT 0x00000000751F9000 00012A (v02 ALASKA TbtTypeC 00000000 INTL 20191018)
[    0.042971] lzcbox-60378f6b kernel: ACPI: DBGP 0x00000000751F8000 000034 (v01 ALASKA A M I    01072009 AMI  01000013)
[    0.042975] lzcbox-60378f6b kernel: ACPI: DBG2 0x00000000751F7000 000054 (v00 ALASKA A M I    01072009 AMI  01000013)
[    0.042978] lzcbox-60378f6b kernel: ACPI: DMAR 0x00000000751F6000 000088 (v02 INTEL  EDK2     00000002      01000013)
[    0.042982] lzcbox-60378f6b kernel: ACPI: SSDT 0x00000000751F5000 0007D8 (v02 INTEL  xh_tudd4 00000000 INTL 20191018)
[    0.042985] lzcbox-60378f6b kernel: ACPI: MCFG 0x00000000751F4000 00003C (v01                 00000001      00000000)
[    0.042989] lzcbox-60378f6b kernel: ACPI: SSDT 0x00000000751F3000 000144 (v02 Intel  ADebTabl 00001000 INTL 20191018)
[    0.042993] lzcbox-60378f6b kernel: ACPI: TPM2 0x00000000751F2000 00004C (v04 ALASKA A M I    00000001 AMI  00000000)
[    0.042996] lzcbox-60378f6b kernel: ACPI: PTDT 0x00000000751F1000 000CFE (v00 ALASKA A M I    00000005 MSFT 0100000D)
[    0.042999] lzcbox-60378f6b kernel: ACPI: WSMT 0x00000000751FD000 000028 (v01 ALASKA A M I    01072009 AMI  00010013)
[    0.043003] lzcbox-60378f6b kernel: ACPI: FPDT 0x00000000751F0000 000044 (v01 ALASKA A M I    01072009 AMI  01000013)
[    0.043006] lzcbox-60378f6b kernel: ACPI: Reserving FACP table memory at [mem 0x75265000-0x75265113]
[    0.043007] lzcbox-60378f6b kernel: ACPI: Reserving DSDT table memory at [mem 0x7520a000-0x752644cf]
[    0.043009] lzcbox-60378f6b kernel: ACPI: Reserving FACS table memory at [mem 0x75322000-0x7532203f]
[    0.043010] lzcbox-60378f6b kernel: ACPI: Reserving SSDT table memory at [mem 0x75266000-0x7526855c]
[    0.043010] lzcbox-60378f6b kernel: ACPI: Reserving FIDT table memory at [mem 0x75209000-0x7520909b]
[    0.043011] lzcbox-60378f6b kernel: ACPI: Reserving SSDT table memory at [mem 0x75206000-0x75208e37]
[    0.043012] lzcbox-60378f6b kernel: ACPI: Reserving SSDT table memory at [mem 0x75202000-0x75205389]
[    0.043013] lzcbox-60378f6b kernel: ACPI: Reserving HPET table memory at [mem 0x7526a000-0x7526a037]
[    0.043014] lzcbox-60378f6b kernel: ACPI: Reserving APIC table memory at [mem 0x75269000-0x7526912b]
[    0.043014] lzcbox-60378f6b kernel: ACPI: Reserving SSDT table memory at [mem 0x75201000-0x75201e7b]
[    0.043015] lzcbox-60378f6b kernel: ACPI: Reserving NHLT table memory at [mem 0x751ff000-0x75200870]
[    0.043016] lzcbox-60378f6b kernel: ACPI: Reserving UEFI table memory at [mem 0x75296000-0x75296047]
[    0.043017] lzcbox-60378f6b kernel: ACPI: Reserving LPIT table memory at [mem 0x751fe000-0x751fe0cb]
[    0.043018] lzcbox-60378f6b kernel: ACPI: Reserving SSDT table memory at [mem 0x751fa000-0x751fc71f]
[    0.043018] lzcbox-60378f6b kernel: ACPI: Reserving SSDT table memory at [mem 0x751f9000-0x751f9129]
[    0.043019] lzcbox-60378f6b kernel: ACPI: Reserving DBGP table memory at [mem 0x751f8000-0x751f8033]
[    0.043020] lzcbox-60378f6b kernel: ACPI: Reserving DBG2 table memory at [mem 0x751f7000-0x751f7053]
[    0.043021] lzcbox-60378f6b kernel: ACPI: Reserving DMAR table memory at [mem 0x751f6000-0x751f6087]
[    0.043022] lzcbox-60378f6b kernel: ACPI: Reserving SSDT table memory at [mem 0x751f5000-0x751f57d7]
[    0.043022] lzcbox-60378f6b kernel: ACPI: Reserving MCFG table memory at [mem 0x751f4000-0x751f403b]
[    0.043023] lzcbox-60378f6b kernel: ACPI: Reserving SSDT table memory at [mem 0x751f3000-0x751f3143]
[    0.043024] lzcbox-60378f6b kernel: ACPI: Reserving TPM2 table memory at [mem 0x751f2000-0x751f204b]
[    0.043025] lzcbox-60378f6b kernel: ACPI: Reserving PTDT table memory at [mem 0x751f1000-0x751f1cfd]
[    0.043026] lzcbox-60378f6b kernel: ACPI: Reserving WSMT table memory at [mem 0x751fd000-0x751fd027]
[    0.043027] lzcbox-60378f6b kernel: ACPI: Reserving FPDT table memory at [mem 0x751f0000-0x751f0043]
[    0.043151] lzcbox-60378f6b kernel: No NUMA configuration found
[    0.043152] lzcbox-60378f6b kernel: Faking a node at [mem 0x0000000000000000-0x000000047fbfffff]
[    0.043162] lzcbox-60378f6b kernel: NODE_DATA(0) allocated [mem 0x47fbd5000-0x47fbfffff]
[    0.043361] lzcbox-60378f6b kernel: Zone ranges:
[    0.043362] lzcbox-60378f6b kernel:   DMA      [mem 0x0000000000001000-0x0000000000ffffff]
[    0.043364] lzcbox-60378f6b kernel:   DMA32    [mem 0x0000000001000000-0x00000000ffffffff]
[    0.043366] lzcbox-60378f6b kernel:   Normal   [mem 0x0000000100000000-0x000000047fbfffff]
[    0.043367] lzcbox-60378f6b kernel:   Device   empty
[    0.043368] lzcbox-60378f6b kernel: Movable zone start for each node
[    0.043370] lzcbox-60378f6b kernel: Early memory node ranges
[    0.043370] lzcbox-60378f6b kernel:   node   0: [mem 0x0000000000001000-0x000000000009efff]
[    0.043372] lzcbox-60378f6b kernel:   node   0: [mem 0x0000000000100000-0x000000007209efff]
[    0.043374] lzcbox-60378f6b kernel:   node   0: [mem 0x0000000075bff000-0x0000000075bfffff]
[    0.043374] lzcbox-60378f6b kernel:   node   0: [mem 0x0000000100000000-0x000000047fbfffff]
[    0.043377] lzcbox-60378f6b kernel: Initmem setup node 0 [mem 0x0000000000001000-0x000000047fbfffff]
[    0.043381] lzcbox-60378f6b kernel: On node 0, zone DMA: 1 pages in unavailable ranges
[    0.043414] lzcbox-60378f6b kernel: On node 0, zone DMA: 97 pages in unavailable ranges
[    0.046956] lzcbox-60378f6b kernel: On node 0, zone DMA32: 15200 pages in unavailable ranges
[    0.047336] lzcbox-60378f6b kernel: On node 0, zone Normal: 9216 pages in unavailable ranges
[    0.047344] lzcbox-60378f6b kernel: On node 0, zone Normal: 1024 pages in unavailable ranges
[    0.047368] lzcbox-60378f6b kernel: Reserving Intel graphics memory at [mem 0x7c800000-0x803fffff]
[    0.047673] lzcbox-60378f6b kernel: ACPI: PM-Timer IO Port: 0x1808
[    0.047682] lzcbox-60378f6b kernel: ACPI: LAPIC_NMI (acpi_id[0x01] high edge lint[0x1])
[    0.047684] lzcbox-60378f6b kernel: ACPI: LAPIC_NMI (acpi_id[0x02] high edge lint[0x1])
[    0.047685] lzcbox-60378f6b kernel: ACPI: LAPIC_NMI (acpi_id[0x03] high edge lint[0x1])
[    0.047686] lzcbox-60378f6b kernel: ACPI: LAPIC_NMI (acpi_id[0x04] high edge lint[0x1])
[    0.047686] lzcbox-60378f6b kernel: ACPI: LAPIC_NMI (acpi_id[0x05] high edge lint[0x1])
[    0.047687] lzcbox-60378f6b kernel: ACPI: LAPIC_NMI (acpi_id[0x06] high edge lint[0x1])
[    0.047688] lzcbox-60378f6b kernel: ACPI: LAPIC_NMI (acpi_id[0x07] high edge lint[0x1])
[    0.047689] lzcbox-60378f6b kernel: ACPI: LAPIC_NMI (acpi_id[0x08] high edge lint[0x1])
[    0.047690] lzcbox-60378f6b kernel: ACPI: LAPIC_NMI (acpi_id[0x09] high edge lint[0x1])
[    0.047690] lzcbox-60378f6b kernel: ACPI: LAPIC_NMI (acpi_id[0x0a] high edge lint[0x1])
[    0.047691] lzcbox-60378f6b kernel: ACPI: LAPIC_NMI (acpi_id[0x0b] high edge lint[0x1])
[    0.047692] lzcbox-60378f6b kernel: ACPI: LAPIC_NMI (acpi_id[0x0c] high edge lint[0x1])
[    0.047693] lzcbox-60378f6b kernel: ACPI: LAPIC_NMI (acpi_id[0x0d] high edge lint[0x1])
[    0.047693] lzcbox-60378f6b kernel: ACPI: LAPIC_NMI (acpi_id[0x0e] high edge lint[0x1])
[    0.047694] lzcbox-60378f6b kernel: ACPI: LAPIC_NMI (acpi_id[0x0f] high edge lint[0x1])
[    0.047695] lzcbox-60378f6b kernel: ACPI: LAPIC_NMI (acpi_id[0x10] high edge lint[0x1])
[    0.047735] lzcbox-60378f6b kernel: IOAPIC[0]: apic_id 2, version 32, address 0xfec00000, GSI 0-119
[    0.047738] lzcbox-60378f6b kernel: ACPI: INT_SRC_OVR (bus 0 bus_irq 0 global_irq 2 dfl dfl)
[    0.047740] lzcbox-60378f6b kernel: ACPI: INT_SRC_OVR (bus 0 bus_irq 9 global_irq 9 high level)
[    0.047745] lzcbox-60378f6b kernel: ACPI: Using ACPI (MADT) for SMP configuration information
[    0.047746] lzcbox-60378f6b kernel: ACPI: HPET id: 0x8086a201 base: 0xfed00000
[    0.047751] lzcbox-60378f6b kernel: TSC deadline timer available
[    0.047752] lzcbox-60378f6b kernel: smpboot: Allowing 8 CPUs, 0 hotplug CPUs
[    0.047768] lzcbox-60378f6b kernel: PM: hibernation: Registered nosave memory: [mem 0x00000000-0x00000fff]
[    0.047770] lzcbox-60378f6b kernel: PM: hibernation: Registered nosave memory: [mem 0x0009f000-0x000fffff]
[    0.047772] lzcbox-60378f6b kernel: PM: hibernation: Registered nosave memory: [mem 0x70a85000-0x70a85fff]
[    0.047774] lzcbox-60378f6b kernel: PM: hibernation: Registered nosave memory: [mem 0x7209f000-0x7519efff]
[    0.047774] lzcbox-60378f6b kernel: PM: hibernation: Registered nosave memory: [mem 0x7519f000-0x7526afff]
[    0.047775] lzcbox-60378f6b kernel: PM: hibernation: Registered nosave memory: [mem 0x7526b000-0x75323fff]
[    0.047776] lzcbox-60378f6b kernel: PM: hibernation: Registered nosave memory: [mem 0x75324000-0x75b3afff]
[    0.047777] lzcbox-60378f6b kernel: PM: hibernation: Registered nosave memory: [mem 0x75b3b000-0x75bfefff]
[    0.047778] lzcbox-60378f6b kernel: PM: hibernation: Registered nosave memory: [mem 0x75c00000-0x79ffffff]
[    0.047779] lzcbox-60378f6b kernel: PM: hibernation: Registered nosave memory: [mem 0x7a000000-0x7aafffff]
[    0.047780] lzcbox-60378f6b kernel: PM: hibernation: Registered nosave memory: [mem 0x7ab00000-0x7abfffff]
[    0.047780] lzcbox-60378f6b kernel: PM: hibernation: Registered nosave memory: [mem 0x7ac00000-0x7affffff]
[    0.047781] lzcbox-60378f6b kernel: PM: hibernation: Registered nosave memory: [mem 0x7b000000-0x803fffff]
[    0.047782] lzcbox-60378f6b kernel: PM: hibernation: Registered nosave memory: [mem 0x80400000-0xfdffffff]
[    0.047783] lzcbox-60378f6b kernel: PM: hibernation: Registered nosave memory: [mem 0xfe000000-0xfe010fff]
[    0.047783] lzcbox-60378f6b kernel: PM: hibernation: Registered nosave memory: [mem 0xfe011000-0xfebfffff]
[    0.047784] lzcbox-60378f6b kernel: PM: hibernation: Registered nosave memory: [mem 0xfec00000-0xfec00fff]
[    0.047785] lzcbox-60378f6b kernel: PM: hibernation: Registered nosave memory: [mem 0xfec01000-0xfecfffff]
[    0.047785] lzcbox-60378f6b kernel: PM: hibernation: Registered nosave memory: [mem 0xfed00000-0xfed00fff]
[    0.047786] lzcbox-60378f6b kernel: PM: hibernation: Registered nosave memory: [mem 0xfed01000-0xfed1ffff]
[    0.047787] lzcbox-60378f6b kernel: PM: hibernation: Registered nosave memory: [mem 0xfed20000-0xfed7ffff]
[    0.047788] lzcbox-60378f6b kernel: PM: hibernation: Registered nosave memory: [mem 0xfed80000-0xfedfffff]
[    0.047788] lzcbox-60378f6b kernel: PM: hibernation: Registered nosave memory: [mem 0xfee00000-0xfee00fff]
[    0.047789] lzcbox-60378f6b kernel: PM: hibernation: Registered nosave memory: [mem 0xfee01000-0xffffffff]
[    0.047791] lzcbox-60378f6b kernel: [mem 0x80400000-0xfdffffff] available for PCI devices
[    0.047792] lzcbox-60378f6b kernel: Booting paravirtualized kernel on bare hardware
[    0.047795] lzcbox-60378f6b kernel: clocksource: refined-jiffies: mask: 0xffffffff max_cycles: 0xffffffff, max_idle_ns: 7645519600211568 ns
[    0.054508] lzcbox-60378f6b kernel: setup_percpu: NR_CPUS:8192 nr_cpumask_bits:8 nr_cpu_ids:8 nr_node_ids:1
[    0.054908] lzcbox-60378f6b kernel: percpu: Embedded 63 pages/cpu s221184 r8192 d28672 u262144
[    0.054914] lzcbox-60378f6b kernel: pcpu-alloc: s221184 r8192 d28672 u262144 alloc=1*2097152
[    0.054916] lzcbox-60378f6b kernel: pcpu-alloc: [0] 0 1 2 3 4 5 6 7 
[    0.054938] lzcbox-60378f6b kernel: Kernel command line: BOOT_IMAGE=/vmlinuz root=UUID=6ec14787-d2c1-4312-beb4-1883667f97d7 intel_iommu=off quiet loglevel=3 fastboot splash
[    0.054982] lzcbox-60378f6b kernel: DMAR: IOMMU disabled
[    0.055034] lzcbox-60378f6b kernel: Unknown kernel command line parameters "fastboot splash BOOT_IMAGE=/vmlinuz", will be passed to user space.
[    0.055101] lzcbox-60378f6b kernel: random: crng init done
[    0.056921] lzcbox-60378f6b kernel: Dentry cache hash table entries: 2097152 (order: 12, 16777216 bytes, linear)
[    0.057787] lzcbox-60378f6b kernel: Inode-cache hash table entries: 1048576 (order: 11, 8388608 bytes, linear)
[    0.057928] lzcbox-60378f6b kernel: Fallback order for Node 0: 0 
[    0.057933] lzcbox-60378f6b kernel: Built 1 zonelists, mobility grouping on.  Total pages: 4071213
[    0.057934] lzcbox-60378f6b kernel: Policy zone: Normal
[    0.057941] lzcbox-60378f6b kernel: mem auto-init: stack:all(zero), heap alloc:on, heap free:off
[    0.057951] lzcbox-60378f6b kernel: software IO TLB: area num 8.
[    0.079349] lzcbox-60378f6b kernel: Memory: 1841296K/16543992K available (14336K kernel code, 2346K rwdata, 10340K rodata, 3916K init, 18152K bss, 500664K reserved, 0K cma-reserved)
[    0.079599] lzcbox-60378f6b kernel: SLUB: HWalign=64, Order=0-3, MinObjects=0, CPUs=8, Nodes=1
[    0.079631] lzcbox-60378f6b kernel: ftrace: allocating 42192 entries in 165 pages
[    0.088087] lzcbox-60378f6b kernel: ftrace: allocated 165 pages with 4 groups
[    0.088966] lzcbox-60378f6b kernel: Dynamic Preempt: voluntary
[    0.089004] lzcbox-60378f6b kernel: rcu: Preemptible hierarchical RCU implementation.
[    0.089005] lzcbox-60378f6b kernel: rcu:         RCU restricting CPUs from NR_CPUS=8192 to nr_cpu_ids=8.
[    0.089006] lzcbox-60378f6b kernel:         Trampoline variant of Tasks RCU enabled.
[    0.089007] lzcbox-60378f6b kernel:         Rude variant of Tasks RCU enabled.
[    0.089007] lzcbox-60378f6b kernel:         Tracing variant of Tasks RCU enabled.
[    0.089008] lzcbox-60378f6b kernel: rcu: RCU calculated value of scheduler-enlistment delay is 25 jiffies.
[    0.089009] lzcbox-60378f6b kernel: rcu: Adjusting geometry for rcu_fanout_leaf=16, nr_cpu_ids=8
[    0.091947] lzcbox-60378f6b kernel: NR_IRQS: 524544, nr_irqs: 2048, preallocated irqs: 16
[    0.092260] lzcbox-60378f6b kernel: rcu: srcu_init: Setting srcu_struct sizes based on contention.
[    0.092502] lzcbox-60378f6b kernel: Console: colour dummy device 80x25
[    0.092505] lzcbox-60378f6b kernel: printk: console [tty0] enabled
[    0.092545] lzcbox-60378f6b kernel: ACPI: Core revision 20230331
[    0.093012] lzcbox-60378f6b kernel: clocksource: hpet: mask: 0xffffffff max_cycles: 0xffffffff, max_idle_ns: 99544814920 ns
[    0.093131] lzcbox-60378f6b kernel: APIC: Switch to symmetric I/O mode setup
[    0.093133] lzcbox-60378f6b kernel: DMAR: Host address width 39
[    0.093134] lzcbox-60378f6b kernel: DMAR: DRHD base: 0x000000fed90000 flags: 0x0
[    0.093140] lzcbox-60378f6b kernel: DMAR: dmar0: reg_base_addr fed90000 ver 4:0 cap 1c0000c40660462 ecap 29a00f0505e
[    0.093143] lzcbox-60378f6b kernel: DMAR: DRHD base: 0x000000fed91000 flags: 0x1
[    0.093149] lzcbox-60378f6b kernel: DMAR: dmar1: reg_base_addr fed91000 ver 1:0 cap d2008c40660462 ecap f050da
[    0.093152] lzcbox-60378f6b kernel: DMAR: RMRR base: 0x0000007c000000 end: 0x000000803fffff
[    0.093155] lzcbox-60378f6b kernel: DMAR-IR: IOAPIC id 2 under DRHD base  0xfed91000 IOMMU 1
[    0.093156] lzcbox-60378f6b kernel: DMAR-IR: HPET id 0 under DRHD base 0xfed91000
[    0.093158] lzcbox-60378f6b kernel: DMAR-IR: x2apic is disabled because BIOS sets x2apic opt out bit.
[    0.093159] lzcbox-60378f6b kernel: DMAR-IR: Use 'intremap=no_x2apic_optout' to override the BIOS setting.
[    0.095196] lzcbox-60378f6b kernel: DMAR-IR: Enabled IRQ remapping in xapic mode
[    0.095198] lzcbox-60378f6b kernel: x2apic: IRQ remapping doesn't support X2APIC mode
[    0.100637] lzcbox-60378f6b kernel: ..TIMER: vector=0x30 apic1=0 pin1=2 apic2=-1 pin2=-1
[    0.117077] lzcbox-60378f6b kernel: clocksource: tsc-early: mask: 0xffffffffffffffff max_cycles: 0x22df1149949, max_idle_ns: 440795312789 ns
[    0.117086] lzcbox-60378f6b kernel: Calibrating delay loop (skipped), value calculated using timer frequency.. 4838.40 BogoMIPS (lpj=9676800)
[    0.117122] lzcbox-60378f6b kernel: CPU0: Thermal monitoring enabled (TM1)
[    0.117125] lzcbox-60378f6b kernel: x86/cpu: User Mode Instruction Prevention (UMIP) activated
[    0.117289] lzcbox-60378f6b kernel: process: using mwait in idle threads
[    0.117291] lzcbox-60378f6b kernel: CET detected: Indirect Branch Tracking enabled
[    0.117293] lzcbox-60378f6b kernel: Last level iTLB entries: 4KB 0, 2MB 0, 4MB 0
[    0.117295] lzcbox-60378f6b kernel: Last level dTLB entries: 4KB 0, 2MB 0, 4MB 0, 1GB 0
[    0.117299] lzcbox-60378f6b kernel: Spectre V1 : Mitigation: usercopy/swapgs barriers and __user pointer sanitization
[    0.117302] lzcbox-60378f6b kernel: Spectre V2 : Mitigation: Enhanced / Automatic IBRS
[    0.117303] lzcbox-60378f6b kernel: Spectre V2 : Spectre v2 / SpectreRSB mitigation: Filling RSB on context switch
[    0.117304] lzcbox-60378f6b kernel: Spectre V2 : Spectre v2 / PBRSB-eIBRS: Retire a single CALL on VMEXIT
[    0.117306] lzcbox-60378f6b kernel: Spectre V2 : mitigation: Enabling conditional Indirect Branch Prediction Barrier
[    0.117308] lzcbox-60378f6b kernel: Speculative Store Bypass: Mitigation: Speculative Store Bypass disabled via prctl
[    0.117310] lzcbox-60378f6b kernel: GDS: Vulnerable: No microcode
[    0.117319] lzcbox-60378f6b kernel: x86/fpu: Supporting XSAVE feature 0x001: 'x87 floating point registers'
[    0.117320] lzcbox-60378f6b kernel: x86/fpu: Supporting XSAVE feature 0x002: 'SSE registers'
[    0.117321] lzcbox-60378f6b kernel: x86/fpu: Supporting XSAVE feature 0x004: 'AVX registers'
[    0.117322] lzcbox-60378f6b kernel: x86/fpu: Supporting XSAVE feature 0x020: 'AVX-512 opmask'
[    0.117323] lzcbox-60378f6b kernel: x86/fpu: Supporting XSAVE feature 0x040: 'AVX-512 Hi256'
[    0.117324] lzcbox-60378f6b kernel: x86/fpu: Supporting XSAVE feature 0x080: 'AVX-512 ZMM_Hi256'
[    0.117325] lzcbox-60378f6b kernel: x86/fpu: Supporting XSAVE feature 0x200: 'Protection Keys User registers'
[    0.117326] lzcbox-60378f6b kernel: x86/fpu: xstate_offset[2]:  576, xstate_sizes[2]:  256
[    0.117328] lzcbox-60378f6b kernel: x86/fpu: xstate_offset[5]:  832, xstate_sizes[5]:   64
[    0.117329] lzcbox-60378f6b kernel: x86/fpu: xstate_offset[6]:  896, xstate_sizes[6]:  512
[    0.117330] lzcbox-60378f6b kernel: x86/fpu: xstate_offset[7]: 1408, xstate_sizes[7]: 1024
[    0.117331] lzcbox-60378f6b kernel: x86/fpu: xstate_offset[9]: 2432, xstate_sizes[9]:    8
[    0.117333] lzcbox-60378f6b kernel: x86/fpu: Enabled xstate features 0x2e7, context size is 2440 bytes, using 'compacted' format.
[    0.142374] lzcbox-60378f6b kernel: Freeing SMP alternatives memory: 36K
[    0.142378] lzcbox-60378f6b kernel: pid_max: default: 32768 minimum: 301
[    0.145149] lzcbox-60378f6b kernel: LSM: initializing lsm=lockdown,capability,landlock,yama,apparmor,tomoyo,bpf,integrity
[    0.145166] lzcbox-60378f6b kernel: landlock: Up and running.
[    0.145167] lzcbox-60378f6b kernel: Yama: disabled by default; enable with sysctl kernel.yama.*
[    0.145189] lzcbox-60378f6b kernel: AppArmor: AppArmor initialized
[    0.145191] lzcbox-60378f6b kernel: TOMOYO Linux initialized
[    0.145197] lzcbox-60378f6b kernel: LSM support for eBPF active
[    0.145246] lzcbox-60378f6b kernel: Mount-cache hash table entries: 32768 (order: 6, 262144 bytes, linear)
[    0.145277] lzcbox-60378f6b kernel: Mountpoint-cache hash table entries: 32768 (order: 6, 262144 bytes, linear)
[    0.145836] lzcbox-60378f6b kernel: smpboot: CPU0: 11th Gen Intel(R) Core(TM) i5-1135G7 @ 2.40GHz (family: 0x6, model: 0x8c, stepping: 0x1)
[    0.145958] lzcbox-60378f6b kernel: RCU Tasks: Setting shift to 3 and lim to 1 rcu_task_cb_adjust=1.
[    0.145971] lzcbox-60378f6b kernel: RCU Tasks Rude: Setting shift to 3 and lim to 1 rcu_task_cb_adjust=1.
[    0.145986] lzcbox-60378f6b kernel: RCU Tasks Trace: Setting shift to 3 and lim to 1 rcu_task_cb_adjust=1.
[    0.145997] lzcbox-60378f6b kernel: Performance Events: PEBS fmt4+-baseline,  AnyThread deprecated, Icelake events, 32-deep LBR, full-width counters, Intel PMU driver.
[    0.146037] lzcbox-60378f6b kernel: ... version:                5
[    0.146038] lzcbox-60378f6b kernel: ... bit width:              48
[    0.146039] lzcbox-60378f6b kernel: ... generic registers:      8
[    0.146040] lzcbox-60378f6b kernel: ... value mask:             0000ffffffffffff
[    0.146043] lzcbox-60378f6b kernel: ... max period:             00007fffffffffff
[    0.146044] lzcbox-60378f6b kernel: ... fixed-purpose events:   4
[    0.146045] lzcbox-60378f6b kernel: ... event mask:             0001000f000000ff
[    0.146164] lzcbox-60378f6b kernel: signal: max sigframe size: 3632
[    0.146181] lzcbox-60378f6b kernel: Estimated ratio of average max frequency by base frequency (times 1024): 1621
[    0.146203] lzcbox-60378f6b kernel: rcu: Hierarchical SRCU implementation.
[    0.146204] lzcbox-60378f6b kernel: rcu:         Max phase no-delay instances is 1000.
[    0.146937] lzcbox-60378f6b kernel: NMI watchdog: Enabled. Permanently consumes one hw-PMU counter.
[    0.147036] lzcbox-60378f6b kernel: smp: Bringing up secondary CPUs ...
[    0.147148] lzcbox-60378f6b kernel: smpboot: x86: Booting SMP configuration:
[    0.147149] lzcbox-60378f6b kernel: .... node  #0, CPUs:      #1 #2 #3 #4 #5 #6 #7
[    0.149869] lzcbox-60378f6b kernel: smp: Brought up 1 node, 8 CPUs
[    0.149869] lzcbox-60378f6b kernel: smpboot: Max logical packages: 1
[    0.149869] lzcbox-60378f6b kernel: smpboot: Total of 8 processors activated (38707.20 BogoMIPS)
[    0.177125] lzcbox-60378f6b kernel: node 0 deferred pages initialised in 24ms
[    0.181317] lzcbox-60378f6b kernel: devtmpfs: initialized
[    0.181317] lzcbox-60378f6b kernel: x86/mm: Memory block size: 128MB
[    0.182311] lzcbox-60378f6b kernel: ACPI: PM: Registering ACPI NVS region [mem 0x7526b000-0x75323fff] (757760 bytes)
[    0.182311] lzcbox-60378f6b kernel: clocksource: jiffies: mask: 0xffffffff max_cycles: 0xffffffff, max_idle_ns: 7645041785100000 ns
[    0.182311] lzcbox-60378f6b kernel: futex hash table entries: 2048 (order: 5, 131072 bytes, linear)
[    0.182311] lzcbox-60378f6b kernel: pinctrl core: initialized pinctrl subsystem
[    0.182311] lzcbox-60378f6b kernel: NET: Registered PF_NETLINK/PF_ROUTE protocol family
[    0.182311] lzcbox-60378f6b kernel: DMA: preallocated 2048 KiB GFP_KERNEL pool for atomic allocations
[    0.182311] lzcbox-60378f6b kernel: DMA: preallocated 2048 KiB GFP_KERNEL|GFP_DMA pool for atomic allocations
[    0.182423] lzcbox-60378f6b kernel: DMA: preallocated 2048 KiB GFP_KERNEL|GFP_DMA32 pool for atomic allocations
[    0.182444] lzcbox-60378f6b kernel: audit: initializing netlink subsys (disabled)
[    0.182453] lzcbox-60378f6b kernel: audit: type=2000 audit(1763135061.088:1): state=initialized audit_enabled=0 res=1
[    0.182453] lzcbox-60378f6b kernel: thermal_sys: Registered thermal governor 'fair_share'
[    0.182453] lzcbox-60378f6b kernel: thermal_sys: Registered thermal governor 'bang_bang'
[    0.182453] lzcbox-60378f6b kernel: thermal_sys: Registered thermal governor 'step_wise'
[    0.182453] lzcbox-60378f6b kernel: thermal_sys: Registered thermal governor 'user_space'
[    0.182453] lzcbox-60378f6b kernel: thermal_sys: Registered thermal governor 'power_allocator'
[    0.182453] lzcbox-60378f6b kernel: cpuidle: using governor ladder
[    0.182453] lzcbox-60378f6b kernel: cpuidle: using governor menu
[    0.182453] lzcbox-60378f6b kernel: ACPI FADT declares the system doesn't support PCIe ASPM, so disable it
[    0.182453] lzcbox-60378f6b kernel: acpiphp: ACPI Hot Plug PCI Controller Driver version: 0.5
[    0.182453] lzcbox-60378f6b kernel: PCI: MMCONFIG for domain 0000 [bus 00-04] at [mem 0xc0000000-0xc04fffff] (base 0xc0000000)
[    0.182453] lzcbox-60378f6b kernel: PCI: not using MMCONFIG
[    0.182453] lzcbox-60378f6b kernel: PCI: Using configuration type 1 for base access
[    0.182453] lzcbox-60378f6b kernel: ENERGY_PERF_BIAS: Set to 'normal', was 'performance'
[    0.182453] lzcbox-60378f6b kernel: kprobes: kprobe jump-optimization is enabled. All kprobes are optimized if possible.
[    0.182453] lzcbox-60378f6b kernel: HugeTLB: registered 1.00 GiB page size, pre-allocated 0 pages
[    0.182453] lzcbox-60378f6b kernel: HugeTLB: 16380 KiB vmemmap can be freed for a 1.00 GiB page
[    0.182453] lzcbox-60378f6b kernel: HugeTLB: registered 2.00 MiB page size, pre-allocated 0 pages
[    0.182453] lzcbox-60378f6b kernel: HugeTLB: 28 KiB vmemmap can be freed for a 2.00 MiB page
[    0.185186] lzcbox-60378f6b kernel: ACPI: Added _OSI(Module Device)
[    0.185188] lzcbox-60378f6b kernel: ACPI: Added _OSI(Processor Device)
[    0.185190] lzcbox-60378f6b kernel: ACPI: Added _OSI(3.0 _SCP Extensions)
[    0.185191] lzcbox-60378f6b kernel: ACPI: Added _OSI(Processor Aggregator Device)
[    0.261952] lzcbox-60378f6b kernel: ACPI: 9 ACPI AML tables successfully acquired and loaded
[    0.271974] lzcbox-60378f6b kernel: ACPI: Dynamic OEM Table Load:
[    0.271974] lzcbox-60378f6b kernel: ACPI: SSDT 0xFFFF8CF0011D5600 0001CB (v02 PmRef  Cpu0Psd  00003000 INTL 20191018)
[    0.273340] lzcbox-60378f6b kernel: ACPI: \_SB_.PR00: _OSC native thermal LVT Acked
[    0.274895] lzcbox-60378f6b kernel: ACPI: Dynamic OEM Table Load:
[    0.274902] lzcbox-60378f6b kernel: ACPI: SSDT 0xFFFF8CF001169C00 000394 (v02 PmRef  Cpu0Cst  00003001 INTL 20191018)
[    0.275878] lzcbox-60378f6b kernel: ACPI: Dynamic OEM Table Load:
[    0.275884] lzcbox-60378f6b kernel: ACPI: SSDT 0xFFFF8CF000F00000 0005C3 (v02 PmRef  Cpu0Ist  00003000 INTL 20191018)
[    0.276898] lzcbox-60378f6b kernel: ACPI: Dynamic OEM Table Load:
[    0.276902] lzcbox-60378f6b kernel: ACPI: SSDT 0xFFFF8CF001169000 00028B (v02 PmRef  Cpu0Hwp  00003000 INTL 20191018)
[    0.278026] lzcbox-60378f6b kernel: ACPI: Dynamic OEM Table Load:
[    0.278037] lzcbox-60378f6b kernel: ACPI: SSDT 0xFFFF8CF000128000 0008E7 (v02 PmRef  ApIst    00003000 INTL 20191018)
[    0.279113] lzcbox-60378f6b kernel: ACPI: Dynamic OEM Table Load:
[    0.279118] lzcbox-60378f6b kernel: ACPI: SSDT 0xFFFF8CF001196800 00048A (v02 PmRef  ApHwp    00003000 INTL 20191018)
[    0.280110] lzcbox-60378f6b kernel: ACPI: Dynamic OEM Table Load:
[    0.280114] lzcbox-60378f6b kernel: ACPI: SSDT 0xFFFF8CF001192800 0004D4 (v02 PmRef  ApPsd    00003000 INTL 20191018)
[    0.281114] lzcbox-60378f6b kernel: ACPI: Dynamic OEM Table Load:
[    0.281119] lzcbox-60378f6b kernel: ACPI: SSDT 0xFFFF8CF001191800 00048A (v02 PmRef  ApCst    00003000 INTL 20191018)
[    0.286723] lzcbox-60378f6b kernel: ACPI: Interpreter enabled
[    0.286788] lzcbox-60378f6b kernel: ACPI: PM: (supports S0 S3 S4 S5)
[    0.286789] lzcbox-60378f6b kernel: ACPI: Using IOAPIC for interrupt routing
[    0.286849] lzcbox-60378f6b kernel: PCI: MMCONFIG for domain 0000 [bus 00-04] at [mem 0xc0000000-0xc04fffff] (base 0xc0000000)
[    0.288577] lzcbox-60378f6b kernel: PCI: MMCONFIG at [mem 0xc0000000-0xc04fffff] reserved as ACPI motherboard resource
[    0.288586] lzcbox-60378f6b kernel: PCI: Using host bridge windows from ACPI; if necessary, use "pci=nocrs" and report a bug
[    0.288587] lzcbox-60378f6b kernel: PCI: Ignoring E820 reservations for host bridge windows
[    0.289756] lzcbox-60378f6b kernel: ACPI: Enabled 7 GPEs in block 00 to 7F
[    0.297804] lzcbox-60378f6b kernel: ACPI: \_SB_.PC00.RP10.PXSX.WRST: New power resource
[    0.297828] lzcbox-60378f6b kernel: ACPI: \_SB_.PC00.RP10.PXSX.DRST: New power resource
[    0.309867] lzcbox-60378f6b kernel: ACPI: \_SB_.PC00.SAT0.VOL0.V0PR: New power resource
[    0.309991] lzcbox-60378f6b kernel: ACPI: \_SB_.PC00.SAT0.VOL1.V1PR: New power resource
[    0.310102] lzcbox-60378f6b kernel: ACPI: \_SB_.PC00.SAT0.VOL2.V2PR: New power resource
[    0.315705] lzcbox-60378f6b kernel: ACPI: \_SB_.PC00.CNVW.WRST: New power resource
[    0.321628] lzcbox-60378f6b kernel: ACPI: \_TZ_.FN00: New power resource
[    0.321686] lzcbox-60378f6b kernel: ACPI: \_TZ_.FN01: New power resource
[    0.321742] lzcbox-60378f6b kernel: ACPI: \_TZ_.FN02: New power resource
[    0.321801] lzcbox-60378f6b kernel: ACPI: \_TZ_.FN03: New power resource
[    0.321855] lzcbox-60378f6b kernel: ACPI: \_TZ_.FN04: New power resource
[    0.322467] lzcbox-60378f6b kernel: ACPI: \PIN_: New power resource
[    0.322833] lzcbox-60378f6b kernel: ACPI: PCI Root Bridge [PC00] (domain 0000 [bus 00-04])
[    0.322840] lzcbox-60378f6b kernel: acpi PNP0A08:00: _OSC: OS supports [ExtendedConfig ASPM ClockPM Segments MSI HPX-Type3]
[    0.322939] lzcbox-60378f6b kernel: acpi PNP0A08:00: _OSC: platform does not support [PCIeHotplug SHPCHotplug PME]
[    0.323115] lzcbox-60378f6b kernel: acpi PNP0A08:00: _OSC: OS now controls [AER PCIeCapability LTR]
[    0.323116] lzcbox-60378f6b kernel: acpi PNP0A08:00: FADT indicates ASPM is unsupported, using BIOS configuration
[    0.324592] lzcbox-60378f6b kernel: PCI host bridge to bus 0000:00
[    0.324594] lzcbox-60378f6b kernel: pci_bus 0000:00: root bus resource [io  0x0000-0x0cf7 window]
[    0.324596] lzcbox-60378f6b kernel: pci_bus 0000:00: root bus resource [io  0x0d00-0xffff window]
[    0.324598] lzcbox-60378f6b kernel: pci_bus 0000:00: root bus resource [mem 0x000a0000-0x000bffff window]
[    0.324600] lzcbox-60378f6b kernel: pci_bus 0000:00: root bus resource [mem 0x000e0000-0x000fffff window]
[    0.324601] lzcbox-60378f6b kernel: pci_bus 0000:00: root bus resource [mem 0x80400000-0xbfffffff window]
[    0.324603] lzcbox-60378f6b kernel: pci_bus 0000:00: root bus resource [mem 0x4000000000-0x7fffffffff window]
[    0.324604] lzcbox-60378f6b kernel: pci_bus 0000:00: root bus resource [bus 00-04]
[    0.324743] lzcbox-60378f6b kernel: pci 0000:00:00.0: [8086:9a14] type 00 class 0x060000
[    0.324887] lzcbox-60378f6b kernel: pci 0000:00:02.0: [8086:9a49] type 00 class 0x030000
[    0.324898] lzcbox-60378f6b kernel: pci 0000:00:02.0: reg 0x10: [mem 0x60e7000000-0x60e7ffffff 64bit]
[    0.324906] lzcbox-60378f6b kernel: pci 0000:00:02.0: reg 0x18: [mem 0x4000000000-0x400fffffff 64bit pref]
[    0.324911] lzcbox-60378f6b kernel: pci 0000:00:02.0: reg 0x20: [io  0x3000-0x303f]
[    0.324930] lzcbox-60378f6b kernel: pci 0000:00:02.0: DMAR: Skip IOMMU disabling for graphics
[    0.324934] lzcbox-60378f6b kernel: pci 0000:00:02.0: Video device with shadowed ROM at [mem 0x000c0000-0x000dffff]
[    0.324970] lzcbox-60378f6b kernel: pci 0000:00:02.0: reg 0x344: [mem 0x60e0000000-0x60e0ffffff 64bit]
[    0.324971] lzcbox-60378f6b kernel: pci 0000:00:02.0: VF(n) BAR0 space: [mem 0x60e0000000-0x60e6ffffff 64bit] (contains BAR0 for 7 VFs)
[    0.324977] lzcbox-60378f6b kernel: pci 0000:00:02.0: reg 0x34c: [mem 0x6000000000-0x601fffffff 64bit pref]
[    0.324979] lzcbox-60378f6b kernel: pci 0000:00:02.0: VF(n) BAR2 space: [mem 0x6000000000-0x60dfffffff 64bit pref] (contains BAR2 for 7 VFs)
[    0.325159] lzcbox-60378f6b kernel: pci 0000:00:06.0: [8086:9a09] type 01 class 0x060400
[    0.325245] lzcbox-60378f6b kernel: pci 0000:00:06.0: PME# supported from D0 D3hot D3cold
[    0.325273] lzcbox-60378f6b kernel: pci 0000:00:06.0: PTM enabled (root), 4ns granularity
[    0.325766] lzcbox-60378f6b kernel: pci 0000:00:08.0: [8086:9a11] type 00 class 0x088000
[    0.325776] lzcbox-60378f6b kernel: pci 0000:00:08.0: reg 0x10: [mem 0x60e811b000-0x60e811bfff 64bit]
[    0.325926] lzcbox-60378f6b kernel: pci 0000:00:14.0: [8086:a0ed] type 00 class 0x0c0330
[    0.325951] lzcbox-60378f6b kernel: pci 0000:00:14.0: reg 0x10: [mem 0x60e8100000-0x60e810ffff 64bit]
[    0.326051] lzcbox-60378f6b kernel: pci 0000:00:14.0: PME# supported from D3hot D3cold
[    0.327870] lzcbox-60378f6b kernel: pci 0000:00:14.2: [8086:a0ef] type 00 class 0x050000
[    0.327894] lzcbox-60378f6b kernel: pci 0000:00:14.2: reg 0x10: [mem 0x60e8114000-0x60e8117fff 64bit]
[    0.327910] lzcbox-60378f6b kernel: pci 0000:00:14.2: reg 0x18: [mem 0x60e811a000-0x60e811afff 64bit]
[    0.328054] lzcbox-60378f6b kernel: pci 0000:00:16.0: [8086:a0e0] type 00 class 0x078000
[    0.328081] lzcbox-60378f6b kernel: pci 0000:00:16.0: reg 0x10: [mem 0x60e8119000-0x60e8119fff 64bit]
[    0.328180] lzcbox-60378f6b kernel: pci 0000:00:16.0: PME# supported from D3hot
[    0.328599] lzcbox-60378f6b kernel: pci 0000:00:17.0: [8086:a0d3] type 00 class 0x010601
[    0.328619] lzcbox-60378f6b kernel: pci 0000:00:17.0: reg 0x10: [mem 0x80a00000-0x80a01fff]
[    0.328630] lzcbox-60378f6b kernel: pci 0000:00:17.0: reg 0x14: [mem 0x80a03000-0x80a030ff]
[    0.328640] lzcbox-60378f6b kernel: pci 0000:00:17.0: reg 0x18: [io  0x3090-0x3097]
[    0.328651] lzcbox-60378f6b kernel: pci 0000:00:17.0: reg 0x1c: [io  0x3080-0x3083]
[    0.328662] lzcbox-60378f6b kernel: pci 0000:00:17.0: reg 0x20: [io  0x3060-0x307f]
[    0.328673] lzcbox-60378f6b kernel: pci 0000:00:17.0: reg 0x24: [mem 0x80a02000-0x80a027ff]
[    0.328730] lzcbox-60378f6b kernel: pci 0000:00:17.0: PME# supported from D3hot
[    0.329052] lzcbox-60378f6b kernel: pci 0000:00:1c.0: [8086:a0bc] type 01 class 0x060400
[    0.329175] lzcbox-60378f6b kernel: pci 0000:00:1c.0: PME# supported from D0 D3hot D3cold
[    0.329214] lzcbox-60378f6b kernel: pci 0000:00:1c.0: PTM enabled (root), 4ns granularity
[    0.329842] lzcbox-60378f6b kernel: pci 0000:00:1c.5: [8086:a0bd] type 01 class 0x060400
[    0.329962] lzcbox-60378f6b kernel: pci 0000:00:1c.5: PME# supported from D0 D3hot D3cold
[    0.329998] lzcbox-60378f6b kernel: pci 0000:00:1c.5: PTM enabled (root), 4ns granularity
[    0.330596] lzcbox-60378f6b kernel: pci 0000:00:1d.0: [8086:a0b1] type 01 class 0x060400
[    0.330720] lzcbox-60378f6b kernel: pci 0000:00:1d.0: PME# supported from D0 D3hot D3cold
[    0.330765] lzcbox-60378f6b kernel: pci 0000:00:1d.0: PTM enabled (root), 4ns granularity
[    0.331379] lzcbox-60378f6b kernel: pci 0000:00:1f.0: [8086:a082] type 00 class 0x060100
[    0.331734] lzcbox-60378f6b kernel: pci 0000:00:1f.3: [8086:a0c8] type 00 class 0x040300
[    0.331777] lzcbox-60378f6b kernel: pci 0000:00:1f.3: reg 0x10: [mem 0x60e8110000-0x60e8113fff 64bit]
[    0.331833] lzcbox-60378f6b kernel: pci 0000:00:1f.3: reg 0x20: [mem 0x60e8000000-0x60e80fffff 64bit]
[    0.331941] lzcbox-60378f6b kernel: pci 0000:00:1f.3: PME# supported from D3hot D3cold
[    0.332369] lzcbox-60378f6b kernel: pci 0000:00:1f.4: [8086:a0a3] type 00 class 0x0c0500
[    0.332397] lzcbox-60378f6b kernel: pci 0000:00:1f.4: reg 0x10: [mem 0x60e8118000-0x60e81180ff 64bit]
[    0.332432] lzcbox-60378f6b kernel: pci 0000:00:1f.4: reg 0x20: [io  0xefa0-0xefbf]
[    0.332680] lzcbox-60378f6b kernel: pci 0000:00:1f.5: [8086:a0a4] type 00 class 0x0c8000
[    0.332701] lzcbox-60378f6b kernel: pci 0000:00:1f.5: reg 0x10: [mem 0xfe010000-0xfe010fff]
[    0.332870] lzcbox-60378f6b kernel: pci 0000:01:00.0: [025e:f1ab] type 00 class 0x010802
[    0.332886] lzcbox-60378f6b kernel: pci 0000:01:00.0: reg 0x10: [mem 0x80900000-0x80903fff 64bit]
[    0.333136] lzcbox-60378f6b kernel: pci 0000:00:06.0: PCI bridge to [bus 01]
[    0.333141] lzcbox-60378f6b kernel: pci 0000:00:06.0:   bridge window [mem 0x80900000-0x809fffff]
[    0.333238] lzcbox-60378f6b kernel: pci 0000:02:00.0: [8086:125c] type 00 class 0x020000
[    0.333262] lzcbox-60378f6b kernel: pci 0000:02:00.0: reg 0x10: [mem 0x80500000-0x805fffff]
[    0.333291] lzcbox-60378f6b kernel: pci 0000:02:00.0: reg 0x1c: [mem 0x80600000-0x80603fff]
[    0.333319] lzcbox-60378f6b kernel: pci 0000:02:00.0: reg 0x30: [mem 0x80400000-0x804fffff pref]
[    0.333437] lzcbox-60378f6b kernel: pci 0000:02:00.0: PME# supported from D0 D3hot D3cold
[    0.333664] lzcbox-60378f6b kernel: pci 0000:00:1c.0: PCI bridge to [bus 02]
[    0.333670] lzcbox-60378f6b kernel: pci 0000:00:1c.0:   bridge window [mem 0x80400000-0x806fffff]
[    0.333747] lzcbox-60378f6b kernel: pci 0000:03:00.0: [1106:3483] type 00 class 0x0c0330
[    0.333782] lzcbox-60378f6b kernel: pci 0000:03:00.0: reg 0x10: [mem 0x80800000-0x80800fff 64bit]
[    0.333930] lzcbox-60378f6b kernel: pci 0000:03:00.0: PME# supported from D0 D3cold
[    0.333984] lzcbox-60378f6b kernel: pci 0000:03:00.0: 2.000 Gb/s available PCIe bandwidth, limited by 2.5 GT/s PCIe x1 link at 0000:00:1c.5 (capable of 4.000 Gb/s with 5.0 GT/s PCIe x1 link)
[    0.334053] lzcbox-60378f6b kernel: pci 0000:00:1c.5: PCI bridge to [bus 03]
[    0.334059] lzcbox-60378f6b kernel: pci 0000:00:1c.5:   bridge window [mem 0x80800000-0x808fffff]
[    0.334146] lzcbox-60378f6b kernel: pci 0000:04:00.0: [8086:2725] type 00 class 0x028000
[    0.334183] lzcbox-60378f6b kernel: pci 0000:04:00.0: reg 0x10: [mem 0x80700000-0x80703fff 64bit]
[    0.334344] lzcbox-60378f6b kernel: pci 0000:04:00.0: PME# supported from D0 D3hot D3cold
[    0.335096] lzcbox-60378f6b kernel: pci 0000:00:1d.0: PCI bridge to [bus 04]
[    0.335102] lzcbox-60378f6b kernel: pci 0000:00:1d.0:   bridge window [mem 0x80700000-0x807fffff]
[    0.336567] lzcbox-60378f6b kernel: ACPI: PCI: Interrupt link LNKA configured for IRQ 0
[    0.336679] lzcbox-60378f6b kernel: ACPI: PCI: Interrupt link LNKB configured for IRQ 1
[    0.336789] lzcbox-60378f6b kernel: ACPI: PCI: Interrupt link LNKC configured for IRQ 0
[    0.336898] lzcbox-60378f6b kernel: ACPI: PCI: Interrupt link LNKD configured for IRQ 0
[    0.337006] lzcbox-60378f6b kernel: ACPI: PCI: Interrupt link LNKE configured for IRQ 0
[    0.337118] lzcbox-60378f6b kernel: ACPI: PCI: Interrupt link LNKF configured for IRQ 0
[    0.337228] lzcbox-60378f6b kernel: ACPI: PCI: Interrupt link LNKG configured for IRQ 0
[    0.337337] lzcbox-60378f6b kernel: ACPI: PCI: Interrupt link LNKH configured for IRQ 0
[    0.345426] lzcbox-60378f6b kernel: iommu: Default domain type: Translated
[    0.345426] lzcbox-60378f6b kernel: iommu: DMA domain TLB invalidation policy: lazy mode
[    0.345426] lzcbox-60378f6b kernel: pps_core: LinuxPPS API ver. 1 registered
[    0.345426] lzcbox-60378f6b kernel: pps_core: Software ver. 5.3.6 - Copyright 2005-2007 Rodolfo Giometti <giometti@linux.it>
[    0.345426] lzcbox-60378f6b kernel: PTP clock support registered
[    0.345426] lzcbox-60378f6b kernel: EDAC MC: Ver: 3.0.0
[    0.345426] lzcbox-60378f6b kernel: efivars: Registered efivars operations
[    0.345426] lzcbox-60378f6b kernel: NetLabel: Initializing
[    0.345426] lzcbox-60378f6b kernel: NetLabel:  domain hash size = 128
[    0.345426] lzcbox-60378f6b kernel: NetLabel:  protocols = UNLABELED CIPSOv4 CALIPSO
[    0.345426] lzcbox-60378f6b kernel: NetLabel:  unlabeled traffic allowed by default
[    0.345426] lzcbox-60378f6b kernel: PCI: Using ACPI for IRQ routing
[    0.345426] lzcbox-60378f6b kernel: PCI: pci_cache_line_size set to 64 bytes
[    0.345426] lzcbox-60378f6b kernel: pci 0000:00:1f.5: can't claim BAR 0 [mem 0xfe010000-0xfe010fff]: no compatible bridge window
[    0.345426] lzcbox-60378f6b kernel: e820: reserve RAM buffer [mem 0x0009f000-0x0009ffff]
[    0.345426] lzcbox-60378f6b kernel: e820: reserve RAM buffer [mem 0x70a85000-0x73ffffff]
[    0.345427] lzcbox-60378f6b kernel: e820: reserve RAM buffer [mem 0x7209f000-0x73ffffff]
[    0.345428] lzcbox-60378f6b kernel: e820: reserve RAM buffer [mem 0x75c00000-0x77ffffff]
[    0.345429] lzcbox-60378f6b kernel: e820: reserve RAM buffer [mem 0x47fc00000-0x47fffffff]
[    0.345466] lzcbox-60378f6b kernel: pci 0000:00:02.0: vgaarb: setting as boot VGA device
[    0.345466] lzcbox-60378f6b kernel: pci 0000:00:02.0: vgaarb: bridge control possible
[    0.345466] lzcbox-60378f6b kernel: pci 0000:00:02.0: vgaarb: VGA device added: decodes=io+mem,owns=io+mem,locks=none
[    0.345466] lzcbox-60378f6b kernel: vgaarb: loaded
[    0.345466] lzcbox-60378f6b kernel: hpet0: at MMIO 0xfed00000, IRQs 2, 8, 0, 0, 0, 0, 0, 0
[    0.345466] lzcbox-60378f6b kernel: hpet0: 8 comparators, 64-bit 19.200000 MHz counter
[    0.347248] lzcbox-60378f6b kernel: clocksource: Switched to clocksource tsc-early
[    0.347458] lzcbox-60378f6b kernel: VFS: Disk quotas dquot_6.6.0
[    0.347474] lzcbox-60378f6b kernel: VFS: Dquot-cache hash table entries: 512 (order 0, 4096 bytes)
[    0.347642] lzcbox-60378f6b kernel: AppArmor: AppArmor Filesystem Enabled
[    0.347660] lzcbox-60378f6b kernel: pnp: PnP ACPI init
[    0.347944] lzcbox-60378f6b kernel: system 00:00: [io  0x0a00-0x0a0f] has been reserved
[    0.347944] lzcbox-60378f6b kernel: system 00:00: [io  0x0a10-0x0a1f] has been reserved
[    0.347944] lzcbox-60378f6b kernel: system 00:00: [io  0x0a20-0x0a2f] has been reserved
[    0.347944] lzcbox-60378f6b kernel: system 00:00: [io  0x0a30-0x0a3f] has been reserved
[    0.347944] lzcbox-60378f6b kernel: system 00:01: [io  0x0680-0x069f] has been reserved
[    0.347944] lzcbox-60378f6b kernel: system 00:01: [io  0x164e-0x164f] has been reserved
[    0.347944] lzcbox-60378f6b kernel: system 00:02: [io  0x1854-0x1857] has been reserved
[    0.347944] lzcbox-60378f6b kernel: system 00:03: [mem 0xfedc0000-0xfedc7fff] has been reserved
[    0.347944] lzcbox-60378f6b kernel: system 00:03: [mem 0xfeda0000-0xfeda0fff] has been reserved
[    0.347944] lzcbox-60378f6b kernel: system 00:03: [mem 0xfeda1000-0xfeda1fff] has been reserved
[    0.347944] lzcbox-60378f6b kernel: system 00:03: [mem 0xc0000000-0xcfffffff] has been reserved
[    0.347944] lzcbox-60378f6b kernel: system 00:03: [mem 0xfed20000-0xfed7ffff] could not be reserved
[    0.347944] lzcbox-60378f6b kernel: system 00:03: [mem 0xfed90000-0xfed93fff] could not be reserved
[    0.347944] lzcbox-60378f6b kernel: system 00:03: [mem 0xfed45000-0xfed8ffff] could not be reserved
[    0.347944] lzcbox-60378f6b kernel: system 00:03: [mem 0xfee00000-0xfeefffff] could not be reserved
[    0.348929] lzcbox-60378f6b kernel: system 00:04: [io  0x1800-0x18fe] could not be reserved
[    0.348933] lzcbox-60378f6b kernel: system 00:04: [mem 0xfe000000-0xfe01ffff] could not be reserved
[    0.348937] lzcbox-60378f6b kernel: system 00:04: [mem 0xfe04c000-0xfe04ffff] has been reserved
[    0.348940] lzcbox-60378f6b kernel: system 00:04: [mem 0xfe050000-0xfe0affff] has been reserved
[    0.348943] lzcbox-60378f6b kernel: system 00:04: [mem 0xfe0d0000-0xfe0fffff] has been reserved
[    0.348945] lzcbox-60378f6b kernel: system 00:04: [mem 0xfe200000-0xfe7fffff] has been reserved
[    0.348948] lzcbox-60378f6b kernel: system 00:04: [mem 0xff000000-0xffffffff] has been reserved
[    0.348951] lzcbox-60378f6b kernel: system 00:04: [mem 0xfd000000-0xfd68ffff] has been reserved
[    0.348954] lzcbox-60378f6b kernel: system 00:04: [mem 0xfd6b0000-0xfd6cffff] has been reserved
[    0.348957] lzcbox-60378f6b kernel: system 00:04: [mem 0xfd6f0000-0xfdffffff] has been reserved
[    0.349415] lzcbox-60378f6b kernel: system 00:05: [io  0x2000-0x20fe] has been reserved
[    0.349733] lzcbox-60378f6b kernel: system 00:06: [mem 0xfd6e0000-0xfd6effff] has been reserved
[    0.349736] lzcbox-60378f6b kernel: system 00:06: [mem 0xfd6d0000-0xfd6dffff] has been reserved
[    0.349739] lzcbox-60378f6b kernel: system 00:06: [mem 0xfd6a0000-0xfd6affff] has been reserved
[    0.349742] lzcbox-60378f6b kernel: system 00:06: [mem 0xfd690000-0xfd69ffff] has been reserved
[    0.349786] lzcbox-60378f6b kernel: pnp: PnP ACPI: found 8 devices
[    0.356505] lzcbox-60378f6b kernel: clocksource: acpi_pm: mask: 0xffffff max_cycles: 0xffffff, max_idle_ns: 2085701024 ns
[    0.356569] lzcbox-60378f6b kernel: NET: Registered PF_INET protocol family
[    0.356818] lzcbox-60378f6b kernel: IP idents hash table entries: 262144 (order: 9, 2097152 bytes, linear)
[    0.360029] lzcbox-60378f6b kernel: tcp_listen_portaddr_hash hash table entries: 8192 (order: 5, 131072 bytes, linear)
[    0.360075] lzcbox-60378f6b kernel: Table-perturb hash table entries: 65536 (order: 6, 262144 bytes, linear)
[    0.360206] lzcbox-60378f6b kernel: TCP established hash table entries: 131072 (order: 8, 1048576 bytes, linear)
[    0.360546] lzcbox-60378f6b kernel: TCP bind hash table entries: 65536 (order: 9, 2097152 bytes, linear)
[    0.360829] lzcbox-60378f6b kernel: TCP: Hash tables configured (established 131072 bind 65536)
[    0.360946] lzcbox-60378f6b kernel: MPTCP token hash table entries: 16384 (order: 6, 393216 bytes, linear)
[    0.361002] lzcbox-60378f6b kernel: UDP hash table entries: 8192 (order: 6, 262144 bytes, linear)
[    0.361052] lzcbox-60378f6b kernel: UDP-Lite hash table entries: 8192 (order: 6, 262144 bytes, linear)
[    0.361113] lzcbox-60378f6b kernel: NET: Registered PF_UNIX/PF_LOCAL protocol family
[    0.361120] lzcbox-60378f6b kernel: NET: Registered PF_XDP protocol family
[    0.361134] lzcbox-60378f6b kernel: pci 0000:00:1f.5: BAR 0: assigned [mem 0x80a04000-0x80a04fff]
[    0.361152] lzcbox-60378f6b kernel: pci 0000:00:06.0: PCI bridge to [bus 01]
[    0.361156] lzcbox-60378f6b kernel: pci 0000:00:06.0:   bridge window [mem 0x80900000-0x809fffff]
[    0.361162] lzcbox-60378f6b kernel: pci 0000:00:1c.0: PCI bridge to [bus 02]
[    0.361168] lzcbox-60378f6b kernel: pci 0000:00:1c.0:   bridge window [mem 0x80400000-0x806fffff]
[    0.361176] lzcbox-60378f6b kernel: pci 0000:00:1c.5: PCI bridge to [bus 03]
[    0.361181] lzcbox-60378f6b kernel: pci 0000:00:1c.5:   bridge window [mem 0x80800000-0x808fffff]
[    0.361189] lzcbox-60378f6b kernel: pci 0000:00:1d.0: PCI bridge to [bus 04]
[    0.361193] lzcbox-60378f6b kernel: pci 0000:00:1d.0:   bridge window [mem 0x80700000-0x807fffff]
[    0.361202] lzcbox-60378f6b kernel: pci_bus 0000:00: resource 4 [io  0x0000-0x0cf7 window]
[    0.361204] lzcbox-60378f6b kernel: pci_bus 0000:00: resource 5 [io  0x0d00-0xffff window]
[    0.361205] lzcbox-60378f6b kernel: pci_bus 0000:00: resource 6 [mem 0x000a0000-0x000bffff window]
[    0.361206] lzcbox-60378f6b kernel: pci_bus 0000:00: resource 7 [mem 0x000e0000-0x000fffff window]
[    0.361208] lzcbox-60378f6b kernel: pci_bus 0000:00: resource 8 [mem 0x80400000-0xbfffffff window]
[    0.361209] lzcbox-60378f6b kernel: pci_bus 0000:00: resource 9 [mem 0x4000000000-0x7fffffffff window]
[    0.361210] lzcbox-60378f6b kernel: pci_bus 0000:01: resource 1 [mem 0x80900000-0x809fffff]
[    0.361212] lzcbox-60378f6b kernel: pci_bus 0000:02: resource 1 [mem 0x80400000-0x806fffff]
[    0.361213] lzcbox-60378f6b kernel: pci_bus 0000:03: resource 1 [mem 0x80800000-0x808fffff]
[    0.361214] lzcbox-60378f6b kernel: pci_bus 0000:04: resource 1 [mem 0x80700000-0x807fffff]
[    0.361984] lzcbox-60378f6b kernel: PCI: CLS 64 bytes, default 64
[    0.362005] lzcbox-60378f6b kernel: PCI-DMA: Using software bounce buffering for IO (SWIOTLB)
[    0.362006] lzcbox-60378f6b kernel: software IO TLB: mapped [mem 0x0000000068b1c000-0x000000006cb1c000] (64MB)
[    0.362054] lzcbox-60378f6b kernel: clocksource: tsc: mask: 0xffffffffffffffff max_cycles: 0x22df1149949, max_idle_ns: 440795312789 ns
[    0.362069] lzcbox-60378f6b kernel: Trying to unpack rootfs image as initramfs...
[    0.362108] lzcbox-60378f6b kernel: clocksource: Switched to clocksource tsc
[    0.362145] lzcbox-60378f6b kernel: platform rtc_cmos: registered platform RTC device (no PNP device found)
[    0.362632] lzcbox-60378f6b kernel: Initialise system trusted keyrings
[    0.362642] lzcbox-60378f6b kernel: Key type blacklist registered
[    0.362714] lzcbox-60378f6b kernel: workingset: timestamp_bits=36 max_order=22 bucket_order=0
[    0.362733] lzcbox-60378f6b kernel: zbud: loaded
[    0.362939] lzcbox-60378f6b kernel: integrity: Platform Keyring initialized
[    0.362946] lzcbox-60378f6b kernel: integrity: Machine keyring initialized
[    0.362947] lzcbox-60378f6b kernel: Key type asymmetric registered
[    0.362949] lzcbox-60378f6b kernel: Asymmetric key parser 'x509' registered
[    0.451824] lzcbox-60378f6b kernel: Freeing initrd memory: 10496K
[    0.548190] lzcbox-60378f6b kernel: Block layer SCSI generic (bsg) driver version 0.4 loaded (major 247)
[    0.548250] lzcbox-60378f6b kernel: io scheduler mq-deadline registered
[    0.549435] lzcbox-60378f6b kernel: pcieport 0000:00:06.0: AER: enabled with IRQ 122
[    0.549477] lzcbox-60378f6b kernel: pcieport 0000:00:06.0: DPC: enabled with IRQ 122
[    0.549478] lzcbox-60378f6b kernel: pcieport 0000:00:06.0: DPC: error containment capabilities: Int Msg #0, RPExt+ PoisonedTLP+ SwTrigger+ RP PIO Log 4, DL_ActiveErr+
[    0.549801] lzcbox-60378f6b kernel: pcieport 0000:00:1c.0: AER: enabled with IRQ 123
[    0.549842] lzcbox-60378f6b kernel: pcieport 0000:00:1c.0: DPC: enabled with IRQ 123
[    0.549844] lzcbox-60378f6b kernel: pcieport 0000:00:1c.0: DPC: error containment capabilities: Int Msg #0, RPExt+ PoisonedTLP+ SwTrigger+ RP PIO Log 4, DL_ActiveErr+
[    0.550034] lzcbox-60378f6b kernel: pcieport 0000:00:1c.5: AER: enabled with IRQ 124
[    0.550072] lzcbox-60378f6b kernel: pcieport 0000:00:1c.5: DPC: enabled with IRQ 124
[    0.550074] lzcbox-60378f6b kernel: pcieport 0000:00:1c.5: DPC: error containment capabilities: Int Msg #0, RPExt+ PoisonedTLP+ SwTrigger+ RP PIO Log 4, DL_ActiveErr+
[    0.550395] lzcbox-60378f6b kernel: pcieport 0000:00:1d.0: AER: enabled with IRQ 125
[    0.550439] lzcbox-60378f6b kernel: pcieport 0000:00:1d.0: DPC: enabled with IRQ 125
[    0.550440] lzcbox-60378f6b kernel: pcieport 0000:00:1d.0: DPC: error containment capabilities: Int Msg #0, RPExt+ PoisonedTLP+ SwTrigger+ RP PIO Log 4, DL_ActiveErr+
[    0.550544] lzcbox-60378f6b kernel: shpchp: Standard Hot Plug PCI Controller Driver version: 0.4
[    0.550743] lzcbox-60378f6b kernel: Monitor-Mwait will be used to enter C-1 state
[    0.550747] lzcbox-60378f6b kernel: Monitor-Mwait will be used to enter C-2 state
[    0.550751] lzcbox-60378f6b kernel: Monitor-Mwait will be used to enter C-3 state
[    0.550753] lzcbox-60378f6b kernel: ACPI: \_SB_.PR00: Found 3 idle states
[    0.552508] lzcbox-60378f6b kernel: thermal LNXTHERM:00: registered as thermal_zone0
[    0.552509] lzcbox-60378f6b kernel: ACPI: thermal: Thermal Zone [TZ00] (28 C)
[    0.552632] lzcbox-60378f6b kernel: Serial: 8250/16550 driver, 4 ports, IRQ sharing enabled
[    0.553413] lzcbox-60378f6b kernel: serial8250: ttyS0 at I/O 0x3f8 (irq = 4, base_baud = 115200) is a 16550A
[    0.554177] lzcbox-60378f6b kernel: Linux agpgart interface v0.103
[    0.561575] lzcbox-60378f6b kernel: AMD-Vi: AMD IOMMUv2 functionality not available on this system - This is not a bug.
[    0.562181] lzcbox-60378f6b kernel: i8042: PNP: No PS/2 controller found.
[    0.562318] lzcbox-60378f6b kernel: mousedev: PS/2 mouse device common for all mice
[    0.562342] lzcbox-60378f6b kernel: rtc_cmos rtc_cmos: RTC can wake from S4
[    0.563228] lzcbox-60378f6b kernel: rtc_cmos rtc_cmos: registered as rtc0
[    0.563410] lzcbox-60378f6b kernel: rtc_cmos rtc_cmos: setting system clock to 2025-11-14T15:44:22 UTC (1763135062)
[    0.563439] lzcbox-60378f6b kernel: rtc_cmos rtc_cmos: alarms up to one month, y3k, 114 bytes nvram
[    0.563740] lzcbox-60378f6b kernel: intel_pstate: Intel P-state driver initializing
[    0.564202] lzcbox-60378f6b kernel: intel_pstate: HWP enabled
[    0.564229] lzcbox-60378f6b kernel: ledtrig-cpu: registered to indicate activity on CPUs
[    0.576491] lzcbox-60378f6b kernel: NET: Registered PF_INET6 protocol family
[    0.578384] lzcbox-60378f6b kernel: Segment Routing with IPv6
[    0.578392] lzcbox-60378f6b kernel: In-situ OAM (IOAM) with IPv6
[    0.578412] lzcbox-60378f6b kernel: mip6: Mobile IPv6
[    0.578416] lzcbox-60378f6b kernel: NET: Registered PF_PACKET protocol family
[    0.578530] lzcbox-60378f6b kernel: mpls_gso: MPLS GSO support
[    0.579401] lzcbox-60378f6b kernel: microcode: Microcode Update Driver: v2.2.
[    0.579441] lzcbox-60378f6b kernel: resctrl: L2 allocation detected
[    0.579444] lzcbox-60378f6b kernel: IPI shorthand broadcast: enabled
[    0.580011] lzcbox-60378f6b kernel: sched_clock: Marking stable (578799012, 635835)->(590622089, -11187242)
[    0.580120] lzcbox-60378f6b kernel: registered taskstats version 1
[    0.580156] lzcbox-60378f6b kernel: Loading compiled-in X.509 certificates
[    0.591672] lzcbox-60378f6b kernel: Loaded X.509 cert 'Debian Secure Boot CA: 6ccece7e4c6c0d1f6149f3dd27dfcc5cbb419ea1'
[    0.591685] lzcbox-60378f6b kernel: Loaded X.509 cert 'Debian Secure Boot Signer 2022 - linux: 14011249c2675ea8e5148542202005810584b25f'
[    0.592567] lzcbox-60378f6b kernel: Key type .fscrypt registered
[    0.592568] lzcbox-60378f6b kernel: Key type fscrypt-provisioning registered
[    0.594434] lzcbox-60378f6b kernel: Key type encrypted registered
[    0.594438] lzcbox-60378f6b kernel: AppArmor: AppArmor sha1 policy hashing enabled
[    0.594656] lzcbox-60378f6b kernel: integrity: Loading X.509 certificate: UEFI:db
[    0.594675] lzcbox-60378f6b kernel: integrity: Loaded X.509 cert 'Microsoft Corporation UEFI CA 2011: 13adbf4309bd82709c8cd54f316ed522988a1bd4'
[    0.594676] lzcbox-60378f6b kernel: integrity: Loading X.509 certificate: UEFI:db
[    0.594688] lzcbox-60378f6b kernel: integrity: Loaded X.509 cert 'Microsoft Windows Production PCA 2011: a92902398e16c49778cd90f99e4f9ae17c55af53'
[    0.595283] lzcbox-60378f6b kernel: ima: Allocated hash algorithm: sha256
[    0.612234] lzcbox-60378f6b kernel: ima: No architecture policies found
[    0.612249] lzcbox-60378f6b kernel: evm: Initialising EVM extended attributes:
[    0.612250] lzcbox-60378f6b kernel: evm: security.selinux
[    0.612252] lzcbox-60378f6b kernel: evm: security.SMACK64 (disabled)
[    0.612253] lzcbox-60378f6b kernel: evm: security.SMACK64EXEC (disabled)
[    0.612254] lzcbox-60378f6b kernel: evm: security.SMACK64TRANSMUTE (disabled)
[    0.612255] lzcbox-60378f6b kernel: evm: security.SMACK64MMAP (disabled)
[    0.612255] lzcbox-60378f6b kernel: evm: security.apparmor
[    0.612256] lzcbox-60378f6b kernel: evm: security.ima
[    0.612257] lzcbox-60378f6b kernel: evm: security.capability
[    0.612258] lzcbox-60378f6b kernel: evm: HMAC attrs: 0x1
[    0.686071] lzcbox-60378f6b kernel: RAS: Correctable Errors collector initialized.
[    0.686102] lzcbox-60378f6b kernel: clk: Disabling unused clocks
[    0.689526] lzcbox-60378f6b kernel: Freeing unused decrypted memory: 2036K
[    0.690146] lzcbox-60378f6b kernel: Freeing unused kernel image (initmem) memory: 3916K
[    0.700846] lzcbox-60378f6b kernel: Write protecting the kernel read-only data: 26624k
[    0.701480] lzcbox-60378f6b kernel: Freeing unused kernel image (rodata/data gap) memory: 1948K
[    0.710113] lzcbox-60378f6b kernel: x86/mm: Checked W+X mappings: passed, no W+X pages found.
[    0.710119] lzcbox-60378f6b kernel: Run /init as init process
[    0.710120] lzcbox-60378f6b kernel:   with arguments:
[    0.710121] lzcbox-60378f6b kernel:     /init
[    0.710122] lzcbox-60378f6b kernel:     fastboot
[    0.710123] lzcbox-60378f6b kernel:     splash
[    0.710124] lzcbox-60378f6b kernel:   with environment:
[    0.710125] lzcbox-60378f6b kernel:     HOME=/
[    0.710125] lzcbox-60378f6b kernel:     TERM=linux
[    0.710126] lzcbox-60378f6b kernel:     BOOT_IMAGE=/vmlinuz
[    0.783827] lzcbox-60378f6b kernel: virtio_ring: module verification failed: signature and/or required key missing - tainting kernel
[    0.788911] lzcbox-60378f6b kernel: 9pnet: Installing 9P2000 support
[    0.793418] lzcbox-60378f6b kernel: SCSI subsystem initialized
[    0.800142] lzcbox-60378f6b kernel: libata version 3.00 loaded.
[    0.801055] lzcbox-60378f6b kernel: ahci 0000:00:17.0: version 3.0
[    0.801334] lzcbox-60378f6b kernel: ahci 0000:00:17.0: AHCI 0001.0301 32 slots 2 ports 6 Gbps 0x3 impl SATA mode
[    0.801338] lzcbox-60378f6b kernel: ahci 0000:00:17.0: flags: 64bit ncq sntf pm clo only pio slum part deso sadm sds 
[    0.801584] lzcbox-60378f6b kernel: scsi host0: ahci
[    0.801688] lzcbox-60378f6b kernel: scsi host1: ahci
[    0.801728] lzcbox-60378f6b kernel: ata1: SATA max UDMA/133 abar m2048@0x80a02000 port 0x80a02100 irq 126
[    0.801730] lzcbox-60378f6b kernel: ata2: SATA max UDMA/133 abar m2048@0x80a02000 port 0x80a02180 irq 126
[    1.117012] lzcbox-60378f6b kernel: ata2: SATA link up 6.0 Gbps (SStatus 133 SControl 300)
[    1.117038] lzcbox-60378f6b kernel: ata1: SATA link up 6.0 Gbps (SStatus 133 SControl 300)
[    1.117580] lzcbox-60378f6b kernel: ata1.00: ATA-10: WDC WD10SPZX-22Z10T1, 04.01A04, max UDMA/133
[    1.117650] lzcbox-60378f6b kernel: ata2.00: ATA-10: WDC WD10SPZX-22Z10T1, 04.01A04, max UDMA/133
[    1.118934] lzcbox-60378f6b kernel: ata1.00: 1953525168 sectors, multi 16: LBA48 NCQ (depth 32), AA
[    1.118940] lzcbox-60378f6b kernel: ata1.00: Features: NCQ-prio
[    1.119006] lzcbox-60378f6b kernel: ata2.00: 1953525168 sectors, multi 16: LBA48 NCQ (depth 32), AA
[    1.119012] lzcbox-60378f6b kernel: ata2.00: Features: NCQ-prio
[    1.120450] lzcbox-60378f6b kernel: ata1.00: configured for UDMA/133
[    1.120681] lzcbox-60378f6b kernel: scsi 0:0:0:0: Direct-Access     ATA      WDC WD10SPZX-22Z 1A04 PQ: 0 ANSI: 5
[    1.120952] lzcbox-60378f6b kernel: ata2.00: configured for UDMA/133
[    1.121044] lzcbox-60378f6b kernel: scsi 1:0:0:0: Direct-Access     ATA      WDC WD10SPZX-22Z 1A04 PQ: 0 ANSI: 5
[    1.133412] lzcbox-60378f6b kernel: ACPI: bus type USB registered
[    1.133436] lzcbox-60378f6b kernel: usbcore: registered new interface driver usbfs
[    1.133446] lzcbox-60378f6b kernel: usbcore: registered new interface driver hub
[    1.133457] lzcbox-60378f6b kernel: usbcore: registered new device driver usb
[    1.141292] lzcbox-60378f6b kernel: xhci_hcd 0000:00:14.0: xHCI Host Controller
[    1.141297] lzcbox-60378f6b kernel: xhci_hcd 0000:00:14.0: new USB bus registered, assigned bus number 1
[    1.142385] lzcbox-60378f6b kernel: xhci_hcd 0000:00:14.0: hcc params 0x20007fc1 hci version 0x120 quirks 0x0000000200009810
[    1.142621] lzcbox-60378f6b kernel: xhci_hcd 0000:00:14.0: xHCI Host Controller
[    1.142623] lzcbox-60378f6b kernel: xhci_hcd 0000:00:14.0: new USB bus registered, assigned bus number 2
[    1.142624] lzcbox-60378f6b kernel: xhci_hcd 0000:00:14.0: Host supports USB 3.1 Enhanced SuperSpeed
[    1.142651] lzcbox-60378f6b kernel: usb usb1: New USB device found, idVendor=1d6b, idProduct=0002, bcdDevice= 6.05
[    1.142652] lzcbox-60378f6b kernel: usb usb1: New USB device strings: Mfr=3, Product=2, SerialNumber=1
[    1.142653] lzcbox-60378f6b kernel: usb usb1: Product: xHCI Host Controller
[    1.142654] lzcbox-60378f6b kernel: usb usb1: Manufacturer: Linux 6.5.0-0.deb12.4-amd64 xhci-hcd
[    1.142655] lzcbox-60378f6b kernel: usb usb1: SerialNumber: 0000:00:14.0
[    1.142836] lzcbox-60378f6b kernel: hub 1-0:1.0: USB hub found
[    1.142857] lzcbox-60378f6b kernel: hub 1-0:1.0: 12 ports detected
[    1.143884] lzcbox-60378f6b kernel: usb usb2: New USB device found, idVendor=1d6b, idProduct=0003, bcdDevice= 6.05
[    1.143886] lzcbox-60378f6b kernel: usb usb2: New USB device strings: Mfr=3, Product=2, SerialNumber=1
[    1.143887] lzcbox-60378f6b kernel: usb usb2: Product: xHCI Host Controller
[    1.143888] lzcbox-60378f6b kernel: usb usb2: Manufacturer: Linux 6.5.0-0.deb12.4-amd64 xhci-hcd
[    1.143888] lzcbox-60378f6b kernel: usb usb2: SerialNumber: 0000:00:14.0
[    1.143959] lzcbox-60378f6b kernel: hub 2-0:1.0: USB hub found
[    1.143971] lzcbox-60378f6b kernel: hub 2-0:1.0: 4 ports detected
[    1.144419] lzcbox-60378f6b kernel: xhci_hcd 0000:03:00.0: xHCI Host Controller
[    1.144422] lzcbox-60378f6b kernel: xhci_hcd 0000:03:00.0: new USB bus registered, assigned bus number 3
[    1.144519] lzcbox-60378f6b kernel: xhci_hcd 0000:03:00.0: hcc params 0x002841eb hci version 0x100 quirks 0x0000000000000890
[    1.144663] lzcbox-60378f6b kernel: xhci_hcd 0000:03:00.0: xHCI Host Controller
[    1.144665] lzcbox-60378f6b kernel: xhci_hcd 0000:03:00.0: new USB bus registered, assigned bus number 4
[    1.144666] lzcbox-60378f6b kernel: xhci_hcd 0000:03:00.0: Host supports USB 3.0 SuperSpeed
[    1.144693] lzcbox-60378f6b kernel: usb usb3: New USB device found, idVendor=1d6b, idProduct=0002, bcdDevice= 6.05
[    1.144694] lzcbox-60378f6b kernel: usb usb3: New USB device strings: Mfr=3, Product=2, SerialNumber=1
[    1.144695] lzcbox-60378f6b kernel: usb usb3: Product: xHCI Host Controller
[    1.144696] lzcbox-60378f6b kernel: usb usb3: Manufacturer: Linux 6.5.0-0.deb12.4-amd64 xhci-hcd
[    1.144697] lzcbox-60378f6b kernel: usb usb3: SerialNumber: 0000:03:00.0
[    1.144738] lzcbox-60378f6b kernel: hub 3-0:1.0: USB hub found
[    1.144743] lzcbox-60378f6b kernel: hub 3-0:1.0: 1 port detected
[    1.144799] lzcbox-60378f6b kernel: usb usb4: New USB device found, idVendor=1d6b, idProduct=0003, bcdDevice= 6.05
[    1.144800] lzcbox-60378f6b kernel: usb usb4: New USB device strings: Mfr=3, Product=2, SerialNumber=1
[    1.144801] lzcbox-60378f6b kernel: usb usb4: Product: xHCI Host Controller
[    1.144801] lzcbox-60378f6b kernel: usb usb4: Manufacturer: Linux 6.5.0-0.deb12.4-amd64 xhci-hcd
[    1.144802] lzcbox-60378f6b kernel: usb usb4: SerialNumber: 0000:03:00.0
[    1.144838] lzcbox-60378f6b kernel: hub 4-0:1.0: USB hub found
[    1.144847] lzcbox-60378f6b kernel: hub 4-0:1.0: 4 ports detected
[    1.147198] lzcbox-60378f6b kernel: usbcore: registered new interface driver usb-storage
[    1.147851] lzcbox-60378f6b kernel: usbcore: registered new interface driver uas
[    1.152465] lzcbox-60378f6b kernel: sd 0:0:0:0: [sdb] 1953525168 512-byte logical blocks: (1.00 TB/932 GiB)
[    1.152467] lzcbox-60378f6b kernel: sd 0:0:0:0: [sdb] 4096-byte physical blocks
[    1.152473] lzcbox-60378f6b kernel: sd 0:0:0:0: [sdb] Write Protect is off
[    1.152474] lzcbox-60378f6b kernel: sd 0:0:0:0: [sdb] Mode Sense: 00 3a 00 00
[    1.152478] lzcbox-60378f6b kernel: sd 0:0:0:0: [sdb] Write cache: enabled, read cache: enabled, doesn't support DPO or FUA
[    1.152481] lzcbox-60378f6b kernel: sd 1:0:0:0: [sda] 1953525168 512-byte logical blocks: (1.00 TB/932 GiB)
[    1.152483] lzcbox-60378f6b kernel: sd 1:0:0:0: [sda] 4096-byte physical blocks
[    1.152485] lzcbox-60378f6b kernel: sd 0:0:0:0: [sdb] Preferred minimum I/O size 4096 bytes
[    1.152492] lzcbox-60378f6b kernel: sd 1:0:0:0: [sda] Write Protect is off
[    1.152496] lzcbox-60378f6b kernel: sd 1:0:0:0: [sda] Mode Sense: 00 3a 00 00
[    1.152512] lzcbox-60378f6b kernel: sd 1:0:0:0: [sda] Write cache: enabled, read cache: enabled, doesn't support DPO or FUA
[    1.152532] lzcbox-60378f6b kernel: sd 1:0:0:0: [sda] Preferred minimum I/O size 4096 bytes
[    1.247344] lzcbox-60378f6b kernel:  sdb: sdb1
[    1.247486] lzcbox-60378f6b kernel: sd 0:0:0:0: [sdb] Attached SCSI disk
[    1.251876] lzcbox-60378f6b kernel:  sda: sda1
[    1.252087] lzcbox-60378f6b kernel: sd 1:0:0:0: [sda] Attached SCSI disk
[    1.262701] lzcbox-60378f6b kernel: nvme nvme0: pci function 0000:01:00.0
[    1.292376] lzcbox-60378f6b kernel: nvme nvme0: allocated 78 MiB host memory buffer.
[    1.301722] lzcbox-60378f6b kernel: nvme nvme0: 8/0/0 default/read/poll queues
[    1.309226] lzcbox-60378f6b kernel:  nvme0n1: p1 p2 p3
[    1.316258] lzcbox-60378f6b kernel: loop: module loaded
[    1.344146] lzcbox-60378f6b kernel: squashfs: version 4.0 (2009/01/31) Phillip Lougher
[    1.347646] lzcbox-60378f6b kernel: FS-Cache: Loaded
[    1.348505] lzcbox-60378f6b kernel: 9p: Installing v9fs 9p2000 file system support
[    1.354849] lzcbox-60378f6b kernel: hid: raw HID events driver (C) Jiri Kosina
[    1.357211] lzcbox-60378f6b kernel: usbcore: registered new interface driver usbhid
[    1.357212] lzcbox-60378f6b kernel: usbhid: USB HID core driver
[    1.404771] lzcbox-60378f6b kernel: usb 3-1: new high-speed USB device number 2 using xhci_hcd
[    1.404791] lzcbox-60378f6b kernel: usb 1-5: new full-speed USB device number 2 using xhci_hcd
[    1.554584] lzcbox-60378f6b kernel: usb 3-1: New USB device found, idVendor=2109, idProduct=3431, bcdDevice= 4.20
[    1.554589] lzcbox-60378f6b kernel: usb 3-1: New USB device strings: Mfr=0, Product=1, SerialNumber=0
[    1.554592] lzcbox-60378f6b kernel: usb 3-1: Product: USB2.0 Hub
[    1.554652] lzcbox-60378f6b kernel: usb 1-5: New USB device found, idVendor=8087, idProduct=0032, bcdDevice= 0.00
[    1.554655] lzcbox-60378f6b kernel: usb 1-5: New USB device strings: Mfr=0, Product=0, SerialNumber=0
[    1.556122] lzcbox-60378f6b kernel: hub 3-1:1.0: USB hub found
[    1.556276] lzcbox-60378f6b kernel: hub 3-1:1.0: 4 ports detected
[    2.608370] lzcbox-60378f6b kernel: EXT4-fs (nvme0n1p2): mounted filesystem 6ec14787-d2c1-4312-beb4-1883667f97d7 r/w with ordered data mode. Quota mode: none.
[    2.613437] lzcbox-60378f6b kernel: Not activating Mandatory Access Control as /sbin/tomoyo-init does not exist.
[    2.619937] lzcbox-60378f6b kernel: loop0: detected capacity change from 0 to 1098320
[    2.637432] lzcbox-60378f6b kernel: erofs: (device loop0): mounted with root inode @ nid 36.
[    2.638928] lzcbox-60378f6b kernel: loop1: detected capacity change from 0 to 656208
[    2.677384] lzcbox-60378f6b kernel: erofs: (device loop1): mounted with root inode @ nid 36.
[    2.678723] lzcbox-60378f6b kernel: loop2: detected capacity change from 0 to 78504
[    2.705122] lzcbox-60378f6b kernel: erofs: (device loop2): mounted with root inode @ nid 36.
[    2.706437] lzcbox-60378f6b kernel: loop3: detected capacity change from 0 to 33760
[    2.721204] lzcbox-60378f6b kernel: erofs: (device loop3): mounted with root inode @ nid 36.
[    2.722500] lzcbox-60378f6b kernel: loop4: detected capacity change from 0 to 21064
[    2.745071] lzcbox-60378f6b kernel: erofs: (device loop4): mounted with root inode @ nid 36.
[    2.746372] lzcbox-60378f6b kernel: loop5: detected capacity change from 0 to 10424
[    2.781082] lzcbox-60378f6b kernel: erofs: (device loop5): mounted with root inode @ nid 36.
[    2.792089] lzcbox-60378f6b kernel: Not activating Mandatory Access Control as /sbin/tomoyo-init does not exist.
[    2.912755] lzcbox-60378f6b kernel: loop6: detected capacity change from 0 to 1048576
[    2.913966] lzcbox-60378f6b kernel: EXT4-fs (loop6): mounted filesystem 48a66fef-140a-4557-a65f-6b17a27a388e r/w with ordered data mode. Quota mode: none.
[    2.922631] lzcbox-60378f6b kernel: loop7: detected capacity change from 0 to 17800
[    2.922894] lzcbox-60378f6b kernel: erofs: (device loop7): mounted with root inode @ nid 36.
[    2.947172] lzcbox-60378f6b systemd[1]: Inserted module 'autofs4'
[    2.952314] lzcbox-60378f6b systemd[1]: systemd 254.22-1~bpo12+1 running in system mode (+PAM +AUDIT +SELINUX +APPARMOR +IMA +SMACK +SECCOMP +GCRYPT -GNUTLS +OPENSSL +ACL +BLKID +CURL +ELFUTILS +FIDO2 +IDN2 -IDN +IPTC +KMOD +LIBCRYPTSETUP +LIBFDISK +PCRE2 -PWQUALITY +P11KIT +QRENCODE +TPM2 +BZIP2 +LZ4 +XZ +ZLIB +ZSTD -BPF_FRAMEWORK -XKBCOMMON +UTMP +SYSVINIT default-hierarchy=unified)
[    2.952318] lzcbox-60378f6b systemd[1]: Detected architecture x86-64.
[    2.952584] lzcbox-60378f6b systemd[1]: Hostname set to <lzcbox-60378f6b>.
[    3.054851] lzcbox-60378f6b systemd[1]: Queued start job for default target graphical.target.
[    3.073725] lzcbox-60378f6b systemd[1]: Created slice system-modprobe.slice - Slice /system/modprobe.
[    3.073928] lzcbox-60378f6b systemd[1]: Created slice user.slice - User and Session Slice.
[    3.073976] lzcbox-60378f6b systemd[1]: Started systemd-ask-password-console.path - Dispatch Password Requests to Console Directory Watch.
[    3.074010] lzcbox-60378f6b systemd[1]: Started systemd-ask-password-wall.path - Forward Password Requests to Wall Directory Watch.
[    3.074141] lzcbox-60378f6b systemd[1]: Set up automount proc-sys-fs-binfmt_misc.automount - Arbitrary Executable File Formats File System Automount Point.
[    3.074159] lzcbox-60378f6b systemd[1]: Reached target cryptsetup.target - Local Encrypted Volumes.
[    3.074173] lzcbox-60378f6b systemd[1]: Reached target integritysetup.target - Local Integrity Protected Volumes.
[    3.074190] lzcbox-60378f6b systemd[1]: Reached target paths.target - Path Units.
[    3.074210] lzcbox-60378f6b systemd[1]: Reached target remote-fs.target - Remote File Systems.
[    3.074219] lzcbox-60378f6b systemd[1]: Reached target slices.target - Slice Units.
[    3.074232] lzcbox-60378f6b systemd[1]: Reached target swap.target - Swaps.
[    3.074246] lzcbox-60378f6b systemd[1]: Reached target veritysetup.target - Local Verity Protected Volumes.
[    3.074297] lzcbox-60378f6b systemd[1]: Listening on systemd-initctl.socket - initctl Compatibility Named Pipe.
[    3.074753] lzcbox-60378f6b systemd[1]: Listening on systemd-journald-dev-log.socket - Journal Socket (/dev/log).
[    3.074850] lzcbox-60378f6b systemd[1]: Listening on systemd-journald.socket - Journal Socket.
[    3.075226] lzcbox-60378f6b systemd[1]: Listening on systemd-udevd-control.socket - udev Control Socket.
[    3.075304] lzcbox-60378f6b systemd[1]: Listening on systemd-udevd-kernel.socket - udev Kernel Socket.
[    3.076002] lzcbox-60378f6b systemd[1]: Mounting dev-hugepages.mount - Huge Pages File System...
[    3.076759] lzcbox-60378f6b systemd[1]: Mounting dev-mqueue.mount - POSIX Message Queue File System...
[    3.077503] lzcbox-60378f6b systemd[1]: Mounting sys-kernel-debug.mount - Kernel Debug File System...
[    3.078166] lzcbox-60378f6b systemd[1]: Mounting sys-kernel-tracing.mount - Kernel Trace File System...
[    3.079087] lzcbox-60378f6b systemd[1]: Starting kmod-static-nodes.service - Create List of Static Device Nodes...
[    3.079728] lzcbox-60378f6b systemd[1]: Starting modprobe@configfs.service - Load Kernel Module configfs...
[    3.080478] lzcbox-60378f6b systemd[1]: Starting modprobe@dm_mod.service - Load Kernel Module dm_mod...
[    3.081238] lzcbox-60378f6b systemd[1]: Starting modprobe@drm.service - Load Kernel Module drm...
[    3.081823] lzcbox-60378f6b systemd[1]: Starting modprobe@efi_pstore.service - Load Kernel Module efi_pstore...
[    3.082421] lzcbox-60378f6b systemd[1]: Starting modprobe@fuse.service - Load Kernel Module fuse...
[    3.083277] lzcbox-60378f6b systemd[1]: Starting modprobe@loop.service - Load Kernel Module loop...
[    3.084732] lzcbox-60378f6b systemd[1]: Starting systemd-journald.service - Journal Service...
[    3.084948] lzcbox-60378f6b kernel: pstore: Using crash dump compression: deflate
[    3.085709] lzcbox-60378f6b systemd[1]: Starting systemd-modules-load.service - Load Kernel Modules...
[    3.085742] lzcbox-60378f6b systemd[1]: systemd-pcrmachine.service - TPM2 PCR Machine ID Measurement was skipped because of an unmet condition check (ConditionPathExists=/sys/firmware/efi/efivars/StubPcrKernelImage-4a67b082-0a4c-41cf-b6c7-440b29bb8c4f).
[    3.086439] lzcbox-60378f6b systemd[1]: Starting systemd-remount-fs.service - Remount Root and Kernel File Systems...
[    3.087184] lzcbox-60378f6b systemd[1]: Starting systemd-udev-trigger.service - Coldplug All udev Devices...
[    3.087880] lzcbox-60378f6b kernel: device-mapper: core: CONFIG_IMA_DISABLE_HTABLE is disabled. Duplicate IMA measurements will not be recorded in the IMA log.
[    3.087914] lzcbox-60378f6b kernel: device-mapper: uevent: version 1.0.3
[    3.087991] lzcbox-60378f6b kernel: device-mapper: ioctl: 4.48.0-ioctl (2023-03-01) initialised: dm-devel@redhat.com
[    3.089787] lzcbox-60378f6b systemd[1]: Mounted dev-hugepages.mount - Huge Pages File System.
[    3.089879] lzcbox-60378f6b systemd[1]: Mounted dev-mqueue.mount - POSIX Message Queue File System.
[    3.089944] lzcbox-60378f6b systemd[1]: Mounted sys-kernel-debug.mount - Kernel Debug File System.
[    3.090009] lzcbox-60378f6b systemd[1]: Mounted sys-kernel-tracing.mount - Kernel Trace File System.
[    3.090213] lzcbox-60378f6b systemd[1]: Finished kmod-static-nodes.service - Create List of Static Device Nodes.
[    3.090495] lzcbox-60378f6b systemd[1]: modprobe@configfs.service: Deactivated successfully.
[    3.090630] lzcbox-60378f6b systemd[1]: Finished modprobe@configfs.service - Load Kernel Module configfs.
[    3.090906] lzcbox-60378f6b systemd[1]: modprobe@dm_mod.service: Deactivated successfully.
[    3.090952] lzcbox-60378f6b kernel: pstore: Registered efi_pstore as persistent store backend
[    3.091028] lzcbox-60378f6b systemd[1]: Finished modprobe@dm_mod.service - Load Kernel Module dm_mod.
[    3.091284] lzcbox-60378f6b systemd[1]: modprobe@loop.service: Deactivated successfully.
[    3.091415] lzcbox-60378f6b systemd[1]: Finished modprobe@loop.service - Load Kernel Module loop.
[    3.091741] lzcbox-60378f6b systemd[1]: modprobe@efi_pstore.service: Deactivated successfully.
[    3.091860] lzcbox-60378f6b systemd[1]: Finished modprobe@efi_pstore.service - Load Kernel Module efi_pstore.
[    3.092617] lzcbox-60378f6b systemd[1]: Mounting sys-kernel-config.mount - Kernel Configuration File System...
[    3.092710] lzcbox-60378f6b systemd[1]: systemd-repart.service - Repartition Root Disk was skipped because no trigger condition checks were met.
[    3.093511] lzcbox-60378f6b systemd[1]: Starting systemd-tmpfiles-setup-dev-early.service - Create Static Device Nodes in /dev gracefully...
[    3.093836] lzcbox-60378f6b systemd[1]: Finished systemd-remount-fs.service - Remount Root and Kernel File Systems.
[    3.094795] lzcbox-60378f6b systemd[1]: systemd-hwdb-update.service - Rebuild Hardware Database was skipped because no trigger condition checks were met.
[    3.094839] lzcbox-60378f6b systemd[1]: systemd-pstore.service - Platform Persistent Storage Archival was skipped because of an unmet condition check (ConditionDirectoryNotEmpty=/sys/fs/pstore).
[    3.095410] lzcbox-60378f6b systemd[1]: Starting systemd-random-seed.service - Load/Save OS Random Seed...
[    3.096741] lzcbox-60378f6b systemd[1]: Mounted sys-kernel-config.mount - Kernel Configuration File System.
[    3.099228] lzcbox-60378f6b systemd-journald[360]: Collecting audit messages is disabled.
[    3.099706] lzcbox-60378f6b systemd[1]: Finished systemd-random-seed.service - Load/Save OS Random Seed.
[    3.104726] lzcbox-60378f6b kernel: ACPI: bus type drm_connector registered
[    3.105766] lzcbox-60378f6b kernel: fuse: init (API version 7.38)
[    3.106403] lzcbox-60378f6b systemd[1]: modprobe@fuse.service: Deactivated successfully.
[    3.106509] lzcbox-60378f6b systemd[1]: Finished modprobe@fuse.service - Load Kernel Module fuse.
[    3.106785] lzcbox-60378f6b systemd[1]: modprobe@drm.service: Deactivated successfully.
[    3.106871] lzcbox-60378f6b systemd[1]: Finished modprobe@drm.service - Load Kernel Module drm.
[    3.106940] lzcbox-60378f6b kernel: lzc_wdt: loading out-of-tree module taints kernel.
[    3.107037] lzcbox-60378f6b kernel: lzc_wdt: board = lc2580, DMI_BOARD_NAME matched STX-LN110
[    3.107288] lzcbox-60378f6b kernel: lzc_wdt: lzc_wdt initialized
[    3.107836] lzcbox-60378f6b systemd[1]: Mounting sys-fs-fuse-connections.mount - FUSE Control File System...
[    3.108150] lzcbox-60378f6b systemd[1]: Finished systemd-modules-load.service - Load Kernel Modules.
[    3.109140] lzcbox-60378f6b systemd[1]: Starting systemd-sysctl.service - Apply Kernel Variables...
[    3.111233] lzcbox-60378f6b systemd[1]: Mounted sys-fs-fuse-connections.mount - FUSE Control File System.
[    3.114595] lzcbox-60378f6b systemd[1]: Finished systemd-sysctl.service - Apply Kernel Variables.
[    3.115313] lzcbox-60378f6b systemd[1]: Finished systemd-tmpfiles-setup-dev-early.service - Create Static Device Nodes in /dev gracefully.
[    3.116083] lzcbox-60378f6b systemd[1]: Starting systemd-sysusers.service - Create System Users...
[    3.122402] lzcbox-60378f6b systemd[1]: Finished systemd-sysusers.service - Create System Users.
[    3.123119] lzcbox-60378f6b systemd[1]: Starting systemd-tmpfiles-setup-dev.service - Create Static Device Nodes in /dev...
[    3.130200] lzcbox-60378f6b systemd[1]: Finished systemd-tmpfiles-setup-dev.service - Create Static Device Nodes in /dev.
[    3.130303] lzcbox-60378f6b systemd[1]: Reached target local-fs-pre.target - Preparation for Local File Systems.
[    3.130316] lzcbox-60378f6b systemd[1]: Reached target local-fs.target - Local File Systems.
[    3.131066] lzcbox-60378f6b systemd[1]: Starting apparmor.service - Load AppArmor profiles...
[    3.131742] lzcbox-60378f6b systemd[1]: Starting ldconfig.service - Rebuild Dynamic Linker Cache...
[    3.131844] lzcbox-60378f6b systemd[1]: systemd-binfmt.service - Set Up Additional Binary Formats was skipped because no trigger condition checks were met.
[    3.132572] lzcbox-60378f6b systemd[1]: Starting systemd-udevd.service - Rule-based Manager for Device Events and Files...
[    3.139061] lzcbox-60378f6b systemd[1]: Started systemd-journald.service - Journal Service.
[    3.147036] lzcbox-60378f6b systemd-journald[360]: Received client request to flush runtime journal.
[    3.156439] lzcbox-60378f6b systemd-journald[360]: /var/log/journal/4556ef2360817ef0401987d867f37ccc/system.journal: Journal file uses a different sequence number ID, rotating.
[    3.156447] lzcbox-60378f6b systemd-journald[360]: Rotating system journal.
[    3.232910] lzcbox-60378f6b kernel: sd 0:0:0:0: Attached scsi generic sg0 type 0
[    3.232956] lzcbox-60378f6b kernel: sd 1:0:0:0: Attached scsi generic sg1 type 0
[    3.236388] lzcbox-60378f6b kernel: audit: type=1400 audit(1763135065.168:2): apparmor="STATUS" operation="profile_load" profile="unconfined" name="lsb_release" pid=406 comm="apparmor_parser"
[    3.238700] lzcbox-60378f6b kernel: input: Sleep Button as /devices/LNXSYSTM:00/LNXSYBUS:00/PNP0C0E:00/input/input0
[    3.238743] lzcbox-60378f6b kernel: ACPI: button: Sleep Button [SLPB]
[    3.238802] lzcbox-60378f6b kernel: input: Power Button as /devices/LNXSYSTM:00/LNXSYBUS:00/PNP0C0C:00/input/input1
[    3.238835] lzcbox-60378f6b kernel: ACPI: button: Power Button [PWRB]
[    3.238894] lzcbox-60378f6b kernel: input: Power Button as /devices/LNXSYSTM:00/LNXPWRBN:00/input/input2
[    3.239334] lzcbox-60378f6b kernel: ACPI: button: Power Button [PWRF]
[    3.241834] lzcbox-60378f6b kernel: intel_pmc_core INT33A1:00:  initialized
[    3.244689] lzcbox-60378f6b kernel: audit: type=1400 audit(1763135065.180:3): apparmor="STATUS" operation="profile_load" profile="unconfined" name="nvidia_modprobe" pid=407 comm="apparmor_parser"
[    3.245525] lzcbox-60378f6b kernel: audit: type=1400 audit(1763135065.180:4): apparmor="STATUS" operation="profile_load" profile="unconfined" name="nvidia_modprobe//kmod" pid=407 comm="apparmor_parser"
[    3.266113] lzcbox-60378f6b kernel: EDAC igen6: v2.5.1
[    3.280740] lzcbox-60378f6b kernel: input: PC Speaker as /devices/platform/pcspkr/input/input3
[    3.288550] lzcbox-60378f6b kernel: i801_smbus 0000:00:1f.4: SPD Write Disable is set
[    3.288652] lzcbox-60378f6b kernel: i801_smbus 0000:00:1f.4: SMBus using PCI interrupt
[    3.290159] lzcbox-60378f6b kernel: Intel(R) 2.5G Ethernet Linux Driver
[    3.290164] lzcbox-60378f6b kernel: Copyright(c) 2018 Intel Corporation.
[    3.290198] lzcbox-60378f6b kernel: igc 0000:02:00.0: enabling device (0000 -> 0002)
[    3.292233] lzcbox-60378f6b kernel: igc 0000:02:00.0: PTM enabled, 4ns granularity
[    3.293197] lzcbox-60378f6b kernel: i2c i2c-0: 1/2 memory slots populated (from DMI)
[    3.293962] lzcbox-60378f6b kernel: i2c i2c-0: Successfully instantiated SPD at 0x50
[    3.297880] lzcbox-60378f6b kernel: mei_me 0000:00:16.0: enabling device (0000 -> 0002)
[    3.298828] lzcbox-60378f6b kernel: resource: resource sanity check: requesting [mem 0x00000000fedc0000-0x00000000fedcdfff], which spans more than pnp 00:03 [mem 0xfedc0000-0xfedc7fff]
[    3.298839] lzcbox-60378f6b kernel: caller __uncore_imc_init_box+0xc4/0x140 [intel_uncore] mapping multiple BARs
[    3.313720] lzcbox-60378f6b kernel: mei_me 0000:00:16.0: hbm: dma setup response: failure = 3 REJECTED
[    3.316640] lzcbox-60378f6b kernel: raid6: avx512x4 gen() 22480 MB/s
[    3.345045] lzcbox-60378f6b kernel: pps pps0: new PPS source ptp0
[    3.345103] lzcbox-60378f6b kernel: igc 0000:02:00.0 (unnamed net_device) (uninitialized): PHC added
[    3.369026] lzcbox-60378f6b kernel: igc 0000:02:00.0: 4.000 Gb/s available PCIe bandwidth (5.0 GT/s PCIe x1 link)
[    3.369036] lzcbox-60378f6b kernel: igc 0000:02:00.0 eth0: MAC: 04:2b:58:14:fd:1e
[    3.380986] lzcbox-60378f6b kernel: igc 0000:02:00.0 enp2s0: renamed from eth0
[    3.384649] lzcbox-60378f6b kernel: raid6: avx512x2 gen() 18791 MB/s
[    3.389674] lzcbox-60378f6b kernel: ee1004 0-0050: 512 byte EE1004-compliant SPD EEPROM, read-only
[    3.395613] lzcbox-60378f6b kernel: alg: No test for fips(ansi_cprng) (fips_ansi_cprng)
[    3.435699] lzcbox-60378f6b kernel: snd_hda_intel 0000:00:1f.3: enabling device (0000 -> 0002)
[    3.452645] lzcbox-60378f6b kernel: raid6: avx512x1 gen() 19708 MB/s
[    3.520642] lzcbox-60378f6b kernel: raid6: avx2x4   gen() 20482 MB/s
[    3.588640] lzcbox-60378f6b kernel: raid6: avx2x2   gen() 22873 MB/s
[    3.656709] lzcbox-60378f6b kernel: raid6: avx2x1   gen() 17613 MB/s
[    3.656711] lzcbox-60378f6b kernel: raid6: using algorithm avx2x2 gen() 22873 MB/s
[    3.724715] lzcbox-60378f6b kernel: raid6: .... xor() 15938 MB/s, rmw enabled
[    3.724717] lzcbox-60378f6b kernel: raid6: using avx512x2 recovery algorithm
[    3.811799] lzcbox-60378f6b kernel: xor: automatically using best checksumming function   avx       
[    3.813761] lzcbox-60378f6b kernel: i915 0000:00:02.0: vgaarb: deactivate vga console
[    3.813815] lzcbox-60378f6b kernel: i915 0000:00:02.0: [drm] Using Transparent Hugepages
[    3.814232] lzcbox-60378f6b kernel: RAPL PMU: API unit is 2^-32 Joules, 2 fixed counters, 655360 ms ovfl timer
[    3.814234] lzcbox-60378f6b kernel: RAPL PMU: hw unit of domain pp0-core 2^-14 Joules
[    3.814235] lzcbox-60378f6b kernel: RAPL PMU: hw unit of domain package 2^-14 Joules
[    3.814255] lzcbox-60378f6b kernel: i915 0000:00:02.0: vgaarb: changed VGA decodes: olddecodes=io+mem,decodes=io+mem:owns=io+mem
[    3.814332] lzcbox-60378f6b kernel: i915 0000:00:02.0: firmware: failed to load i915/tgl_dmc_ver2_12.bin (-2)
[    3.814334] lzcbox-60378f6b kernel: firmware_class: See https://wiki.debian.org/Firmware for information about missing firmware
[    3.814345] lzcbox-60378f6b kernel: i915 0000:00:02.0: firmware: failed to load i915/tgl_dmc_ver2_12.bin (-2)
[    3.814347] lzcbox-60378f6b kernel: i915 0000:00:02.0: Direct firmware load for i915/tgl_dmc_ver2_12.bin failed with error -2
[    3.814349] lzcbox-60378f6b kernel: i915 0000:00:02.0: [drm] Failed to load DMC firmware i915/tgl_dmc_ver2_12.bin. Disabling runtime power management.
[    3.814351] lzcbox-60378f6b kernel: i915 0000:00:02.0: [drm] DMC firmware homepage: https://git.kernel.org/pub/scm/linux/kernel/git/firmware/linux-firmware.git/tree/i915
[    3.815154] lzcbox-60378f6b kernel: mei_hdcp 0000:00:16.0-b638ab7e-94e2-4ea2-a552-d1c54b627f04: bound 0000:00:02.0 (ops i915_hdcp_ops [i915])
[    3.816910] lzcbox-60378f6b kernel: cryptd: max_cpu_qlen set to 1000
[    3.818086] lzcbox-60378f6b kernel: mei_pxp 0000:00:16.0-fbf6fcf1-96cf-4e2e-a6a6-1bab8cbe36b1: bound 0000:00:02.0 (ops i915_pxp_tee_component_ops [i915])
[    3.818520] lzcbox-60378f6b kernel: i915 0000:00:02.0: [drm] Protected Xe Path (PXP) protected content support initialized
[    3.822276] lzcbox-60378f6b kernel: AVX2 version of gcm_enc/dec engaged.
[    3.822308] lzcbox-60378f6b kernel: AES CTR mode by8 optimization enabled
[    3.829500] lzcbox-60378f6b kernel: cfg80211: Loading compiled-in X.509 certificates for regulatory database
[    3.829749] lzcbox-60378f6b kernel: Loaded X.509 cert 'benh@debian.org: 577e021cb980e0e820821ba7b54b4961b8b4fadf'
[    3.829979] lzcbox-60378f6b kernel: Loaded X.509 cert 'romain.perier@gmail.com: 3abbc6ec146e09d1b6016ab9d6cf71dd233f0328'
[    3.830202] lzcbox-60378f6b kernel: Loaded X.509 cert 'sforshee: 00b28ddf47aef9cea7'
[    3.830239] lzcbox-60378f6b kernel: platform regulatory.0: firmware: failed to load regulatory.db (-2)
[    3.830253] lzcbox-60378f6b kernel: platform regulatory.0: firmware: failed to load regulatory.db (-2)
[    3.830256] lzcbox-60378f6b kernel: platform regulatory.0: Direct firmware load for regulatory.db failed with error -2
[    3.830258] lzcbox-60378f6b kernel: cfg80211: failed to load regulatory.db
[    3.832390] lzcbox-60378f6b kernel: [drm] Initialized i915 1.6.0 20201103 for 0000:00:02.0 on minor 0
[    3.833478] lzcbox-60378f6b kernel: ACPI: video: Video Device [GFX0] (multi-head: yes  rom: no  post: no)
[    3.834011] lzcbox-60378f6b kernel: input: Video Bus as /devices/LNXSYSTM:00/LNXSYBUS:00/PNP0A08:00/LNXVIDEO:00/input/input4
[    3.834109] lzcbox-60378f6b kernel: snd_hda_intel 0000:00:1f.3: bound 0000:00:02.0 (ops i915_audio_component_bind_ops [i915])
[    3.884374] lzcbox-60378f6b kernel: i915 0000:00:02.0: [drm] Cannot find any crtc or sizes
[    3.897012] lzcbox-60378f6b kernel: Btrfs loaded, zoned=yes, fsverity=yes
[    3.897497] lzcbox-60378f6b kernel: BTRFS: device fsid e41222a0-d4b5-4e31-8da0-7b36e84ed427 devid 1 transid 567970 /dev/nvme0n1p3 scanned by (udev-worker) (450)
[    3.897527] lzcbox-60378f6b kernel: BTRFS: device label data devid 2 transid 200280 /dev/sdb scanned by (udev-worker) (421)
[    3.911894] lzcbox-60378f6b kernel: Intel(R) Wireless WiFi driver for Linux
[    3.911956] lzcbox-60378f6b kernel: iwlwifi 0000:04:00.0: enabling device (0000 -> 0002)
[    3.913089] lzcbox-60378f6b kernel: iwlwifi 0000:04:00.0: Detected crf-id 0x400410, cnv-id 0x400410 wfpm id 0x80000000
[    3.913098] lzcbox-60378f6b kernel: iwlwifi 0000:04:00.0: PCI dev 2725/4020, rev=0x420, rfid=0x10d000
[    3.931774] lzcbox-60378f6b kernel: iwlwifi 0000:04:00.0: firmware: direct-loading firmware iwlwifi-ty-a0-gf-a0-83.ucode
[    3.939739] lzcbox-60378f6b kernel: Bluetooth: Core ver 2.22
[    3.939761] lzcbox-60378f6b kernel: NET: Registered PF_BLUETOOTH protocol family
[    3.939763] lzcbox-60378f6b kernel: Bluetooth: HCI device and connection manager initialized
[    3.939767] lzcbox-60378f6b kernel: Bluetooth: HCI socket layer initialized
[    3.939770] lzcbox-60378f6b kernel: Bluetooth: L2CAP socket layer initialized
[    3.939774] lzcbox-60378f6b kernel: Bluetooth: SCO socket layer initialized
[    3.949105] lzcbox-60378f6b kernel: iwlwifi 0000:04:00.0: api flags index 2 larger than supported by driver
[    3.949156] lzcbox-60378f6b kernel: iwlwifi 0000:04:00.0: TLV_FW_FSEQ_VERSION: FSEQ Version: 0.0.2.41
[    3.950115] lzcbox-60378f6b kernel: iwlwifi 0000:04:00.0: firmware: failed to load iwl-debug-yoyo.bin (-2)
[    3.950159] lzcbox-60378f6b kernel: iwlwifi 0000:04:00.0: firmware: failed to load iwl-debug-yoyo.bin (-2)
[    3.950178] lzcbox-60378f6b kernel: iwlwifi 0000:04:00.0: loaded firmware version 83.e8f84e98.0 ty-a0-gf-a0-83.ucode op_mode iwlmvm
[    3.953312] lzcbox-60378f6b kernel: usbcore: registered new interface driver btusb
[    3.953781] lzcbox-60378f6b kernel: i915 0000:00:02.0: [drm] Cannot find any crtc or sizes
[    3.954246] lzcbox-60378f6b kernel: snd_hda_codec_realtek hdaudioC0D0: autoconfig for ALC897: line_outs=1 (0x14/0x0/0x0/0x0/0x0) type:speaker
[    3.954250] lzcbox-60378f6b kernel: snd_hda_codec_realtek hdaudioC0D0:    speaker_outs=0 (0x0/0x0/0x0/0x0/0x0)
[    3.954253] lzcbox-60378f6b kernel: snd_hda_codec_realtek hdaudioC0D0:    hp_outs=1 (0x1b/0x0/0x0/0x0/0x0)
[    3.954256] lzcbox-60378f6b kernel: snd_hda_codec_realtek hdaudioC0D0:    mono: mono_out=0x0
[    3.954258] lzcbox-60378f6b kernel: snd_hda_codec_realtek hdaudioC0D0:    inputs:
[    3.954260] lzcbox-60378f6b kernel: snd_hda_codec_realtek hdaudioC0D0:      Mic=0x18
[    3.956628] lzcbox-60378f6b kernel: Bluetooth: hci0: Firmware timestamp 2022.51 buildtype 1 build 56683
[    3.962461] lzcbox-60378f6b kernel: bluetooth hci0: firmware: direct-loading firmware intel/ibt-0041-0041.sfi
[    3.966683] lzcbox-60378f6b kernel: Bluetooth: hci0: Found device firmware: intel/ibt-0041-0041.sfi
[    3.966704] lzcbox-60378f6b kernel: Bluetooth: hci0: Boot Address: 0x100800
[    3.966706] lzcbox-60378f6b kernel: Bluetooth: hci0: Firmware Version: 107-51.22
[    3.966708] lzcbox-60378f6b kernel: Bluetooth: hci0: Firmware already loaded
[    4.001185] lzcbox-60378f6b kernel: BTRFS: device label data devid 1 transid 200280 /dev/sda1 scanned by (udev-worker) (449)
[    4.003901] lzcbox-60378f6b kernel: i915 0000:00:02.0: [drm] Cannot find any crtc or sizes
[    4.072739] lzcbox-60378f6b kernel: input: HDA Digital PCBeep as /devices/pci0000:00/0000:00:1f.3/sound/card0/input5
[    4.072803] lzcbox-60378f6b kernel: input: HDA Intel PCH Mic as /devices/pci0000:00/0000:00:1f.3/sound/card0/input6
[    4.072861] lzcbox-60378f6b kernel: input: HDA Intel PCH Headphone as /devices/pci0000:00/0000:00:1f.3/sound/card0/input7
[    4.072906] lzcbox-60378f6b kernel: input: HDA Intel PCH HDMI/DP,pcm=3 as /devices/pci0000:00/0000:00:1f.3/sound/card0/input8
[    4.072965] lzcbox-60378f6b kernel: input: HDA Intel PCH HDMI/DP,pcm=7 as /devices/pci0000:00/0000:00:1f.3/sound/card0/input9
[    4.073012] lzcbox-60378f6b kernel: input: HDA Intel PCH HDMI/DP,pcm=8 as /devices/pci0000:00/0000:00:1f.3/sound/card0/input10
[    4.074373] lzcbox-60378f6b kernel: input: HDA Intel PCH HDMI/DP,pcm=9 as /devices/pci0000:00/0000:00:1f.3/sound/card0/input11
[    4.079772] lzcbox-60378f6b kernel: intel_rapl_msr: PL4 support detected.
[    4.079796] lzcbox-60378f6b kernel: intel_rapl_common: Found RAPL domain package
[    4.079799] lzcbox-60378f6b kernel: intel_rapl_common: Found RAPL domain core
[    4.079800] lzcbox-60378f6b kernel: intel_rapl_common: Found RAPL domain uncore
[    4.083090] lzcbox-60378f6b kernel: iwlwifi 0000:04:00.0: Detected Intel(R) Wi-Fi 6 AX210 160MHz, REV=0x420
[    4.083170] lzcbox-60378f6b kernel: thermal thermal_zone2: failed to read out thermal zone (-61)
[    4.090927] lzcbox-60378f6b kernel: iwlwifi 0000:04:00.0: WRT: Invalid buffer destination
[    4.157900] lzcbox-60378f6b kernel: BTRFS info (device nvme0n1p3): using crc32c (crc32c-intel) checksum algorithm
[    4.157908] lzcbox-60378f6b kernel: BTRFS info (device nvme0n1p3): using free space tree
[    4.163486] lzcbox-60378f6b kernel: BTRFS info (device nvme0n1p3): enabling ssd optimizations
[    4.163490] lzcbox-60378f6b kernel: BTRFS info (device nvme0n1p3): auto enabling async discard
[    4.246282] lzcbox-60378f6b kernel: iwlwifi 0000:04:00.0: WFPM_UMAC_PD_NOTIFICATION: 0x20
[    4.246297] lzcbox-60378f6b kernel: iwlwifi 0000:04:00.0: WFPM_LMAC2_PD_NOTIFICATION: 0x1f
[    4.246309] lzcbox-60378f6b kernel: iwlwifi 0000:04:00.0: WFPM_AUTH_KEY_0: 0x90
[    4.246322] lzcbox-60378f6b kernel: iwlwifi 0000:04:00.0: CNVI_SCU_SEQ_DATA_DW9: 0x0
[    4.247049] lzcbox-60378f6b kernel: iwlwifi 0000:04:00.0: firmware: direct-loading firmware iwlwifi-ty-a0-gf-a0.pnvm
[    4.247357] lzcbox-60378f6b kernel: iwlwifi 0000:04:00.0: loaded PNVM version e28bb9d7
[    4.262532] lzcbox-60378f6b kernel: iwlwifi 0000:04:00.0: Detected RF GF, rfid=0x10d000
[    4.282627] lzcbox-60378f6b kernel: Adding 33554428k swap on /run/lzcsys/boot/lzc-os-init/swapfile.  Priority:-2 extents:26 across:63963136k FS
[    4.310902] lzcbox-60378f6b kernel: BTRFS info (device sda1): using crc32c (crc32c-intel) checksum algorithm
[    4.310912] lzcbox-60378f6b kernel: BTRFS info (device sda1): using free space tree
[    4.331701] lzcbox-60378f6b kernel: iwlwifi 0000:04:00.0: base HW address: 10:f6:0a:fd:a1:3d
[    4.348556] lzcbox-60378f6b kernel: iwlwifi 0000:04:00.0 wlp4s0: renamed from wlan0
[    4.377050] lzcbox-60378f6b kernel: tun: Universal TUN/TAP device driver, 1.6
[    4.517773] lzcbox-60378f6b kernel: iwlwifi 0000:04:00.0: WRT: Invalid buffer destination
[    4.673059] lzcbox-60378f6b kernel: iwlwifi 0000:04:00.0: WFPM_UMAC_PD_NOTIFICATION: 0x20
[    4.673074] lzcbox-60378f6b kernel: iwlwifi 0000:04:00.0: WFPM_LMAC2_PD_NOTIFICATION: 0x1f
[    4.673088] lzcbox-60378f6b kernel: iwlwifi 0000:04:00.0: WFPM_AUTH_KEY_0: 0x90
[    4.673101] lzcbox-60378f6b kernel: iwlwifi 0000:04:00.0: CNVI_SCU_SEQ_DATA_DW9: 0x0
[    4.763592] lzcbox-60378f6b kernel: iwlwifi 0000:04:00.0: Registered PHC clock: iwlwifi-PTP, with index: 1
[    4.824876] lzcbox-60378f6b kernel: iwlwifi 0000:04:00.0: WRT: Invalid buffer destination
[    4.980266] lzcbox-60378f6b kernel: iwlwifi 0000:04:00.0: WFPM_UMAC_PD_NOTIFICATION: 0x20
[    4.980283] lzcbox-60378f6b kernel: iwlwifi 0000:04:00.0: WFPM_LMAC2_PD_NOTIFICATION: 0x1f
[    4.980299] lzcbox-60378f6b kernel: iwlwifi 0000:04:00.0: WFPM_AUTH_KEY_0: 0x90
[    4.980311] lzcbox-60378f6b kernel: iwlwifi 0000:04:00.0: CNVI_SCU_SEQ_DATA_DW9: 0x0
[    5.669041] lzcbox-60378f6b kernel: BTRFS info (device sda1): auto enabling async discard
[    6.003628] lzcbox-60378f6b kernel: BTRFS info (device sda1): using crc32c (crc32c-intel) checksum algorithm
[    6.003635] lzcbox-60378f6b kernel: BTRFS info (device sda1): using free space tree
[    6.101362] lzcbox-60378f6b kernel: BTRFS info (device sda1): auto enabling async discard
[    6.393217] lzcbox-60378f6b kernel: loop8: detected capacity change from 0 to 340352
[    6.393604] lzcbox-60378f6b kernel: erofs: (device loop8): mounted with root inode @ nid 36.
[    6.760537] lzcbox-60378f6b kernel: Not activating Mandatory Access Control as /sbin/tomoyo-init does not exist.
[    6.765079] lzcbox-60378f6b kernel: loop8: detected capacity change from 0 to 2780520
