Nov 14 23:44:25 lzcbox-60378f6b kernel: Linux version 6.5.0-0.deb12.4-amd64 (debian-kernel@lists.debian.org) (gcc-12 (Debian 12.2.0-14) 12.2.0, GNU ld (GNU Binutils for Debian) 2.40) #1 SMP PREEMPT_DYNAMIC Debian 6.5.10-1~bpo12+1 (2023-11-23)
Nov 14 23:44:25 lzcbox-60378f6b kernel: Command line: BOOT_IMAGE=/vmlinuz root=UUID=6ec14787-d2c1-4312-beb4-1883667f97d7 intel_iommu=off quiet loglevel=3 fastboot splash
Nov 14 23:44:25 lzcbox-60378f6b kernel: x86/split lock detection: #AC: crashing the kernel on kernel split_locks and warning on user-space split_locks
Nov 14 23:44:25 lzcbox-60378f6b kernel: BIOS-provided physical RAM map:
Nov 14 23:44:25 lzcbox-60378f6b kernel: BIOS-e820: [mem 0x0000000000000000-0x000000000009efff] usable
Nov 14 23:44:25 lzcbox-60378f6b kernel: BIOS-e820: [mem 0x000000000009f000-0x00000000000fffff] reserved
Nov 14 23:44:25 lzcbox-60378f6b kernel: BIOS-e820: [mem 0x0000000000100000-0x000000007209efff] usable
Nov 14 23:44:25 lzcbox-60378f6b kernel: BIOS-e820: [mem 0x000000007209f000-0x000000007519efff] reserved
Nov 14 23:44:25 lzcbox-60378f6b kernel: BIOS-e820: [mem 0x000000007519f000-0x000000007526afff] ACPI data
Nov 14 23:44:25 lzcbox-60378f6b kernel: BIOS-e820: [mem 0x000000007526b000-0x0000000075323fff] ACPI NVS
Nov 14 23:44:25 lzcbox-60378f6b kernel: BIOS-e820: [mem 0x0000000075324000-0x0000000075b3afff] reserved
Nov 14 23:44:25 lzcbox-60378f6b kernel: BIOS-e820: [mem 0x0000000075b3b000-0x0000000075bfefff] type 20
Nov 14 23:44:25 lzcbox-60378f6b kernel: BIOS-e820: [mem 0x0000000075bff000-0x0000000075bfffff] usable
Nov 14 23:44:25 lzcbox-60378f6b kernel: BIOS-e820: [mem 0x0000000075c00000-0x0000000079ffffff] reserved
Nov 14 23:44:25 lzcbox-60378f6b kernel: BIOS-e820: [mem 0x000000007ab00000-0x000000007abfffff] reserved
Nov 14 23:44:25 lzcbox-60378f6b kernel: BIOS-e820: [mem 0x000000007b000000-0x00000000803fffff] reserved
Nov 14 23:44:25 lzcbox-60378f6b kernel: BIOS-e820: [mem 0x00000000c0000000-0x00000000cfffffff] reserved
Nov 14 23:44:25 lzcbox-60378f6b kernel: BIOS-e820: [mem 0x00000000fe000000-0x00000000fe010fff] reserved
Nov 14 23:44:25 lzcbox-60378f6b kernel: BIOS-e820: [mem 0x00000000fec00000-0x00000000fec00fff] reserved
Nov 14 23:44:25 lzcbox-60378f6b kernel: BIOS-e820: [mem 0x00000000fed00000-0x00000000fed00fff] reserved
Nov 14 23:44:25 lzcbox-60378f6b kernel: BIOS-e820: [mem 0x00000000fed20000-0x00000000fed7ffff] reserved
Nov 14 23:44:25 lzcbox-60378f6b kernel: BIOS-e820: [mem 0x00000000fee00000-0x00000000fee00fff] reserved
Nov 14 23:44:25 lzcbox-60378f6b kernel: BIOS-e820: [mem 0x00000000ff000000-0x00000000ffffffff] reserved
Nov 14 23:44:25 lzcbox-60378f6b kernel: BIOS-e820: [mem 0x0000000100000000-0x000000047fbfffff] usable
Nov 14 23:44:25 lzcbox-60378f6b kernel: NX (Execute Disable) protection: active
Nov 14 23:44:25 lzcbox-60378f6b kernel: efi: EFI v2.7 by American Megatrends
Nov 14 23:44:25 lzcbox-60378f6b kernel: efi: ACPI=0x752a9000 ACPI 2.0=0x752a9014 TPMFinalLog=0x752b1000 SMBIOS=0x7594c000 SMBIOS 3.0=0x7594b000 MEMATTR=0x6f9a1018 ESRT=0x70a85798 MOKvar=0x75925000 
Nov 14 23:44:25 lzcbox-60378f6b kernel: efi: Remove mem69: MMIO range=[0xc0000000-0xcfffffff] (256MB) from e820 map
Nov 14 23:44:25 lzcbox-60378f6b kernel: e820: remove [mem 0xc0000000-0xcfffffff] reserved
Nov 14 23:44:25 lzcbox-60378f6b kernel: efi: Not removing mem70: MMIO range=[0xfe000000-0xfe010fff] (68KB) from e820 map
Nov 14 23:44:25 lzcbox-60378f6b kernel: efi: Not removing mem71: MMIO range=[0xfec00000-0xfec00fff] (4KB) from e820 map
Nov 14 23:44:25 lzcbox-60378f6b kernel: efi: Not removing mem72: MMIO range=[0xfed00000-0xfed00fff] (4KB) from e820 map
Nov 14 23:44:25 lzcbox-60378f6b kernel: efi: Not removing mem74: MMIO range=[0xfee00000-0xfee00fff] (4KB) from e820 map
Nov 14 23:44:25 lzcbox-60378f6b kernel: efi: Remove mem75: MMIO range=[0xff000000-0xffffffff] (16MB) from e820 map
Nov 14 23:44:25 lzcbox-60378f6b kernel: e820: remove [mem 0xff000000-0xffffffff] reserved
Nov 14 23:44:25 lzcbox-60378f6b kernel: secureboot: Secure boot disabled
Nov 14 23:44:25 lzcbox-60378f6b kernel: SMBIOS 3.3.0 present.
Nov 14 23:44:25 lzcbox-60378f6b kernel: DMI: INTEL Default string/STX-LN110, BIOS 5.19 09/20/2023
Nov 14 23:44:25 lzcbox-60378f6b kernel: tsc: Detected 2400.000 MHz processor
Nov 14 23:44:25 lzcbox-60378f6b kernel: tsc: Detected 2419.200 MHz TSC
Nov 14 23:44:25 lzcbox-60378f6b kernel: e820: update [mem 0x00000000-0x00000fff] usable ==> reserved
Nov 14 23:44:25 lzcbox-60378f6b kernel: e820: remove [mem 0x000a0000-0x000fffff] usable
Nov 14 23:44:25 lzcbox-60378f6b kernel: last_pfn = 0x47fc00 max_arch_pfn = 0x400000000
Nov 14 23:44:25 lzcbox-60378f6b kernel: MTRR map: 5 entries (3 fixed + 2 variable; max 23), built from 10 variable MTRRs
Nov 14 23:44:25 lzcbox-60378f6b kernel: x86/PAT: Configuration [0-7]: WB  WC  UC- UC  WB  WP  UC- WT  
Nov 14 23:44:25 lzcbox-60378f6b kernel: last_pfn = 0x75c00 max_arch_pfn = 0x400000000
Nov 14 23:44:25 lzcbox-60378f6b kernel: esrt: Reserving ESRT space from 0x0000000070a85798 to 0x0000000070a857f8.
Nov 14 23:44:25 lzcbox-60378f6b kernel: e820: update [mem 0x70a85000-0x70a85fff] usable ==> reserved
Nov 14 23:44:25 lzcbox-60378f6b kernel: Using GB pages for direct mapping
Nov 14 23:44:25 lzcbox-60378f6b kernel: RAMDISK: [mem 0x36b6f000-0x375aefff]
Nov 14 23:44:25 lzcbox-60378f6b kernel: ACPI: Early table checksum verification disabled
Nov 14 23:44:25 lzcbox-60378f6b kernel: ACPI: RSDP 0x00000000752A9014 000024 (v02 ALASKA)
Nov 14 23:44:25 lzcbox-60378f6b kernel: ACPI: XSDT 0x00000000752A8728 0000DC (v01 ALASKA A M I    01072009 AMI  01000013)
Nov 14 23:44:25 lzcbox-60378f6b kernel: ACPI: FACP 0x0000000075265000 000114 (v06 ALASKA A M I    01072009 AMI  01000013)
Nov 14 23:44:25 lzcbox-60378f6b kernel: ACPI: DSDT 0x000000007520A000 05A4D0 (v02 ALASKA A M I    01072009 INTL 20191018)
Nov 14 23:44:25 lzcbox-60378f6b kernel: ACPI: FACS 0x0000000075322000 000040
Nov 14 23:44:25 lzcbox-60378f6b kernel: ACPI: SSDT 0x0000000075266000 00255D (v02 CpuRef CpuSsdt  00003000 INTL 20191018)
Nov 14 23:44:25 lzcbox-60378f6b kernel: ACPI: FIDT 0x0000000075209000 00009C (v01 ALASKA A M I    01072009 AMI  00010013)
Nov 14 23:44:25 lzcbox-60378f6b kernel: ACPI: SSDT 0x0000000075206000 002E38 (v02 SaSsdt SaSsdt   00003000 INTL 20191018)
Nov 14 23:44:25 lzcbox-60378f6b kernel: ACPI: SSDT 0x0000000075202000 00338A (v02 INTEL  IgfxSsdt 00003000 INTL 20191018)
Nov 14 23:44:25 lzcbox-60378f6b kernel: ACPI: HPET 0x000000007526A000 000038 (v01 ALASKA A M I    01072009 AMI  01000013)
Nov 14 23:44:25 lzcbox-60378f6b kernel: ACPI: APIC 0x0000000075269000 00012C (v04 ALASKA A M I    01072009 AMI  01000013)
Nov 14 23:44:25 lzcbox-60378f6b kernel: ACPI: SSDT 0x0000000075201000 000E7C (v02 ALASKA Ther_Rvp 00001000 INTL 20191018)
Nov 14 23:44:25 lzcbox-60378f6b kernel: ACPI: NHLT 0x00000000751FF000 001871 (v00 ALASKA A M I    01072009 AMI  01000013)
Nov 14 23:44:25 lzcbox-60378f6b kernel: ACPI: UEFI 0x0000000075296000 000048 (v01 ALASKA A M I    01072009 AMI  01000013)
Nov 14 23:44:25 lzcbox-60378f6b kernel: ACPI: LPIT 0x00000000751FE000 0000CC (v01 ALASKA A M I    01072009 AMI  01000013)
Nov 14 23:44:25 lzcbox-60378f6b kernel: ACPI: SSDT 0x00000000751FA000 002720 (v02 ALASKA PtidDevc 00001000 INTL 20191018)
Nov 14 23:44:25 lzcbox-60378f6b kernel: ACPI: SSDT 0x00000000751F9000 00012A (v02 ALASKA TbtTypeC 00000000 INTL 20191018)
Nov 14 23:44:25 lzcbox-60378f6b kernel: ACPI: DBGP 0x00000000751F8000 000034 (v01 ALASKA A M I    01072009 AMI  01000013)
Nov 14 23:44:25 lzcbox-60378f6b kernel: ACPI: DBG2 0x00000000751F7000 000054 (v00 ALASKA A M I    01072009 AMI  01000013)
Nov 14 23:44:25 lzcbox-60378f6b kernel: ACPI: DMAR 0x00000000751F6000 000088 (v02 INTEL  EDK2     00000002      01000013)
Nov 14 23:44:25 lzcbox-60378f6b kernel: ACPI: SSDT 0x00000000751F5000 0007D8 (v02 INTEL  xh_tudd4 00000000 INTL 20191018)
Nov 14 23:44:25 lzcbox-60378f6b kernel: ACPI: MCFG 0x00000000751F4000 00003C (v01                 00000001      00000000)
Nov 14 23:44:25 lzcbox-60378f6b kernel: ACPI: SSDT 0x00000000751F3000 000144 (v02 Intel  ADebTabl 00001000 INTL 20191018)
Nov 14 23:44:25 lzcbox-60378f6b kernel: ACPI: TPM2 0x00000000751F2000 00004C (v04 ALASKA A M I    00000001 AMI  00000000)
Nov 14 23:44:25 lzcbox-60378f6b kernel: ACPI: PTDT 0x00000000751F1000 000CFE (v00 ALASKA A M I    00000005 MSFT 0100000D)
Nov 14 23:44:25 lzcbox-60378f6b kernel: ACPI: WSMT 0x00000000751FD000 000028 (v01 ALASKA A M I    01072009 AMI  00010013)
Nov 14 23:44:25 lzcbox-60378f6b kernel: ACPI: FPDT 0x00000000751F0000 000044 (v01 ALASKA A M I    01072009 AMI  01000013)
Nov 14 23:44:25 lzcbox-60378f6b kernel: ACPI: Reserving FACP table memory at [mem 0x75265000-0x75265113]
Nov 14 23:44:25 lzcbox-60378f6b kernel: ACPI: Reserving DSDT table memory at [mem 0x7520a000-0x752644cf]
Nov 14 23:44:25 lzcbox-60378f6b kernel: ACPI: Reserving FACS table memory at [mem 0x75322000-0x7532203f]
Nov 14 23:44:25 lzcbox-60378f6b kernel: ACPI: Reserving SSDT table memory at [mem 0x75266000-0x7526855c]
Nov 14 23:44:25 lzcbox-60378f6b kernel: ACPI: Reserving FIDT table memory at [mem 0x75209000-0x7520909b]
Nov 14 23:44:25 lzcbox-60378f6b kernel: ACPI: Reserving SSDT table memory at [mem 0x75206000-0x75208e37]
Nov 14 23:44:25 lzcbox-60378f6b kernel: ACPI: Reserving SSDT table memory at [mem 0x75202000-0x75205389]
Nov 14 23:44:25 lzcbox-60378f6b kernel: ACPI: Reserving HPET table memory at [mem 0x7526a000-0x7526a037]
Nov 14 23:44:25 lzcbox-60378f6b kernel: ACPI: Reserving APIC table memory at [mem 0x75269000-0x7526912b]
Nov 14 23:44:25 lzcbox-60378f6b kernel: ACPI: Reserving SSDT table memory at [mem 0x75201000-0x75201e7b]
Nov 14 23:44:25 lzcbox-60378f6b kernel: ACPI: Reserving NHLT table memory at [mem 0x751ff000-0x75200870]
Nov 14 23:44:25 lzcbox-60378f6b kernel: ACPI: Reserving UEFI table memory at [mem 0x75296000-0x75296047]
Nov 14 23:44:25 lzcbox-60378f6b kernel: ACPI: Reserving LPIT table memory at [mem 0x751fe000-0x751fe0cb]
Nov 14 23:44:25 lzcbox-60378f6b kernel: ACPI: Reserving SSDT table memory at [mem 0x751fa000-0x751fc71f]
Nov 14 23:44:25 lzcbox-60378f6b kernel: ACPI: Reserving SSDT table memory at [mem 0x751f9000-0x751f9129]
Nov 14 23:44:25 lzcbox-60378f6b kernel: ACPI: Reserving DBGP table memory at [mem 0x751f8000-0x751f8033]
Nov 14 23:44:25 lzcbox-60378f6b kernel: ACPI: Reserving DBG2 table memory at [mem 0x751f7000-0x751f7053]
Nov 14 23:44:25 lzcbox-60378f6b kernel: ACPI: Reserving DMAR table memory at [mem 0x751f6000-0x751f6087]
Nov 14 23:44:25 lzcbox-60378f6b kernel: ACPI: Reserving SSDT table memory at [mem 0x751f5000-0x751f57d7]
Nov 14 23:44:25 lzcbox-60378f6b kernel: ACPI: Reserving MCFG table memory at [mem 0x751f4000-0x751f403b]
Nov 14 23:44:25 lzcbox-60378f6b kernel: ACPI: Reserving SSDT table memory at [mem 0x751f3000-0x751f3143]
Nov 14 23:44:25 lzcbox-60378f6b kernel: ACPI: Reserving TPM2 table memory at [mem 0x751f2000-0x751f204b]
Nov 14 23:44:25 lzcbox-60378f6b kernel: ACPI: Reserving PTDT table memory at [mem 0x751f1000-0x751f1cfd]
Nov 14 23:44:25 lzcbox-60378f6b kernel: ACPI: Reserving WSMT table memory at [mem 0x751fd000-0x751fd027]
Nov 14 23:44:25 lzcbox-60378f6b kernel: ACPI: Reserving FPDT table memory at [mem 0x751f0000-0x751f0043]
Nov 14 23:44:25 lzcbox-60378f6b kernel: No NUMA configuration found
Nov 14 23:44:25 lzcbox-60378f6b kernel: Faking a node at [mem 0x0000000000000000-0x000000047fbfffff]
Nov 14 23:44:25 lzcbox-60378f6b kernel: NODE_DATA(0) allocated [mem 0x47fbd5000-0x47fbfffff]
Nov 14 23:44:25 lzcbox-60378f6b kernel: Zone ranges:
Nov 14 23:44:25 lzcbox-60378f6b kernel:   DMA      [mem 0x0000000000001000-0x0000000000ffffff]
Nov 14 23:44:25 lzcbox-60378f6b kernel:   DMA32    [mem 0x0000000001000000-0x00000000ffffffff]
Nov 14 23:44:25 lzcbox-60378f6b kernel:   Normal   [mem 0x0000000100000000-0x000000047fbfffff]
Nov 14 23:44:25 lzcbox-60378f6b kernel:   Device   empty
Nov 14 23:44:25 lzcbox-60378f6b kernel: Movable zone start for each node
Nov 14 23:44:25 lzcbox-60378f6b kernel: Early memory node ranges
Nov 14 23:44:25 lzcbox-60378f6b kernel:   node   0: [mem 0x0000000000001000-0x000000000009efff]
Nov 14 23:44:25 lzcbox-60378f6b kernel:   node   0: [mem 0x0000000000100000-0x000000007209efff]
Nov 14 23:44:25 lzcbox-60378f6b kernel:   node   0: [mem 0x0000000075bff000-0x0000000075bfffff]
Nov 14 23:44:25 lzcbox-60378f6b kernel:   node   0: [mem 0x0000000100000000-0x000000047fbfffff]
Nov 14 23:44:25 lzcbox-60378f6b kernel: Initmem setup node 0 [mem 0x0000000000001000-0x000000047fbfffff]
Nov 14 23:44:25 lzcbox-60378f6b kernel: On node 0, zone DMA: 1 pages in unavailable ranges
Nov 14 23:44:25 lzcbox-60378f6b kernel: On node 0, zone DMA: 97 pages in unavailable ranges
Nov 14 23:44:25 lzcbox-60378f6b kernel: On node 0, zone DMA32: 15200 pages in unavailable ranges
Nov 14 23:44:25 lzcbox-60378f6b kernel: On node 0, zone Normal: 9216 pages in unavailable ranges
Nov 14 23:44:25 lzcbox-60378f6b kernel: On node 0, zone Normal: 1024 pages in unavailable ranges
Nov 14 23:44:25 lzcbox-60378f6b kernel: Reserving Intel graphics memory at [mem 0x7c800000-0x803fffff]
Nov 14 23:44:25 lzcbox-60378f6b kernel: ACPI: PM-Timer IO Port: 0x1808
Nov 14 23:44:25 lzcbox-60378f6b kernel: ACPI: LAPIC_NMI (acpi_id[0x01] high edge lint[0x1])
Nov 14 23:44:25 lzcbox-60378f6b kernel: ACPI: LAPIC_NMI (acpi_id[0x02] high edge lint[0x1])
Nov 14 23:44:25 lzcbox-60378f6b kernel: ACPI: LAPIC_NMI (acpi_id[0x03] high edge lint[0x1])
Nov 14 23:44:25 lzcbox-60378f6b kernel: ACPI: LAPIC_NMI (acpi_id[0x04] high edge lint[0x1])
Nov 14 23:44:25 lzcbox-60378f6b kernel: ACPI: LAPIC_NMI (acpi_id[0x05] high edge lint[0x1])
Nov 14 23:44:25 lzcbox-60378f6b kernel: ACPI: LAPIC_NMI (acpi_id[0x06] high edge lint[0x1])
Nov 14 23:44:25 lzcbox-60378f6b kernel: ACPI: LAPIC_NMI (acpi_id[0x07] high edge lint[0x1])
Nov 14 23:44:25 lzcbox-60378f6b kernel: ACPI: LAPIC_NMI (acpi_id[0x08] high edge lint[0x1])
Nov 14 23:44:25 lzcbox-60378f6b kernel: ACPI: LAPIC_NMI (acpi_id[0x09] high edge lint[0x1])
Nov 14 23:44:25 lzcbox-60378f6b kernel: ACPI: LAPIC_NMI (acpi_id[0x0a] high edge lint[0x1])
Nov 14 23:44:25 lzcbox-60378f6b kernel: ACPI: LAPIC_NMI (acpi_id[0x0b] high edge lint[0x1])
Nov 14 23:44:25 lzcbox-60378f6b kernel: ACPI: LAPIC_NMI (acpi_id[0x0c] high edge lint[0x1])
Nov 14 23:44:25 lzcbox-60378f6b kernel: ACPI: LAPIC_NMI (acpi_id[0x0d] high edge lint[0x1])
Nov 14 23:44:25 lzcbox-60378f6b kernel: ACPI: LAPIC_NMI (acpi_id[0x0e] high edge lint[0x1])
Nov 14 23:44:25 lzcbox-60378f6b kernel: ACPI: LAPIC_NMI (acpi_id[0x0f] high edge lint[0x1])
Nov 14 23:44:25 lzcbox-60378f6b kernel: ACPI: LAPIC_NMI (acpi_id[0x10] high edge lint[0x1])
Nov 14 23:44:25 lzcbox-60378f6b kernel: IOAPIC[0]: apic_id 2, version 32, address 0xfec00000, GSI 0-119
Nov 14 23:44:25 lzcbox-60378f6b kernel: ACPI: INT_SRC_OVR (bus 0 bus_irq 0 global_irq 2 dfl dfl)
Nov 14 23:44:25 lzcbox-60378f6b kernel: ACPI: INT_SRC_OVR (bus 0 bus_irq 9 global_irq 9 high level)
Nov 14 23:44:25 lzcbox-60378f6b kernel: ACPI: Using ACPI (MADT) for SMP configuration information
Nov 14 23:44:25 lzcbox-60378f6b kernel: ACPI: HPET id: 0x8086a201 base: 0xfed00000
Nov 14 23:44:25 lzcbox-60378f6b kernel: TSC deadline timer available
Nov 14 23:44:25 lzcbox-60378f6b kernel: smpboot: Allowing 8 CPUs, 0 hotplug CPUs
Nov 14 23:44:25 lzcbox-60378f6b kernel: PM: hibernation: Registered nosave memory: [mem 0x00000000-0x00000fff]
Nov 14 23:44:25 lzcbox-60378f6b kernel: PM: hibernation: Registered nosave memory: [mem 0x0009f000-0x000fffff]
Nov 14 23:44:25 lzcbox-60378f6b kernel: PM: hibernation: Registered nosave memory: [mem 0x70a85000-0x70a85fff]
Nov 14 23:44:25 lzcbox-60378f6b kernel: PM: hibernation: Registered nosave memory: [mem 0x7209f000-0x7519efff]
Nov 14 23:44:25 lzcbox-60378f6b kernel: PM: hibernation: Registered nosave memory: [mem 0x7519f000-0x7526afff]
Nov 14 23:44:25 lzcbox-60378f6b kernel: PM: hibernation: Registered nosave memory: [mem 0x7526b000-0x75323fff]
Nov 14 23:44:25 lzcbox-60378f6b kernel: PM: hibernation: Registered nosave memory: [mem 0x75324000-0x75b3afff]
Nov 14 23:44:25 lzcbox-60378f6b kernel: PM: hibernation: Registered nosave memory: [mem 0x75b3b000-0x75bfefff]
Nov 14 23:44:25 lzcbox-60378f6b kernel: PM: hibernation: Registered nosave memory: [mem 0x75c00000-0x79ffffff]
Nov 14 23:44:25 lzcbox-60378f6b kernel: PM: hibernation: Registered nosave memory: [mem 0x7a000000-0x7aafffff]
Nov 14 23:44:25 lzcbox-60378f6b kernel: PM: hibernation: Registered nosave memory: [mem 0x7ab00000-0x7abfffff]
Nov 14 23:44:25 lzcbox-60378f6b kernel: PM: hibernation: Registered nosave memory: [mem 0x7ac00000-0x7affffff]
Nov 14 23:44:25 lzcbox-60378f6b kernel: PM: hibernation: Registered nosave memory: [mem 0x7b000000-0x803fffff]
Nov 14 23:44:25 lzcbox-60378f6b kernel: PM: hibernation: Registered nosave memory: [mem 0x80400000-0xfdffffff]
Nov 14 23:44:25 lzcbox-60378f6b kernel: PM: hibernation: Registered nosave memory: [mem 0xfe000000-0xfe010fff]
Nov 14 23:44:25 lzcbox-60378f6b kernel: PM: hibernation: Registered nosave memory: [mem 0xfe011000-0xfebfffff]
Nov 14 23:44:25 lzcbox-60378f6b kernel: PM: hibernation: Registered nosave memory: [mem 0xfec00000-0xfec00fff]
Nov 14 23:44:25 lzcbox-60378f6b kernel: PM: hibernation: Registered nosave memory: [mem 0xfec01000-0xfecfffff]
Nov 14 23:44:25 lzcbox-60378f6b kernel: PM: hibernation: Registered nosave memory: [mem 0xfed00000-0xfed00fff]
Nov 14 23:44:25 lzcbox-60378f6b kernel: PM: hibernation: Registered nosave memory: [mem 0xfed01000-0xfed1ffff]
Nov 14 23:44:25 lzcbox-60378f6b kernel: PM: hibernation: Registered nosave memory: [mem 0xfed20000-0xfed7ffff]
Nov 14 23:44:25 lzcbox-60378f6b kernel: PM: hibernation: Registered nosave memory: [mem 0xfed80000-0xfedfffff]
Nov 14 23:44:25 lzcbox-60378f6b kernel: PM: hibernation: Registered nosave memory: [mem 0xfee00000-0xfee00fff]
Nov 14 23:44:25 lzcbox-60378f6b kernel: PM: hibernation: Registered nosave memory: [mem 0xfee01000-0xffffffff]
Nov 14 23:44:25 lzcbox-60378f6b kernel: [mem 0x80400000-0xfdffffff] available for PCI devices
Nov 14 23:44:25 lzcbox-60378f6b kernel: Booting paravirtualized kernel on bare hardware
Nov 14 23:44:25 lzcbox-60378f6b kernel: clocksource: refined-jiffies: mask: 0xffffffff max_cycles: 0xffffffff, max_idle_ns: 7645519600211568 ns
Nov 14 23:44:25 lzcbox-60378f6b kernel: setup_percpu: NR_CPUS:8192 nr_cpumask_bits:8 nr_cpu_ids:8 nr_node_ids:1
Nov 14 23:44:25 lzcbox-60378f6b kernel: percpu: Embedded 63 pages/cpu s221184 r8192 d28672 u262144
Nov 14 23:44:25 lzcbox-60378f6b kernel: pcpu-alloc: s221184 r8192 d28672 u262144 alloc=1*2097152
Nov 14 23:44:25 lzcbox-60378f6b kernel: pcpu-alloc: [0] 0 1 2 3 4 5 6 7 
Nov 14 23:44:25 lzcbox-60378f6b kernel: Kernel command line: BOOT_IMAGE=/vmlinuz root=UUID=6ec14787-d2c1-4312-beb4-1883667f97d7 intel_iommu=off quiet loglevel=3 fastboot splash
Nov 14 23:44:25 lzcbox-60378f6b kernel: DMAR: IOMMU disabled
Nov 14 23:44:25 lzcbox-60378f6b kernel: Unknown kernel command line parameters "fastboot splash BOOT_IMAGE=/vmlinuz", will be passed to user space.
Nov 14 23:44:25 lzcbox-60378f6b kernel: random: crng init done
Nov 14 23:44:25 lzcbox-60378f6b kernel: Dentry cache hash table entries: 2097152 (order: 12, 16777216 bytes, linear)
Nov 14 23:44:25 lzcbox-60378f6b kernel: Inode-cache hash table entries: 1048576 (order: 11, 8388608 bytes, linear)
Nov 14 23:44:25 lzcbox-60378f6b kernel: Fallback order for Node 0: 0 
Nov 14 23:44:25 lzcbox-60378f6b kernel: Built 1 zonelists, mobility grouping on.  Total pages: 4071213
Nov 14 23:44:25 lzcbox-60378f6b kernel: Policy zone: Normal
Nov 14 23:44:25 lzcbox-60378f6b kernel: mem auto-init: stack:all(zero), heap alloc:on, heap free:off
Nov 14 23:44:25 lzcbox-60378f6b kernel: software IO TLB: area num 8.
Nov 14 23:44:25 lzcbox-60378f6b kernel: Memory: 1841296K/16543992K available (14336K kernel code, 2346K rwdata, 10340K rodata, 3916K init, 18152K bss, 500664K reserved, 0K cma-reserved)
Nov 14 23:44:25 lzcbox-60378f6b kernel: SLUB: HWalign=64, Order=0-3, MinObjects=0, CPUs=8, Nodes=1
Nov 14 23:44:25 lzcbox-60378f6b kernel: ftrace: allocating 42192 entries in 165 pages
Nov 14 23:44:25 lzcbox-60378f6b kernel: ftrace: allocated 165 pages with 4 groups
Nov 14 23:44:25 lzcbox-60378f6b kernel: Dynamic Preempt: voluntary
Nov 14 23:44:25 lzcbox-60378f6b kernel: rcu: Preemptible hierarchical RCU implementation.
Nov 14 23:44:25 lzcbox-60378f6b kernel: rcu:         RCU restricting CPUs from NR_CPUS=8192 to nr_cpu_ids=8.
Nov 14 23:44:25 lzcbox-60378f6b kernel:         Trampoline variant of Tasks RCU enabled.
Nov 14 23:44:25 lzcbox-60378f6b kernel:         Rude variant of Tasks RCU enabled.
Nov 14 23:44:25 lzcbox-60378f6b kernel:         Tracing variant of Tasks RCU enabled.
Nov 14 23:44:25 lzcbox-60378f6b kernel: rcu: RCU calculated value of scheduler-enlistment delay is 25 jiffies.
Nov 14 23:44:25 lzcbox-60378f6b kernel: rcu: Adjusting geometry for rcu_fanout_leaf=16, nr_cpu_ids=8
Nov 14 23:44:25 lzcbox-60378f6b kernel: NR_IRQS: 524544, nr_irqs: 2048, preallocated irqs: 16
Nov 14 23:44:25 lzcbox-60378f6b kernel: rcu: srcu_init: Setting srcu_struct sizes based on contention.
Nov 14 23:44:25 lzcbox-60378f6b kernel: Console: colour dummy device 80x25
Nov 14 23:44:25 lzcbox-60378f6b kernel: printk: console [tty0] enabled
Nov 14 23:44:25 lzcbox-60378f6b kernel: ACPI: Core revision 20230331
Nov 14 23:44:25 lzcbox-60378f6b kernel: clocksource: hpet: mask: 0xffffffff max_cycles: 0xffffffff, max_idle_ns: 99544814920 ns
Nov 14 23:44:25 lzcbox-60378f6b kernel: APIC: Switch to symmetric I/O mode setup
Nov 14 23:44:25 lzcbox-60378f6b kernel: DMAR: Host address width 39
Nov 14 23:44:25 lzcbox-60378f6b kernel: DMAR: DRHD base: 0x000000fed90000 flags: 0x0
Nov 14 23:44:25 lzcbox-60378f6b kernel: DMAR: dmar0: reg_base_addr fed90000 ver 4:0 cap 1c0000c40660462 ecap 29a00f0505e
Nov 14 23:44:25 lzcbox-60378f6b kernel: DMAR: DRHD base: 0x000000fed91000 flags: 0x1
Nov 14 23:44:25 lzcbox-60378f6b kernel: DMAR: dmar1: reg_base_addr fed91000 ver 1:0 cap d2008c40660462 ecap f050da
Nov 14 23:44:25 lzcbox-60378f6b kernel: DMAR: RMRR base: 0x0000007c000000 end: 0x000000803fffff
Nov 14 23:44:25 lzcbox-60378f6b kernel: DMAR-IR: IOAPIC id 2 under DRHD base  0xfed91000 IOMMU 1
Nov 14 23:44:25 lzcbox-60378f6b kernel: DMAR-IR: HPET id 0 under DRHD base 0xfed91000
Nov 14 23:44:25 lzcbox-60378f6b kernel: DMAR-IR: x2apic is disabled because BIOS sets x2apic opt out bit.
Nov 14 23:44:25 lzcbox-60378f6b kernel: DMAR-IR: Use 'intremap=no_x2apic_optout' to override the BIOS setting.
Nov 14 23:44:25 lzcbox-60378f6b kernel: DMAR-IR: Enabled IRQ remapping in xapic mode
Nov 14 23:44:25 lzcbox-60378f6b kernel: x2apic: IRQ remapping doesn't support X2APIC mode
Nov 14 23:44:25 lzcbox-60378f6b kernel: ..TIMER: vector=0x30 apic1=0 pin1=2 apic2=-1 pin2=-1
Nov 14 23:44:25 lzcbox-60378f6b kernel: clocksource: tsc-early: mask: 0xffffffffffffffff max_cycles: 0x22df1149949, max_idle_ns: 440795312789 ns
Nov 14 23:44:25 lzcbox-60378f6b kernel: Calibrating delay loop (skipped), value calculated using timer frequency.. 4838.40 BogoMIPS (lpj=9676800)
Nov 14 23:44:25 lzcbox-60378f6b kernel: CPU0: Thermal monitoring enabled (TM1)
Nov 14 23:44:25 lzcbox-60378f6b kernel: x86/cpu: User Mode Instruction Prevention (UMIP) activated
Nov 14 23:44:25 lzcbox-60378f6b kernel: process: using mwait in idle threads
Nov 14 23:44:25 lzcbox-60378f6b kernel: CET detected: Indirect Branch Tracking enabled
Nov 14 23:44:25 lzcbox-60378f6b kernel: Last level iTLB entries: 4KB 0, 2MB 0, 4MB 0
Nov 14 23:44:25 lzcbox-60378f6b kernel: Last level dTLB entries: 4KB 0, 2MB 0, 4MB 0, 1GB 0
Nov 14 23:44:25 lzcbox-60378f6b kernel: Spectre V1 : Mitigation: usercopy/swapgs barriers and __user pointer sanitization
Nov 14 23:44:25 lzcbox-60378f6b kernel: Spectre V2 : Mitigation: Enhanced / Automatic IBRS
Nov 14 23:44:25 lzcbox-60378f6b kernel: Spectre V2 : Spectre v2 / SpectreRSB mitigation: Filling RSB on context switch
Nov 14 23:44:25 lzcbox-60378f6b kernel: Spectre V2 : Spectre v2 / PBRSB-eIBRS: Retire a single CALL on VMEXIT
Nov 14 23:44:25 lzcbox-60378f6b kernel: Spectre V2 : mitigation: Enabling conditional Indirect Branch Prediction Barrier
Nov 14 23:44:25 lzcbox-60378f6b kernel: Speculative Store Bypass: Mitigation: Speculative Store Bypass disabled via prctl
Nov 14 23:44:25 lzcbox-60378f6b kernel: GDS: Vulnerable: No microcode
Nov 14 23:44:25 lzcbox-60378f6b kernel: x86/fpu: Supporting XSAVE feature 0x001: 'x87 floating point registers'
Nov 14 23:44:25 lzcbox-60378f6b kernel: x86/fpu: Supporting XSAVE feature 0x002: 'SSE registers'
Nov 14 23:44:25 lzcbox-60378f6b kernel: x86/fpu: Supporting XSAVE feature 0x004: 'AVX registers'
Nov 14 23:44:25 lzcbox-60378f6b kernel: x86/fpu: Supporting XSAVE feature 0x020: 'AVX-512 opmask'
Nov 14 23:44:25 lzcbox-60378f6b kernel: x86/fpu: Supporting XSAVE feature 0x040: 'AVX-512 Hi256'
Nov 14 23:44:25 lzcbox-60378f6b kernel: x86/fpu: Supporting XSAVE feature 0x080: 'AVX-512 ZMM_Hi256'
Nov 14 23:44:25 lzcbox-60378f6b kernel: x86/fpu: Supporting XSAVE feature 0x200: 'Protection Keys User registers'
Nov 14 23:44:25 lzcbox-60378f6b kernel: x86/fpu: xstate_offset[2]:  576, xstate_sizes[2]:  256
Nov 14 23:44:25 lzcbox-60378f6b kernel: x86/fpu: xstate_offset[5]:  832, xstate_sizes[5]:   64
Nov 14 23:44:25 lzcbox-60378f6b kernel: x86/fpu: xstate_offset[6]:  896, xstate_sizes[6]:  512
Nov 14 23:44:25 lzcbox-60378f6b kernel: x86/fpu: xstate_offset[7]: 1408, xstate_sizes[7]: 1024
Nov 14 23:44:25 lzcbox-60378f6b kernel: x86/fpu: xstate_offset[9]: 2432, xstate_sizes[9]:    8
Nov 14 23:44:25 lzcbox-60378f6b kernel: x86/fpu: Enabled xstate features 0x2e7, context size is 2440 bytes, using 'compacted' format.
Nov 14 23:44:25 lzcbox-60378f6b kernel: Freeing SMP alternatives memory: 36K
Nov 14 23:44:25 lzcbox-60378f6b kernel: pid_max: default: 32768 minimum: 301
Nov 14 23:44:25 lzcbox-60378f6b kernel: LSM: initializing lsm=lockdown,capability,landlock,yama,apparmor,tomoyo,bpf,integrity
Nov 14 23:44:25 lzcbox-60378f6b kernel: landlock: Up and running.
Nov 14 23:44:25 lzcbox-60378f6b kernel: Yama: disabled by default; enable with sysctl kernel.yama.*
Nov 14 23:44:25 lzcbox-60378f6b kernel: AppArmor: AppArmor initialized
Nov 14 23:44:25 lzcbox-60378f6b kernel: TOMOYO Linux initialized
Nov 14 23:44:25 lzcbox-60378f6b kernel: LSM support for eBPF active
Nov 14 23:44:25 lzcbox-60378f6b kernel: Mount-cache hash table entries: 32768 (order: 6, 262144 bytes, linear)
Nov 14 23:44:25 lzcbox-60378f6b kernel: Mountpoint-cache hash table entries: 32768 (order: 6, 262144 bytes, linear)
Nov 14 23:44:25 lzcbox-60378f6b kernel: smpboot: CPU0: 11th Gen Intel(R) Core(TM) i5-1135G7 @ 2.40GHz (family: 0x6, model: 0x8c, stepping: 0x1)
Nov 14 23:44:25 lzcbox-60378f6b kernel: RCU Tasks: Setting shift to 3 and lim to 1 rcu_task_cb_adjust=1.
Nov 14 23:44:25 lzcbox-60378f6b kernel: RCU Tasks Rude: Setting shift to 3 and lim to 1 rcu_task_cb_adjust=1.
Nov 14 23:44:25 lzcbox-60378f6b kernel: RCU Tasks Trace: Setting shift to 3 and lim to 1 rcu_task_cb_adjust=1.
Nov 14 23:44:25 lzcbox-60378f6b kernel: Performance Events: PEBS fmt4+-baseline,  AnyThread deprecated, Icelake events, 32-deep LBR, full-width counters, Intel PMU driver.
Nov 14 23:44:25 lzcbox-60378f6b kernel: ... version:                5
Nov 14 23:44:25 lzcbox-60378f6b kernel: ... bit width:              48
Nov 14 23:44:25 lzcbox-60378f6b kernel: ... generic registers:      8
Nov 14 23:44:25 lzcbox-60378f6b kernel: ... value mask:             0000ffffffffffff
Nov 14 23:44:25 lzcbox-60378f6b kernel: ... max period:             00007fffffffffff
Nov 14 23:44:25 lzcbox-60378f6b kernel: ... fixed-purpose events:   4
Nov 14 23:44:25 lzcbox-60378f6b kernel: ... event mask:             0001000f000000ff
Nov 14 23:44:25 lzcbox-60378f6b kernel: signal: max sigframe size: 3632
Nov 14 23:44:25 lzcbox-60378f6b kernel: Estimated ratio of average max frequency by base frequency (times 1024): 1621
Nov 14 23:44:25 lzcbox-60378f6b kernel: rcu: Hierarchical SRCU implementation.
Nov 14 23:44:25 lzcbox-60378f6b kernel: rcu:         Max phase no-delay instances is 1000.
Nov 14 23:44:25 lzcbox-60378f6b kernel: NMI watchdog: Enabled. Permanently consumes one hw-PMU counter.
Nov 14 23:44:25 lzcbox-60378f6b kernel: smp: Bringing up secondary CPUs ...
Nov 14 23:44:25 lzcbox-60378f6b kernel: smpboot: x86: Booting SMP configuration:
Nov 14 23:44:25 lzcbox-60378f6b kernel: .... node  #0, CPUs:      #1 #2 #3 #4 #5 #6 #7
Nov 14 23:44:25 lzcbox-60378f6b kernel: smp: Brought up 1 node, 8 CPUs
Nov 14 23:44:25 lzcbox-60378f6b kernel: smpboot: Max logical packages: 1
Nov 14 23:44:25 lzcbox-60378f6b kernel: smpboot: Total of 8 processors activated (38707.20 BogoMIPS)
Nov 14 23:44:25 lzcbox-60378f6b kernel: node 0 deferred pages initialised in 24ms
Nov 14 23:44:25 lzcbox-60378f6b kernel: devtmpfs: initialized
Nov 14 23:44:25 lzcbox-60378f6b kernel: x86/mm: Memory block size: 128MB
Nov 14 23:44:25 lzcbox-60378f6b kernel: ACPI: PM: Registering ACPI NVS region [mem 0x7526b000-0x75323fff] (757760 bytes)
Nov 14 23:44:25 lzcbox-60378f6b kernel: clocksource: jiffies: mask: 0xffffffff max_cycles: 0xffffffff, max_idle_ns: 7645041785100000 ns
Nov 14 23:44:25 lzcbox-60378f6b kernel: futex hash table entries: 2048 (order: 5, 131072 bytes, linear)
Nov 14 23:44:25 lzcbox-60378f6b kernel: pinctrl core: initialized pinctrl subsystem
Nov 14 23:44:25 lzcbox-60378f6b kernel: NET: Registered PF_NETLINK/PF_ROUTE protocol family
Nov 14 23:44:25 lzcbox-60378f6b kernel: DMA: preallocated 2048 KiB GFP_KERNEL pool for atomic allocations
Nov 14 23:44:25 lzcbox-60378f6b kernel: DMA: preallocated 2048 KiB GFP_KERNEL|GFP_DMA pool for atomic allocations
Nov 14 23:44:25 lzcbox-60378f6b kernel: DMA: preallocated 2048 KiB GFP_KERNEL|GFP_DMA32 pool for atomic allocations
Nov 14 23:44:25 lzcbox-60378f6b kernel: audit: initializing netlink subsys (disabled)
Nov 14 23:44:25 lzcbox-60378f6b kernel: audit: type=2000 audit(1763135061.088:1): state=initialized audit_enabled=0 res=1
Nov 14 23:44:25 lzcbox-60378f6b kernel: thermal_sys: Registered thermal governor 'fair_share'
Nov 14 23:44:25 lzcbox-60378f6b kernel: thermal_sys: Registered thermal governor 'bang_bang'
Nov 14 23:44:25 lzcbox-60378f6b kernel: thermal_sys: Registered thermal governor 'step_wise'
Nov 14 23:44:25 lzcbox-60378f6b kernel: thermal_sys: Registered thermal governor 'user_space'
Nov 14 23:44:25 lzcbox-60378f6b kernel: thermal_sys: Registered thermal governor 'power_allocator'
Nov 14 23:44:25 lzcbox-60378f6b kernel: cpuidle: using governor ladder
Nov 14 23:44:25 lzcbox-60378f6b kernel: cpuidle: using governor menu
Nov 14 23:44:25 lzcbox-60378f6b kernel: ACPI FADT declares the system doesn't support PCIe ASPM, so disable it
Nov 14 23:44:25 lzcbox-60378f6b kernel: acpiphp: ACPI Hot Plug PCI Controller Driver version: 0.5
Nov 14 23:44:25 lzcbox-60378f6b kernel: PCI: MMCONFIG for domain 0000 [bus 00-04] at [mem 0xc0000000-0xc04fffff] (base 0xc0000000)
Nov 14 23:44:25 lzcbox-60378f6b kernel: PCI: not using MMCONFIG
Nov 14 23:44:25 lzcbox-60378f6b kernel: PCI: Using configuration type 1 for base access
Nov 14 23:44:25 lzcbox-60378f6b kernel: ENERGY_PERF_BIAS: Set to 'normal', was 'performance'
Nov 14 23:44:25 lzcbox-60378f6b kernel: kprobes: kprobe jump-optimization is enabled. All kprobes are optimized if possible.
Nov 14 23:44:25 lzcbox-60378f6b kernel: HugeTLB: registered 1.00 GiB page size, pre-allocated 0 pages
Nov 14 23:44:25 lzcbox-60378f6b kernel: HugeTLB: 16380 KiB vmemmap can be freed for a 1.00 GiB page
Nov 14 23:44:25 lzcbox-60378f6b kernel: HugeTLB: registered 2.00 MiB page size, pre-allocated 0 pages
Nov 14 23:44:25 lzcbox-60378f6b kernel: HugeTLB: 28 KiB vmemmap can be freed for a 2.00 MiB page
Nov 14 23:44:25 lzcbox-60378f6b kernel: ACPI: Added _OSI(Module Device)
Nov 14 23:44:25 lzcbox-60378f6b kernel: ACPI: Added _OSI(Processor Device)
Nov 14 23:44:25 lzcbox-60378f6b kernel: ACPI: Added _OSI(3.0 _SCP Extensions)
Nov 14 23:44:25 lzcbox-60378f6b kernel: ACPI: Added _OSI(Processor Aggregator Device)
Nov 14 23:44:25 lzcbox-60378f6b kernel: ACPI: 9 ACPI AML tables successfully acquired and loaded
Nov 14 23:44:25 lzcbox-60378f6b kernel: ACPI: Dynamic OEM Table Load:
Nov 14 23:44:25 lzcbox-60378f6b kernel: ACPI: SSDT 0xFFFF8CF0011D5600 0001CB (v02 PmRef  Cpu0Psd  00003000 INTL 20191018)
Nov 14 23:44:25 lzcbox-60378f6b kernel: ACPI: \_SB_.PR00: _OSC native thermal LVT Acked
Nov 14 23:44:25 lzcbox-60378f6b kernel: ACPI: Dynamic OEM Table Load:
Nov 14 23:44:25 lzcbox-60378f6b kernel: ACPI: SSDT 0xFFFF8CF001169C00 000394 (v02 PmRef  Cpu0Cst  00003001 INTL 20191018)
Nov 14 23:44:25 lzcbox-60378f6b kernel: ACPI: Dynamic OEM Table Load:
Nov 14 23:44:25 lzcbox-60378f6b kernel: ACPI: SSDT 0xFFFF8CF000F00000 0005C3 (v02 PmRef  Cpu0Ist  00003000 INTL 20191018)
Nov 14 23:44:25 lzcbox-60378f6b kernel: ACPI: Dynamic OEM Table Load:
Nov 14 23:44:25 lzcbox-60378f6b kernel: ACPI: SSDT 0xFFFF8CF001169000 00028B (v02 PmRef  Cpu0Hwp  00003000 INTL 20191018)
Nov 14 23:44:25 lzcbox-60378f6b kernel: ACPI: Dynamic OEM Table Load:
Nov 14 23:44:25 lzcbox-60378f6b kernel: ACPI: SSDT 0xFFFF8CF000128000 0008E7 (v02 PmRef  ApIst    00003000 INTL 20191018)
Nov 14 23:44:25 lzcbox-60378f6b kernel: ACPI: Dynamic OEM Table Load:
Nov 14 23:44:25 lzcbox-60378f6b kernel: ACPI: SSDT 0xFFFF8CF001196800 00048A (v02 PmRef  ApHwp    00003000 INTL 20191018)
Nov 14 23:44:25 lzcbox-60378f6b kernel: ACPI: Dynamic OEM Table Load:
Nov 14 23:44:25 lzcbox-60378f6b kernel: ACPI: SSDT 0xFFFF8CF001192800 0004D4 (v02 PmRef  ApPsd    00003000 INTL 20191018)
Nov 14 23:44:25 lzcbox-60378f6b kernel: ACPI: Dynamic OEM Table Load:
Nov 14 23:44:25 lzcbox-60378f6b kernel: ACPI: SSDT 0xFFFF8CF001191800 00048A (v02 PmRef  ApCst    00003000 INTL 20191018)
Nov 14 23:44:25 lzcbox-60378f6b kernel: ACPI: Interpreter enabled
Nov 14 23:44:25 lzcbox-60378f6b kernel: ACPI: PM: (supports S0 S3 S4 S5)
Nov 14 23:44:25 lzcbox-60378f6b kernel: ACPI: Using IOAPIC for interrupt routing
Nov 14 23:44:25 lzcbox-60378f6b kernel: PCI: MMCONFIG for domain 0000 [bus 00-04] at [mem 0xc0000000-0xc04fffff] (base 0xc0000000)
Nov 14 23:44:25 lzcbox-60378f6b kernel: PCI: MMCONFIG at [mem 0xc0000000-0xc04fffff] reserved as ACPI motherboard resource
Nov 14 23:44:25 lzcbox-60378f6b kernel: PCI: Using host bridge windows from ACPI; if necessary, use "pci=nocrs" and report a bug
Nov 14 23:44:25 lzcbox-60378f6b kernel: PCI: Ignoring E820 reservations for host bridge windows
Nov 14 23:44:25 lzcbox-60378f6b kernel: ACPI: Enabled 7 GPEs in block 00 to 7F
Nov 14 23:44:25 lzcbox-60378f6b kernel: ACPI: \_SB_.PC00.RP10.PXSX.WRST: New power resource
Nov 14 23:44:25 lzcbox-60378f6b kernel: ACPI: \_SB_.PC00.RP10.PXSX.DRST: New power resource
Nov 14 23:44:25 lzcbox-60378f6b kernel: ACPI: \_SB_.PC00.SAT0.VOL0.V0PR: New power resource
Nov 14 23:44:25 lzcbox-60378f6b kernel: ACPI: \_SB_.PC00.SAT0.VOL1.V1PR: New power resource
Nov 14 23:44:25 lzcbox-60378f6b kernel: ACPI: \_SB_.PC00.SAT0.VOL2.V2PR: New power resource
Nov 14 23:44:25 lzcbox-60378f6b kernel: ACPI: \_SB_.PC00.CNVW.WRST: New power resource
Nov 14 23:44:25 lzcbox-60378f6b kernel: ACPI: \_TZ_.FN00: New power resource
Nov 14 23:44:25 lzcbox-60378f6b kernel: ACPI: \_TZ_.FN01: New power resource
Nov 14 23:44:25 lzcbox-60378f6b kernel: ACPI: \_TZ_.FN02: New power resource
Nov 14 23:44:25 lzcbox-60378f6b kernel: ACPI: \_TZ_.FN03: New power resource
Nov 14 23:44:25 lzcbox-60378f6b kernel: ACPI: \_TZ_.FN04: New power resource
Nov 14 23:44:25 lzcbox-60378f6b kernel: ACPI: \PIN_: New power resource
Nov 14 23:44:25 lzcbox-60378f6b kernel: ACPI: PCI Root Bridge [PC00] (domain 0000 [bus 00-04])
Nov 14 23:44:25 lzcbox-60378f6b kernel: acpi PNP0A08:00: _OSC: OS supports [ExtendedConfig ASPM ClockPM Segments MSI HPX-Type3]
Nov 14 23:44:25 lzcbox-60378f6b kernel: acpi PNP0A08:00: _OSC: platform does not support [PCIeHotplug SHPCHotplug PME]
Nov 14 23:44:25 lzcbox-60378f6b kernel: acpi PNP0A08:00: _OSC: OS now controls [AER PCIeCapability LTR]
Nov 14 23:44:25 lzcbox-60378f6b kernel: acpi PNP0A08:00: FADT indicates ASPM is unsupported, using BIOS configuration
Nov 14 23:44:25 lzcbox-60378f6b kernel: PCI host bridge to bus 0000:00
Nov 14 23:44:25 lzcbox-60378f6b kernel: pci_bus 0000:00: root bus resource [io  0x0000-0x0cf7 window]
Nov 14 23:44:25 lzcbox-60378f6b kernel: pci_bus 0000:00: root bus resource [io  0x0d00-0xffff window]
Nov 14 23:44:25 lzcbox-60378f6b kernel: pci_bus 0000:00: root bus resource [mem 0x000a0000-0x000bffff window]
Nov 14 23:44:25 lzcbox-60378f6b kernel: pci_bus 0000:00: root bus resource [mem 0x000e0000-0x000fffff window]
Nov 14 23:44:25 lzcbox-60378f6b kernel: pci_bus 0000:00: root bus resource [mem 0x80400000-0xbfffffff window]
Nov 14 23:44:25 lzcbox-60378f6b kernel: pci_bus 0000:00: root bus resource [mem 0x4000000000-0x7fffffffff window]
Nov 14 23:44:25 lzcbox-60378f6b kernel: pci_bus 0000:00: root bus resource [bus 00-04]
Nov 14 23:44:25 lzcbox-60378f6b kernel: pci 0000:00:00.0: [8086:9a14] type 00 class 0x060000
Nov 14 23:44:25 lzcbox-60378f6b kernel: pci 0000:00:02.0: [8086:9a49] type 00 class 0x030000
Nov 14 23:44:25 lzcbox-60378f6b kernel: pci 0000:00:02.0: reg 0x10: [mem 0x60e7000000-0x60e7ffffff 64bit]
Nov 14 23:44:25 lzcbox-60378f6b kernel: pci 0000:00:02.0: reg 0x18: [mem 0x4000000000-0x400fffffff 64bit pref]
Nov 14 23:44:25 lzcbox-60378f6b kernel: pci 0000:00:02.0: reg 0x20: [io  0x3000-0x303f]
Nov 14 23:44:25 lzcbox-60378f6b kernel: pci 0000:00:02.0: DMAR: Skip IOMMU disabling for graphics
Nov 14 23:44:25 lzcbox-60378f6b kernel: pci 0000:00:02.0: Video device with shadowed ROM at [mem 0x000c0000-0x000dffff]
Nov 14 23:44:25 lzcbox-60378f6b kernel: pci 0000:00:02.0: reg 0x344: [mem 0x60e0000000-0x60e0ffffff 64bit]
Nov 14 23:44:25 lzcbox-60378f6b kernel: pci 0000:00:02.0: VF(n) BAR0 space: [mem 0x60e0000000-0x60e6ffffff 64bit] (contains BAR0 for 7 VFs)
Nov 14 23:44:25 lzcbox-60378f6b kernel: pci 0000:00:02.0: reg 0x34c: [mem 0x6000000000-0x601fffffff 64bit pref]
Nov 14 23:44:25 lzcbox-60378f6b kernel: pci 0000:00:02.0: VF(n) BAR2 space: [mem 0x6000000000-0x60dfffffff 64bit pref] (contains BAR2 for 7 VFs)
Nov 14 23:44:25 lzcbox-60378f6b kernel: pci 0000:00:06.0: [8086:9a09] type 01 class 0x060400
Nov 14 23:44:25 lzcbox-60378f6b kernel: pci 0000:00:06.0: PME# supported from D0 D3hot D3cold
Nov 14 23:44:25 lzcbox-60378f6b kernel: pci 0000:00:06.0: PTM enabled (root), 4ns granularity
Nov 14 23:44:25 lzcbox-60378f6b kernel: pci 0000:00:08.0: [8086:9a11] type 00 class 0x088000
Nov 14 23:44:25 lzcbox-60378f6b kernel: pci 0000:00:08.0: reg 0x10: [mem 0x60e811b000-0x60e811bfff 64bit]
Nov 14 23:44:25 lzcbox-60378f6b kernel: pci 0000:00:14.0: [8086:a0ed] type 00 class 0x0c0330
Nov 14 23:44:25 lzcbox-60378f6b kernel: pci 0000:00:14.0: reg 0x10: [mem 0x60e8100000-0x60e810ffff 64bit]
Nov 14 23:44:25 lzcbox-60378f6b kernel: pci 0000:00:14.0: PME# supported from D3hot D3cold
Nov 14 23:44:25 lzcbox-60378f6b kernel: pci 0000:00:14.2: [8086:a0ef] type 00 class 0x050000
Nov 14 23:44:25 lzcbox-60378f6b kernel: pci 0000:00:14.2: reg 0x10: [mem 0x60e8114000-0x60e8117fff 64bit]
Nov 14 23:44:25 lzcbox-60378f6b kernel: pci 0000:00:14.2: reg 0x18: [mem 0x60e811a000-0x60e811afff 64bit]
Nov 14 23:44:25 lzcbox-60378f6b kernel: pci 0000:00:16.0: [8086:a0e0] type 00 class 0x078000
Nov 14 23:44:25 lzcbox-60378f6b kernel: pci 0000:00:16.0: reg 0x10: [mem 0x60e8119000-0x60e8119fff 64bit]
Nov 14 23:44:25 lzcbox-60378f6b kernel: pci 0000:00:16.0: PME# supported from D3hot
Nov 14 23:44:25 lzcbox-60378f6b kernel: pci 0000:00:17.0: [8086:a0d3] type 00 class 0x010601
Nov 14 23:44:25 lzcbox-60378f6b kernel: pci 0000:00:17.0: reg 0x10: [mem 0x80a00000-0x80a01fff]
Nov 14 23:44:25 lzcbox-60378f6b kernel: pci 0000:00:17.0: reg 0x14: [mem 0x80a03000-0x80a030ff]
Nov 14 23:44:25 lzcbox-60378f6b kernel: pci 0000:00:17.0: reg 0x18: [io  0x3090-0x3097]
Nov 14 23:44:25 lzcbox-60378f6b kernel: pci 0000:00:17.0: reg 0x1c: [io  0x3080-0x3083]
Nov 14 23:44:25 lzcbox-60378f6b kernel: pci 0000:00:17.0: reg 0x20: [io  0x3060-0x307f]
Nov 14 23:44:25 lzcbox-60378f6b kernel: pci 0000:00:17.0: reg 0x24: [mem 0x80a02000-0x80a027ff]
Nov 14 23:44:25 lzcbox-60378f6b kernel: pci 0000:00:17.0: PME# supported from D3hot
Nov 14 23:44:25 lzcbox-60378f6b kernel: pci 0000:00:1c.0: [8086:a0bc] type 01 class 0x060400
Nov 14 23:44:25 lzcbox-60378f6b kernel: pci 0000:00:1c.0: PME# supported from D0 D3hot D3cold
Nov 14 23:44:25 lzcbox-60378f6b kernel: pci 0000:00:1c.0: PTM enabled (root), 4ns granularity
Nov 14 23:44:25 lzcbox-60378f6b kernel: pci 0000:00:1c.5: [8086:a0bd] type 01 class 0x060400
Nov 14 23:44:25 lzcbox-60378f6b kernel: pci 0000:00:1c.5: PME# supported from D0 D3hot D3cold
Nov 14 23:44:25 lzcbox-60378f6b kernel: pci 0000:00:1c.5: PTM enabled (root), 4ns granularity
Nov 14 23:44:25 lzcbox-60378f6b kernel: pci 0000:00:1d.0: [8086:a0b1] type 01 class 0x060400
Nov 14 23:44:25 lzcbox-60378f6b kernel: pci 0000:00:1d.0: PME# supported from D0 D3hot D3cold
Nov 14 23:44:25 lzcbox-60378f6b kernel: pci 0000:00:1d.0: PTM enabled (root), 4ns granularity
Nov 14 23:44:25 lzcbox-60378f6b kernel: pci 0000:00:1f.0: [8086:a082] type 00 class 0x060100
Nov 14 23:44:25 lzcbox-60378f6b kernel: pci 0000:00:1f.3: [8086:a0c8] type 00 class 0x040300
Nov 14 23:44:25 lzcbox-60378f6b kernel: pci 0000:00:1f.3: reg 0x10: [mem 0x60e8110000-0x60e8113fff 64bit]
Nov 14 23:44:25 lzcbox-60378f6b kernel: pci 0000:00:1f.3: reg 0x20: [mem 0x60e8000000-0x60e80fffff 64bit]
Nov 14 23:44:25 lzcbox-60378f6b kernel: pci 0000:00:1f.3: PME# supported from D3hot D3cold
Nov 14 23:44:25 lzcbox-60378f6b kernel: pci 0000:00:1f.4: [8086:a0a3] type 00 class 0x0c0500
Nov 14 23:44:25 lzcbox-60378f6b kernel: pci 0000:00:1f.4: reg 0x10: [mem 0x60e8118000-0x60e81180ff 64bit]
Nov 14 23:44:25 lzcbox-60378f6b kernel: pci 0000:00:1f.4: reg 0x20: [io  0xefa0-0xefbf]
Nov 14 23:44:25 lzcbox-60378f6b kernel: pci 0000:00:1f.5: [8086:a0a4] type 00 class 0x0c8000
Nov 14 23:44:25 lzcbox-60378f6b kernel: pci 0000:00:1f.5: reg 0x10: [mem 0xfe010000-0xfe010fff]
Nov 14 23:44:25 lzcbox-60378f6b kernel: pci 0000:01:00.0: [025e:f1ab] type 00 class 0x010802
Nov 14 23:44:25 lzcbox-60378f6b kernel: pci 0000:01:00.0: reg 0x10: [mem 0x80900000-0x80903fff 64bit]
Nov 14 23:44:25 lzcbox-60378f6b kernel: pci 0000:00:06.0: PCI bridge to [bus 01]
Nov 14 23:44:25 lzcbox-60378f6b kernel: pci 0000:00:06.0:   bridge window [mem 0x80900000-0x809fffff]
Nov 14 23:44:25 lzcbox-60378f6b kernel: pci 0000:02:00.0: [8086:125c] type 00 class 0x020000
Nov 14 23:44:25 lzcbox-60378f6b kernel: pci 0000:02:00.0: reg 0x10: [mem 0x80500000-0x805fffff]
Nov 14 23:44:25 lzcbox-60378f6b kernel: pci 0000:02:00.0: reg 0x1c: [mem 0x80600000-0x80603fff]
Nov 14 23:44:25 lzcbox-60378f6b kernel: pci 0000:02:00.0: reg 0x30: [mem 0x80400000-0x804fffff pref]
Nov 14 23:44:25 lzcbox-60378f6b kernel: pci 0000:02:00.0: PME# supported from D0 D3hot D3cold
Nov 14 23:44:25 lzcbox-60378f6b kernel: pci 0000:00:1c.0: PCI bridge to [bus 02]
Nov 14 23:44:25 lzcbox-60378f6b kernel: pci 0000:00:1c.0:   bridge window [mem 0x80400000-0x806fffff]
Nov 14 23:44:25 lzcbox-60378f6b kernel: pci 0000:03:00.0: [1106:3483] type 00 class 0x0c0330
Nov 14 23:44:25 lzcbox-60378f6b kernel: pci 0000:03:00.0: reg 0x10: [mem 0x80800000-0x80800fff 64bit]
Nov 14 23:44:25 lzcbox-60378f6b kernel: pci 0000:03:00.0: PME# supported from D0 D3cold
Nov 14 23:44:25 lzcbox-60378f6b kernel: pci 0000:03:00.0: 2.000 Gb/s available PCIe bandwidth, limited by 2.5 GT/s PCIe x1 link at 0000:00:1c.5 (capable of 4.000 Gb/s with 5.0 GT/s PCIe x1 link)
Nov 14 23:44:25 lzcbox-60378f6b kernel: pci 0000:00:1c.5: PCI bridge to [bus 03]
Nov 14 23:44:25 lzcbox-60378f6b kernel: pci 0000:00:1c.5:   bridge window [mem 0x80800000-0x808fffff]
Nov 14 23:44:25 lzcbox-60378f6b kernel: pci 0000:04:00.0: [8086:2725] type 00 class 0x028000
Nov 14 23:44:25 lzcbox-60378f6b kernel: pci 0000:04:00.0: reg 0x10: [mem 0x80700000-0x80703fff 64bit]
Nov 14 23:44:25 lzcbox-60378f6b kernel: pci 0000:04:00.0: PME# supported from D0 D3hot D3cold
Nov 14 23:44:25 lzcbox-60378f6b kernel: pci 0000:00:1d.0: PCI bridge to [bus 04]
Nov 14 23:44:25 lzcbox-60378f6b kernel: pci 0000:00:1d.0:   bridge window [mem 0x80700000-0x807fffff]
Nov 14 23:44:25 lzcbox-60378f6b kernel: ACPI: PCI: Interrupt link LNKA configured for IRQ 0
Nov 14 23:44:25 lzcbox-60378f6b kernel: ACPI: PCI: Interrupt link LNKB configured for IRQ 1
Nov 14 23:44:25 lzcbox-60378f6b kernel: ACPI: PCI: Interrupt link LNKC configured for IRQ 0
Nov 14 23:44:25 lzcbox-60378f6b kernel: ACPI: PCI: Interrupt link LNKD configured for IRQ 0
Nov 14 23:44:25 lzcbox-60378f6b kernel: ACPI: PCI: Interrupt link LNKE configured for IRQ 0
Nov 14 23:44:25 lzcbox-60378f6b kernel: ACPI: PCI: Interrupt link LNKF configured for IRQ 0
Nov 14 23:44:25 lzcbox-60378f6b kernel: ACPI: PCI: Interrupt link LNKG configured for IRQ 0
Nov 14 23:44:25 lzcbox-60378f6b kernel: ACPI: PCI: Interrupt link LNKH configured for IRQ 0
Nov 14 23:44:25 lzcbox-60378f6b kernel: iommu: Default domain type: Translated
Nov 14 23:44:25 lzcbox-60378f6b kernel: iommu: DMA domain TLB invalidation policy: lazy mode
Nov 14 23:44:25 lzcbox-60378f6b kernel: pps_core: LinuxPPS API ver. 1 registered
Nov 14 23:44:25 lzcbox-60378f6b kernel: pps_core: Software ver. 5.3.6 - Copyright 2005-2007 Rodolfo Giometti <giometti@linux.it>
Nov 14 23:44:25 lzcbox-60378f6b kernel: PTP clock support registered
Nov 14 23:44:25 lzcbox-60378f6b kernel: EDAC MC: Ver: 3.0.0
Nov 14 23:44:25 lzcbox-60378f6b kernel: efivars: Registered efivars operations
Nov 14 23:44:25 lzcbox-60378f6b kernel: NetLabel: Initializing
Nov 14 23:44:25 lzcbox-60378f6b kernel: NetLabel:  domain hash size = 128
Nov 14 23:44:25 lzcbox-60378f6b kernel: NetLabel:  protocols = UNLABELED CIPSOv4 CALIPSO
Nov 14 23:44:25 lzcbox-60378f6b kernel: NetLabel:  unlabeled traffic allowed by default
Nov 14 23:44:25 lzcbox-60378f6b kernel: PCI: Using ACPI for IRQ routing
Nov 14 23:44:25 lzcbox-60378f6b kernel: PCI: pci_cache_line_size set to 64 bytes
Nov 14 23:44:25 lzcbox-60378f6b kernel: pci 0000:00:1f.5: can't claim BAR 0 [mem 0xfe010000-0xfe010fff]: no compatible bridge window
Nov 14 23:44:25 lzcbox-60378f6b kernel: e820: reserve RAM buffer [mem 0x0009f000-0x0009ffff]
Nov 14 23:44:25 lzcbox-60378f6b kernel: e820: reserve RAM buffer [mem 0x70a85000-0x73ffffff]
Nov 14 23:44:25 lzcbox-60378f6b kernel: e820: reserve RAM buffer [mem 0x7209f000-0x73ffffff]
Nov 14 23:44:25 lzcbox-60378f6b kernel: e820: reserve RAM buffer [mem 0x75c00000-0x77ffffff]
Nov 14 23:44:25 lzcbox-60378f6b kernel: e820: reserve RAM buffer [mem 0x47fc00000-0x47fffffff]
Nov 14 23:44:25 lzcbox-60378f6b kernel: pci 0000:00:02.0: vgaarb: setting as boot VGA device
Nov 14 23:44:25 lzcbox-60378f6b kernel: pci 0000:00:02.0: vgaarb: bridge control possible
Nov 14 23:44:25 lzcbox-60378f6b kernel: pci 0000:00:02.0: vgaarb: VGA device added: decodes=io+mem,owns=io+mem,locks=none
Nov 14 23:44:25 lzcbox-60378f6b kernel: vgaarb: loaded
Nov 14 23:44:25 lzcbox-60378f6b kernel: hpet0: at MMIO 0xfed00000, IRQs 2, 8, 0, 0, 0, 0, 0, 0
Nov 14 23:44:25 lzcbox-60378f6b kernel: hpet0: 8 comparators, 64-bit 19.200000 MHz counter
Nov 14 23:44:25 lzcbox-60378f6b kernel: clocksource: Switched to clocksource tsc-early
Nov 14 23:44:25 lzcbox-60378f6b kernel: VFS: Disk quotas dquot_6.6.0
Nov 14 23:44:25 lzcbox-60378f6b kernel: VFS: Dquot-cache hash table entries: 512 (order 0, 4096 bytes)
Nov 14 23:44:25 lzcbox-60378f6b kernel: AppArmor: AppArmor Filesystem Enabled
Nov 14 23:44:25 lzcbox-60378f6b kernel: pnp: PnP ACPI init
Nov 14 23:44:25 lzcbox-60378f6b kernel: system 00:00: [io  0x0a00-0x0a0f] has been reserved
Nov 14 23:44:25 lzcbox-60378f6b kernel: system 00:00: [io  0x0a10-0x0a1f] has been reserved
Nov 14 23:44:25 lzcbox-60378f6b kernel: system 00:00: [io  0x0a20-0x0a2f] has been reserved
Nov 14 23:44:25 lzcbox-60378f6b kernel: system 00:00: [io  0x0a30-0x0a3f] has been reserved
Nov 14 23:44:25 lzcbox-60378f6b kernel: system 00:01: [io  0x0680-0x069f] has been reserved
Nov 14 23:44:25 lzcbox-60378f6b kernel: system 00:01: [io  0x164e-0x164f] has been reserved
Nov 14 23:44:25 lzcbox-60378f6b kernel: system 00:02: [io  0x1854-0x1857] has been reserved
Nov 14 23:44:25 lzcbox-60378f6b kernel: system 00:03: [mem 0xfedc0000-0xfedc7fff] has been reserved
Nov 14 23:44:25 lzcbox-60378f6b kernel: system 00:03: [mem 0xfeda0000-0xfeda0fff] has been reserved
Nov 14 23:44:25 lzcbox-60378f6b kernel: system 00:03: [mem 0xfeda1000-0xfeda1fff] has been reserved
Nov 14 23:44:25 lzcbox-60378f6b kernel: system 00:03: [mem 0xc0000000-0xcfffffff] has been reserved
Nov 14 23:44:25 lzcbox-60378f6b kernel: system 00:03: [mem 0xfed20000-0xfed7ffff] could not be reserved
Nov 14 23:44:25 lzcbox-60378f6b kernel: system 00:03: [mem 0xfed90000-0xfed93fff] could not be reserved
Nov 14 23:44:25 lzcbox-60378f6b kernel: system 00:03: [mem 0xfed45000-0xfed8ffff] could not be reserved
Nov 14 23:44:25 lzcbox-60378f6b kernel: system 00:03: [mem 0xfee00000-0xfeefffff] could not be reserved
Nov 14 23:44:25 lzcbox-60378f6b kernel: system 00:04: [io  0x1800-0x18fe] could not be reserved
Nov 14 23:44:25 lzcbox-60378f6b kernel: system 00:04: [mem 0xfe000000-0xfe01ffff] could not be reserved
Nov 14 23:44:25 lzcbox-60378f6b kernel: system 00:04: [mem 0xfe04c000-0xfe04ffff] has been reserved
Nov 14 23:44:25 lzcbox-60378f6b kernel: system 00:04: [mem 0xfe050000-0xfe0affff] has been reserved
Nov 14 23:44:25 lzcbox-60378f6b kernel: system 00:04: [mem 0xfe0d0000-0xfe0fffff] has been reserved
Nov 14 23:44:25 lzcbox-60378f6b kernel: system 00:04: [mem 0xfe200000-0xfe7fffff] has been reserved
Nov 14 23:44:25 lzcbox-60378f6b kernel: system 00:04: [mem 0xff000000-0xffffffff] has been reserved
Nov 14 23:44:25 lzcbox-60378f6b kernel: system 00:04: [mem 0xfd000000-0xfd68ffff] has been reserved
Nov 14 23:44:25 lzcbox-60378f6b kernel: system 00:04: [mem 0xfd6b0000-0xfd6cffff] has been reserved
Nov 14 23:44:25 lzcbox-60378f6b kernel: system 00:04: [mem 0xfd6f0000-0xfdffffff] has been reserved
Nov 14 23:44:25 lzcbox-60378f6b kernel: system 00:05: [io  0x2000-0x20fe] has been reserved
Nov 14 23:44:25 lzcbox-60378f6b kernel: system 00:06: [mem 0xfd6e0000-0xfd6effff] has been reserved
Nov 14 23:44:25 lzcbox-60378f6b kernel: system 00:06: [mem 0xfd6d0000-0xfd6dffff] has been reserved
Nov 14 23:44:25 lzcbox-60378f6b kernel: system 00:06: [mem 0xfd6a0000-0xfd6affff] has been reserved
Nov 14 23:44:25 lzcbox-60378f6b kernel: system 00:06: [mem 0xfd690000-0xfd69ffff] has been reserved
Nov 14 23:44:25 lzcbox-60378f6b kernel: pnp: PnP ACPI: found 8 devices
Nov 14 23:44:25 lzcbox-60378f6b kernel: clocksource: acpi_pm: mask: 0xffffff max_cycles: 0xffffff, max_idle_ns: 2085701024 ns
Nov 14 23:44:25 lzcbox-60378f6b kernel: NET: Registered PF_INET protocol family
Nov 14 23:44:25 lzcbox-60378f6b kernel: IP idents hash table entries: 262144 (order: 9, 2097152 bytes, linear)
Nov 14 23:44:25 lzcbox-60378f6b kernel: tcp_listen_portaddr_hash hash table entries: 8192 (order: 5, 131072 bytes, linear)
Nov 14 23:44:25 lzcbox-60378f6b kernel: Table-perturb hash table entries: 65536 (order: 6, 262144 bytes, linear)
Nov 14 23:44:25 lzcbox-60378f6b kernel: TCP established hash table entries: 131072 (order: 8, 1048576 bytes, linear)
Nov 14 23:44:25 lzcbox-60378f6b kernel: TCP bind hash table entries: 65536 (order: 9, 2097152 bytes, linear)
Nov 14 23:44:25 lzcbox-60378f6b kernel: TCP: Hash tables configured (established 131072 bind 65536)
Nov 14 23:44:25 lzcbox-60378f6b kernel: MPTCP token hash table entries: 16384 (order: 6, 393216 bytes, linear)
Nov 14 23:44:25 lzcbox-60378f6b kernel: UDP hash table entries: 8192 (order: 6, 262144 bytes, linear)
Nov 14 23:44:25 lzcbox-60378f6b kernel: UDP-Lite hash table entries: 8192 (order: 6, 262144 bytes, linear)
Nov 14 23:44:25 lzcbox-60378f6b kernel: NET: Registered PF_UNIX/PF_LOCAL protocol family
Nov 14 23:44:25 lzcbox-60378f6b kernel: NET: Registered PF_XDP protocol family
Nov 14 23:44:25 lzcbox-60378f6b kernel: pci 0000:00:1f.5: BAR 0: assigned [mem 0x80a04000-0x80a04fff]
Nov 14 23:44:25 lzcbox-60378f6b kernel: pci 0000:00:06.0: PCI bridge to [bus 01]
Nov 14 23:44:25 lzcbox-60378f6b kernel: pci 0000:00:06.0:   bridge window [mem 0x80900000-0x809fffff]
Nov 14 23:44:25 lzcbox-60378f6b kernel: pci 0000:00:1c.0: PCI bridge to [bus 02]
Nov 14 23:44:25 lzcbox-60378f6b kernel: pci 0000:00:1c.0:   bridge window [mem 0x80400000-0x806fffff]
Nov 14 23:44:25 lzcbox-60378f6b kernel: pci 0000:00:1c.5: PCI bridge to [bus 03]
Nov 14 23:44:25 lzcbox-60378f6b kernel: pci 0000:00:1c.5:   bridge window [mem 0x80800000-0x808fffff]
Nov 14 23:44:25 lzcbox-60378f6b kernel: pci 0000:00:1d.0: PCI bridge to [bus 04]
Nov 14 23:44:25 lzcbox-60378f6b kernel: pci 0000:00:1d.0:   bridge window [mem 0x80700000-0x807fffff]
Nov 14 23:44:25 lzcbox-60378f6b kernel: pci_bus 0000:00: resource 4 [io  0x0000-0x0cf7 window]
Nov 14 23:44:25 lzcbox-60378f6b kernel: pci_bus 0000:00: resource 5 [io  0x0d00-0xffff window]
Nov 14 23:44:25 lzcbox-60378f6b kernel: pci_bus 0000:00: resource 6 [mem 0x000a0000-0x000bffff window]
Nov 14 23:44:25 lzcbox-60378f6b kernel: pci_bus 0000:00: resource 7 [mem 0x000e0000-0x000fffff window]
Nov 14 23:44:25 lzcbox-60378f6b kernel: pci_bus 0000:00: resource 8 [mem 0x80400000-0xbfffffff window]
Nov 14 23:44:25 lzcbox-60378f6b kernel: pci_bus 0000:00: resource 9 [mem 0x4000000000-0x7fffffffff window]
Nov 14 23:44:25 lzcbox-60378f6b kernel: pci_bus 0000:01: resource 1 [mem 0x80900000-0x809fffff]
Nov 14 23:44:25 lzcbox-60378f6b kernel: pci_bus 0000:02: resource 1 [mem 0x80400000-0x806fffff]
Nov 14 23:44:25 lzcbox-60378f6b kernel: pci_bus 0000:03: resource 1 [mem 0x80800000-0x808fffff]
Nov 14 23:44:25 lzcbox-60378f6b kernel: pci_bus 0000:04: resource 1 [mem 0x80700000-0x807fffff]
Nov 14 23:44:25 lzcbox-60378f6b kernel: PCI: CLS 64 bytes, default 64
Nov 14 23:44:25 lzcbox-60378f6b kernel: PCI-DMA: Using software bounce buffering for IO (SWIOTLB)
Nov 14 23:44:25 lzcbox-60378f6b kernel: software IO TLB: mapped [mem 0x0000000068b1c000-0x000000006cb1c000] (64MB)
Nov 14 23:44:25 lzcbox-60378f6b kernel: clocksource: tsc: mask: 0xffffffffffffffff max_cycles: 0x22df1149949, max_idle_ns: 440795312789 ns
Nov 14 23:44:25 lzcbox-60378f6b kernel: Trying to unpack rootfs image as initramfs...
Nov 14 23:44:25 lzcbox-60378f6b kernel: clocksource: Switched to clocksource tsc
Nov 14 23:44:25 lzcbox-60378f6b kernel: platform rtc_cmos: registered platform RTC device (no PNP device found)
Nov 14 23:44:25 lzcbox-60378f6b kernel: Initialise system trusted keyrings
Nov 14 23:44:25 lzcbox-60378f6b kernel: Key type blacklist registered
Nov 14 23:44:25 lzcbox-60378f6b kernel: workingset: timestamp_bits=36 max_order=22 bucket_order=0
Nov 14 23:44:25 lzcbox-60378f6b kernel: zbud: loaded
Nov 14 23:44:25 lzcbox-60378f6b kernel: integrity: Platform Keyring initialized
Nov 14 23:44:25 lzcbox-60378f6b kernel: integrity: Machine keyring initialized
Nov 14 23:44:25 lzcbox-60378f6b kernel: Key type asymmetric registered
Nov 14 23:44:25 lzcbox-60378f6b kernel: Asymmetric key parser 'x509' registered
Nov 14 23:44:25 lzcbox-60378f6b kernel: Freeing initrd memory: 10496K
Nov 14 23:44:25 lzcbox-60378f6b kernel: Block layer SCSI generic (bsg) driver version 0.4 loaded (major 247)
Nov 14 23:44:25 lzcbox-60378f6b kernel: io scheduler mq-deadline registered
Nov 14 23:44:25 lzcbox-60378f6b kernel: pcieport 0000:00:06.0: AER: enabled with IRQ 122
Nov 14 23:44:25 lzcbox-60378f6b kernel: pcieport 0000:00:06.0: DPC: enabled with IRQ 122
Nov 14 23:44:25 lzcbox-60378f6b kernel: pcieport 0000:00:06.0: DPC: error containment capabilities: Int Msg #0, RPExt+ PoisonedTLP+ SwTrigger+ RP PIO Log 4, DL_ActiveErr+
Nov 14 23:44:25 lzcbox-60378f6b kernel: pcieport 0000:00:1c.0: AER: enabled with IRQ 123
Nov 14 23:44:25 lzcbox-60378f6b kernel: pcieport 0000:00:1c.0: DPC: enabled with IRQ 123
Nov 14 23:44:25 lzcbox-60378f6b kernel: pcieport 0000:00:1c.0: DPC: error containment capabilities: Int Msg #0, RPExt+ PoisonedTLP+ SwTrigger+ RP PIO Log 4, DL_ActiveErr+
Nov 14 23:44:25 lzcbox-60378f6b kernel: pcieport 0000:00:1c.5: AER: enabled with IRQ 124
Nov 14 23:44:25 lzcbox-60378f6b kernel: pcieport 0000:00:1c.5: DPC: enabled with IRQ 124
Nov 14 23:44:25 lzcbox-60378f6b kernel: pcieport 0000:00:1c.5: DPC: error containment capabilities: Int Msg #0, RPExt+ PoisonedTLP+ SwTrigger+ RP PIO Log 4, DL_ActiveErr+
Nov 14 23:44:25 lzcbox-60378f6b kernel: pcieport 0000:00:1d.0: AER: enabled with IRQ 125
Nov 14 23:44:25 lzcbox-60378f6b kernel: pcieport 0000:00:1d.0: DPC: enabled with IRQ 125
Nov 14 23:44:25 lzcbox-60378f6b kernel: pcieport 0000:00:1d.0: DPC: error containment capabilities: Int Msg #0, RPExt+ PoisonedTLP+ SwTrigger+ RP PIO Log 4, DL_ActiveErr+
Nov 14 23:44:25 lzcbox-60378f6b kernel: shpchp: Standard Hot Plug PCI Controller Driver version: 0.4
Nov 14 23:44:25 lzcbox-60378f6b kernel: Monitor-Mwait will be used to enter C-1 state
Nov 14 23:44:25 lzcbox-60378f6b kernel: Monitor-Mwait will be used to enter C-2 state
Nov 14 23:44:25 lzcbox-60378f6b kernel: Monitor-Mwait will be used to enter C-3 state
Nov 14 23:44:25 lzcbox-60378f6b kernel: ACPI: \_SB_.PR00: Found 3 idle states
Nov 14 23:44:25 lzcbox-60378f6b kernel: thermal LNXTHERM:00: registered as thermal_zone0
Nov 14 23:44:25 lzcbox-60378f6b kernel: ACPI: thermal: Thermal Zone [TZ00] (28 C)
Nov 14 23:44:25 lzcbox-60378f6b kernel: Serial: 8250/16550 driver, 4 ports, IRQ sharing enabled
Nov 14 23:44:25 lzcbox-60378f6b kernel: serial8250: ttyS0 at I/O 0x3f8 (irq = 4, base_baud = 115200) is a 16550A
Nov 14 23:44:25 lzcbox-60378f6b kernel: Linux agpgart interface v0.103
Nov 14 23:44:25 lzcbox-60378f6b kernel: AMD-Vi: AMD IOMMUv2 functionality not available on this system - This is not a bug.
Nov 14 23:44:25 lzcbox-60378f6b kernel: i8042: PNP: No PS/2 controller found.
Nov 14 23:44:25 lzcbox-60378f6b kernel: mousedev: PS/2 mouse device common for all mice
Nov 14 23:44:25 lzcbox-60378f6b kernel: rtc_cmos rtc_cmos: RTC can wake from S4
Nov 14 23:44:25 lzcbox-60378f6b kernel: rtc_cmos rtc_cmos: registered as rtc0
Nov 14 23:44:25 lzcbox-60378f6b kernel: rtc_cmos rtc_cmos: setting system clock to 2025-11-14T15:44:22 UTC (1763135062)
Nov 14 23:44:25 lzcbox-60378f6b kernel: rtc_cmos rtc_cmos: alarms up to one month, y3k, 114 bytes nvram
Nov 14 23:44:25 lzcbox-60378f6b kernel: intel_pstate: Intel P-state driver initializing
Nov 14 23:44:25 lzcbox-60378f6b kernel: intel_pstate: HWP enabled
Nov 14 23:44:25 lzcbox-60378f6b kernel: ledtrig-cpu: registered to indicate activity on CPUs
Nov 14 23:44:25 lzcbox-60378f6b kernel: NET: Registered PF_INET6 protocol family
Nov 14 23:44:25 lzcbox-60378f6b kernel: Segment Routing with IPv6
Nov 14 23:44:25 lzcbox-60378f6b kernel: In-situ OAM (IOAM) with IPv6
Nov 14 23:44:25 lzcbox-60378f6b kernel: mip6: Mobile IPv6
Nov 14 23:44:25 lzcbox-60378f6b kernel: NET: Registered PF_PACKET protocol family
Nov 14 23:44:25 lzcbox-60378f6b kernel: mpls_gso: MPLS GSO support
Nov 14 23:44:25 lzcbox-60378f6b kernel: microcode: Microcode Update Driver: v2.2.
Nov 14 23:44:25 lzcbox-60378f6b kernel: resctrl: L2 allocation detected
Nov 14 23:44:25 lzcbox-60378f6b kernel: IPI shorthand broadcast: enabled
Nov 14 23:44:25 lzcbox-60378f6b kernel: sched_clock: Marking stable (578799012, 635835)->(590622089, -11187242)
Nov 14 23:44:25 lzcbox-60378f6b kernel: registered taskstats version 1
Nov 14 23:44:25 lzcbox-60378f6b kernel: Loading compiled-in X.509 certificates
Nov 14 23:44:25 lzcbox-60378f6b kernel: Loaded X.509 cert 'Debian Secure Boot CA: 6ccece7e4c6c0d1f6149f3dd27dfcc5cbb419ea1'
Nov 14 23:44:25 lzcbox-60378f6b kernel: Loaded X.509 cert 'Debian Secure Boot Signer 2022 - linux: 14011249c2675ea8e5148542202005810584b25f'
Nov 14 23:44:25 lzcbox-60378f6b kernel: Key type .fscrypt registered
Nov 14 23:44:25 lzcbox-60378f6b kernel: Key type fscrypt-provisioning registered
Nov 14 23:44:25 lzcbox-60378f6b kernel: Key type encrypted registered
Nov 14 23:44:25 lzcbox-60378f6b kernel: AppArmor: AppArmor sha1 policy hashing enabled
Nov 14 23:44:25 lzcbox-60378f6b kernel: integrity: Loading X.509 certificate: UEFI:db
Nov 14 23:44:25 lzcbox-60378f6b kernel: integrity: Loaded X.509 cert 'Microsoft Corporation UEFI CA 2011: 13adbf4309bd82709c8cd54f316ed522988a1bd4'
Nov 14 23:44:25 lzcbox-60378f6b kernel: integrity: Loading X.509 certificate: UEFI:db
Nov 14 23:44:25 lzcbox-60378f6b kernel: integrity: Loaded X.509 cert 'Microsoft Windows Production PCA 2011: a92902398e16c49778cd90f99e4f9ae17c55af53'
Nov 14 23:44:25 lzcbox-60378f6b kernel: ima: Allocated hash algorithm: sha256
Nov 14 23:44:25 lzcbox-60378f6b kernel: ima: No architecture policies found
Nov 14 23:44:25 lzcbox-60378f6b kernel: evm: Initialising EVM extended attributes:
Nov 14 23:44:25 lzcbox-60378f6b kernel: evm: security.selinux
Nov 14 23:44:25 lzcbox-60378f6b kernel: evm: security.SMACK64 (disabled)
Nov 14 23:44:25 lzcbox-60378f6b kernel: evm: security.SMACK64EXEC (disabled)
Nov 14 23:44:25 lzcbox-60378f6b kernel: evm: security.SMACK64TRANSMUTE (disabled)
Nov 14 23:44:25 lzcbox-60378f6b kernel: evm: security.SMACK64MMAP (disabled)
Nov 14 23:44:25 lzcbox-60378f6b kernel: evm: security.apparmor
Nov 14 23:44:25 lzcbox-60378f6b kernel: evm: security.ima
Nov 14 23:44:25 lzcbox-60378f6b kernel: evm: security.capability
Nov 14 23:44:25 lzcbox-60378f6b kernel: evm: HMAC attrs: 0x1
Nov 14 23:44:25 lzcbox-60378f6b kernel: RAS: Correctable Errors collector initialized.
Nov 14 23:44:25 lzcbox-60378f6b kernel: clk: Disabling unused clocks
Nov 14 23:44:25 lzcbox-60378f6b kernel: Freeing unused decrypted memory: 2036K
Nov 14 23:44:25 lzcbox-60378f6b kernel: Freeing unused kernel image (initmem) memory: 3916K
Nov 14 23:44:25 lzcbox-60378f6b kernel: Write protecting the kernel read-only data: 26624k
Nov 14 23:44:25 lzcbox-60378f6b kernel: Freeing unused kernel image (rodata/data gap) memory: 1948K
Nov 14 23:44:25 lzcbox-60378f6b kernel: x86/mm: Checked W+X mappings: passed, no W+X pages found.
Nov 14 23:44:25 lzcbox-60378f6b kernel: Run /init as init process
Nov 14 23:44:25 lzcbox-60378f6b kernel:   with arguments:
Nov 14 23:44:25 lzcbox-60378f6b kernel:     /init
Nov 14 23:44:25 lzcbox-60378f6b kernel:     fastboot
Nov 14 23:44:25 lzcbox-60378f6b kernel:     splash
Nov 14 23:44:25 lzcbox-60378f6b kernel:   with environment:
Nov 14 23:44:25 lzcbox-60378f6b kernel:     HOME=/
Nov 14 23:44:25 lzcbox-60378f6b kernel:     TERM=linux
Nov 14 23:44:25 lzcbox-60378f6b kernel:     BOOT_IMAGE=/vmlinuz
Nov 14 23:44:25 lzcbox-60378f6b kernel: virtio_ring: module verification failed: signature and/or required key missing - tainting kernel
Nov 14 23:44:25 lzcbox-60378f6b kernel: 9pnet: Installing 9P2000 support
Nov 14 23:44:25 lzcbox-60378f6b kernel: SCSI subsystem initialized
Nov 14 23:44:25 lzcbox-60378f6b kernel: libata version 3.00 loaded.
Nov 14 23:44:25 lzcbox-60378f6b kernel: ahci 0000:00:17.0: version 3.0
Nov 14 23:44:25 lzcbox-60378f6b kernel: ahci 0000:00:17.0: AHCI 0001.0301 32 slots 2 ports 6 Gbps 0x3 impl SATA mode
Nov 14 23:44:25 lzcbox-60378f6b kernel: ahci 0000:00:17.0: flags: 64bit ncq sntf pm clo only pio slum part deso sadm sds 
Nov 14 23:44:25 lzcbox-60378f6b kernel: scsi host0: ahci
Nov 14 23:44:25 lzcbox-60378f6b kernel: scsi host1: ahci
Nov 14 23:44:25 lzcbox-60378f6b kernel: ata1: SATA max UDMA/133 abar m2048@0x80a02000 port 0x80a02100 irq 126
Nov 14 23:44:25 lzcbox-60378f6b kernel: ata2: SATA max UDMA/133 abar m2048@0x80a02000 port 0x80a02180 irq 126
Nov 14 23:44:25 lzcbox-60378f6b kernel: ata2: SATA link up 6.0 Gbps (SStatus 133 SControl 300)
Nov 14 23:44:25 lzcbox-60378f6b kernel: ata1: SATA link up 6.0 Gbps (SStatus 133 SControl 300)
Nov 14 23:44:25 lzcbox-60378f6b kernel: ata1.00: ATA-10: WDC WD10SPZX-22Z10T1, 04.01A04, max UDMA/133
Nov 14 23:44:25 lzcbox-60378f6b kernel: ata2.00: ATA-10: WDC WD10SPZX-22Z10T1, 04.01A04, max UDMA/133
Nov 14 23:44:25 lzcbox-60378f6b kernel: ata1.00: 1953525168 sectors, multi 16: LBA48 NCQ (depth 32), AA
Nov 14 23:44:25 lzcbox-60378f6b kernel: ata1.00: Features: NCQ-prio
Nov 14 23:44:25 lzcbox-60378f6b kernel: ata2.00: 1953525168 sectors, multi 16: LBA48 NCQ (depth 32), AA
Nov 14 23:44:25 lzcbox-60378f6b kernel: ata2.00: Features: NCQ-prio
Nov 14 23:44:25 lzcbox-60378f6b kernel: ata1.00: configured for UDMA/133
Nov 14 23:44:25 lzcbox-60378f6b kernel: scsi 0:0:0:0: Direct-Access     ATA      WDC WD10SPZX-22Z 1A04 PQ: 0 ANSI: 5
Nov 14 23:44:25 lzcbox-60378f6b kernel: ata2.00: configured for UDMA/133
Nov 14 23:44:25 lzcbox-60378f6b kernel: scsi 1:0:0:0: Direct-Access     ATA      WDC WD10SPZX-22Z 1A04 PQ: 0 ANSI: 5
Nov 14 23:44:25 lzcbox-60378f6b kernel: ACPI: bus type USB registered
Nov 14 23:44:25 lzcbox-60378f6b kernel: usbcore: registered new interface driver usbfs
Nov 14 23:44:25 lzcbox-60378f6b kernel: usbcore: registered new interface driver hub
Nov 14 23:44:25 lzcbox-60378f6b kernel: usbcore: registered new device driver usb
Nov 14 23:44:25 lzcbox-60378f6b kernel: xhci_hcd 0000:00:14.0: xHCI Host Controller
Nov 14 23:44:25 lzcbox-60378f6b kernel: xhci_hcd 0000:00:14.0: new USB bus registered, assigned bus number 1
Nov 14 23:44:25 lzcbox-60378f6b kernel: xhci_hcd 0000:00:14.0: hcc params 0x20007fc1 hci version 0x120 quirks 0x0000000200009810
Nov 14 23:44:25 lzcbox-60378f6b kernel: xhci_hcd 0000:00:14.0: xHCI Host Controller
Nov 14 23:44:25 lzcbox-60378f6b kernel: xhci_hcd 0000:00:14.0: new USB bus registered, assigned bus number 2
Nov 14 23:44:25 lzcbox-60378f6b kernel: xhci_hcd 0000:00:14.0: Host supports USB 3.1 Enhanced SuperSpeed
Nov 14 23:44:25 lzcbox-60378f6b kernel: usb usb1: New USB device found, idVendor=1d6b, idProduct=0002, bcdDevice= 6.05
Nov 14 23:44:25 lzcbox-60378f6b kernel: usb usb1: New USB device strings: Mfr=3, Product=2, SerialNumber=1
Nov 14 23:44:25 lzcbox-60378f6b kernel: usb usb1: Product: xHCI Host Controller
Nov 14 23:44:25 lzcbox-60378f6b kernel: usb usb1: Manufacturer: Linux 6.5.0-0.deb12.4-amd64 xhci-hcd
Nov 14 23:44:25 lzcbox-60378f6b kernel: usb usb1: SerialNumber: 0000:00:14.0
Nov 14 23:44:25 lzcbox-60378f6b kernel: hub 1-0:1.0: USB hub found
Nov 14 23:44:25 lzcbox-60378f6b kernel: hub 1-0:1.0: 12 ports detected
Nov 14 23:44:25 lzcbox-60378f6b kernel: usb usb2: New USB device found, idVendor=1d6b, idProduct=0003, bcdDevice= 6.05
Nov 14 23:44:25 lzcbox-60378f6b kernel: usb usb2: New USB device strings: Mfr=3, Product=2, SerialNumber=1
Nov 14 23:44:25 lzcbox-60378f6b kernel: usb usb2: Product: xHCI Host Controller
Nov 14 23:44:25 lzcbox-60378f6b kernel: usb usb2: Manufacturer: Linux 6.5.0-0.deb12.4-amd64 xhci-hcd
Nov 14 23:44:25 lzcbox-60378f6b kernel: usb usb2: SerialNumber: 0000:00:14.0
Nov 14 23:44:25 lzcbox-60378f6b kernel: hub 2-0:1.0: USB hub found
Nov 14 23:44:25 lzcbox-60378f6b kernel: hub 2-0:1.0: 4 ports detected
Nov 14 23:44:25 lzcbox-60378f6b kernel: xhci_hcd 0000:03:00.0: xHCI Host Controller
Nov 14 23:44:25 lzcbox-60378f6b kernel: xhci_hcd 0000:03:00.0: new USB bus registered, assigned bus number 3
Nov 14 23:44:25 lzcbox-60378f6b kernel: xhci_hcd 0000:03:00.0: hcc params 0x002841eb hci version 0x100 quirks 0x0000000000000890
Nov 14 23:44:25 lzcbox-60378f6b kernel: xhci_hcd 0000:03:00.0: xHCI Host Controller
Nov 14 23:44:25 lzcbox-60378f6b kernel: xhci_hcd 0000:03:00.0: new USB bus registered, assigned bus number 4
Nov 14 23:44:25 lzcbox-60378f6b kernel: xhci_hcd 0000:03:00.0: Host supports USB 3.0 SuperSpeed
Nov 14 23:44:25 lzcbox-60378f6b kernel: usb usb3: New USB device found, idVendor=1d6b, idProduct=0002, bcdDevice= 6.05
Nov 14 23:44:25 lzcbox-60378f6b kernel: usb usb3: New USB device strings: Mfr=3, Product=2, SerialNumber=1
Nov 14 23:44:25 lzcbox-60378f6b kernel: usb usb3: Product: xHCI Host Controller
Nov 14 23:44:25 lzcbox-60378f6b kernel: usb usb3: Manufacturer: Linux 6.5.0-0.deb12.4-amd64 xhci-hcd
Nov 14 23:44:25 lzcbox-60378f6b kernel: usb usb3: SerialNumber: 0000:03:00.0
Nov 14 23:44:25 lzcbox-60378f6b kernel: hub 3-0:1.0: USB hub found
Nov 14 23:44:25 lzcbox-60378f6b kernel: hub 3-0:1.0: 1 port detected
Nov 14 23:44:25 lzcbox-60378f6b kernel: usb usb4: New USB device found, idVendor=1d6b, idProduct=0003, bcdDevice= 6.05
Nov 14 23:44:25 lzcbox-60378f6b kernel: usb usb4: New USB device strings: Mfr=3, Product=2, SerialNumber=1
Nov 14 23:44:25 lzcbox-60378f6b kernel: usb usb4: Product: xHCI Host Controller
Nov 14 23:44:25 lzcbox-60378f6b kernel: usb usb4: Manufacturer: Linux 6.5.0-0.deb12.4-amd64 xhci-hcd
Nov 14 23:44:25 lzcbox-60378f6b kernel: usb usb4: SerialNumber: 0000:03:00.0
Nov 14 23:44:25 lzcbox-60378f6b kernel: hub 4-0:1.0: USB hub found
Nov 14 23:44:25 lzcbox-60378f6b kernel: hub 4-0:1.0: 4 ports detected
Nov 14 23:44:25 lzcbox-60378f6b kernel: usbcore: registered new interface driver usb-storage
Nov 14 23:44:25 lzcbox-60378f6b kernel: usbcore: registered new interface driver uas
Nov 14 23:44:25 lzcbox-60378f6b kernel: sd 0:0:0:0: [sdb] 1953525168 512-byte logical blocks: (1.00 TB/932 GiB)
Nov 14 23:44:25 lzcbox-60378f6b kernel: sd 0:0:0:0: [sdb] 4096-byte physical blocks
Nov 14 23:44:25 lzcbox-60378f6b kernel: sd 0:0:0:0: [sdb] Write Protect is off
Nov 14 23:44:25 lzcbox-60378f6b kernel: sd 0:0:0:0: [sdb] Mode Sense: 00 3a 00 00
Nov 14 23:44:25 lzcbox-60378f6b kernel: sd 0:0:0:0: [sdb] Write cache: enabled, read cache: enabled, doesn't support DPO or FUA
Nov 14 23:44:25 lzcbox-60378f6b kernel: sd 1:0:0:0: [sda] 1953525168 512-byte logical blocks: (1.00 TB/932 GiB)
Nov 14 23:44:25 lzcbox-60378f6b kernel: sd 1:0:0:0: [sda] 4096-byte physical blocks
Nov 14 23:44:25 lzcbox-60378f6b kernel: sd 0:0:0:0: [sdb] Preferred minimum I/O size 4096 bytes
Nov 14 23:44:25 lzcbox-60378f6b kernel: sd 1:0:0:0: [sda] Write Protect is off
Nov 14 23:44:25 lzcbox-60378f6b kernel: sd 1:0:0:0: [sda] Mode Sense: 00 3a 00 00
Nov 14 23:44:25 lzcbox-60378f6b kernel: sd 1:0:0:0: [sda] Write cache: enabled, read cache: enabled, doesn't support DPO or FUA
Nov 14 23:44:25 lzcbox-60378f6b kernel: sd 1:0:0:0: [sda] Preferred minimum I/O size 4096 bytes
Nov 14 23:44:25 lzcbox-60378f6b kernel:  sdb: sdb1
Nov 14 23:44:25 lzcbox-60378f6b kernel: sd 0:0:0:0: [sdb] Attached SCSI disk
Nov 14 23:44:25 lzcbox-60378f6b kernel:  sda: sda1
Nov 14 23:44:25 lzcbox-60378f6b kernel: sd 1:0:0:0: [sda] Attached SCSI disk
Nov 14 23:44:25 lzcbox-60378f6b kernel: nvme nvme0: pci function 0000:01:00.0
Nov 14 23:44:25 lzcbox-60378f6b kernel: nvme nvme0: allocated 78 MiB host memory buffer.
Nov 14 23:44:25 lzcbox-60378f6b kernel: nvme nvme0: 8/0/0 default/read/poll queues
Nov 14 23:44:25 lzcbox-60378f6b kernel:  nvme0n1: p1 p2 p3
Nov 14 23:44:25 lzcbox-60378f6b kernel: loop: module loaded
Nov 14 23:44:25 lzcbox-60378f6b kernel: squashfs: version 4.0 (2009/01/31) Phillip Lougher
Nov 14 23:44:25 lzcbox-60378f6b kernel: FS-Cache: Loaded
Nov 14 23:44:25 lzcbox-60378f6b kernel: 9p: Installing v9fs 9p2000 file system support
Nov 14 23:44:25 lzcbox-60378f6b kernel: hid: raw HID events driver (C) Jiri Kosina
Nov 14 23:44:25 lzcbox-60378f6b kernel: usbcore: registered new interface driver usbhid
Nov 14 23:44:25 lzcbox-60378f6b kernel: usbhid: USB HID core driver
Nov 14 23:44:25 lzcbox-60378f6b kernel: usb 3-1: new high-speed USB device number 2 using xhci_hcd
Nov 14 23:44:25 lzcbox-60378f6b kernel: usb 1-5: new full-speed USB device number 2 using xhci_hcd
Nov 14 23:44:25 lzcbox-60378f6b kernel: usb 3-1: New USB device found, idVendor=2109, idProduct=3431, bcdDevice= 4.20
Nov 14 23:44:25 lzcbox-60378f6b kernel: usb 3-1: New USB device strings: Mfr=0, Product=1, SerialNumber=0
Nov 14 23:44:25 lzcbox-60378f6b kernel: usb 3-1: Product: USB2.0 Hub
Nov 14 23:44:25 lzcbox-60378f6b kernel: usb 1-5: New USB device found, idVendor=8087, idProduct=0032, bcdDevice= 0.00
Nov 14 23:44:25 lzcbox-60378f6b kernel: usb 1-5: New USB device strings: Mfr=0, Product=0, SerialNumber=0
Nov 14 23:44:25 lzcbox-60378f6b kernel: hub 3-1:1.0: USB hub found
Nov 14 23:44:25 lzcbox-60378f6b kernel: hub 3-1:1.0: 4 ports detected
Nov 14 23:44:25 lzcbox-60378f6b kernel: EXT4-fs (nvme0n1p2): mounted filesystem 6ec14787-d2c1-4312-beb4-1883667f97d7 r/w with ordered data mode. Quota mode: none.
Nov 14 23:44:25 lzcbox-60378f6b kernel: Not activating Mandatory Access Control as /sbin/tomoyo-init does not exist.
Nov 14 23:44:25 lzcbox-60378f6b kernel: loop0: detected capacity change from 0 to 1098320
Nov 14 23:44:25 lzcbox-60378f6b kernel: erofs: (device loop0): mounted with root inode @ nid 36.
Nov 14 23:44:25 lzcbox-60378f6b kernel: loop1: detected capacity change from 0 to 656208
Nov 14 23:44:25 lzcbox-60378f6b kernel: erofs: (device loop1): mounted with root inode @ nid 36.
Nov 14 23:44:25 lzcbox-60378f6b kernel: loop2: detected capacity change from 0 to 78504
Nov 14 23:44:25 lzcbox-60378f6b kernel: erofs: (device loop2): mounted with root inode @ nid 36.
Nov 14 23:44:25 lzcbox-60378f6b kernel: loop3: detected capacity change from 0 to 33760
Nov 14 23:44:25 lzcbox-60378f6b kernel: erofs: (device loop3): mounted with root inode @ nid 36.
Nov 14 23:44:25 lzcbox-60378f6b kernel: loop4: detected capacity change from 0 to 21064
Nov 14 23:44:25 lzcbox-60378f6b kernel: erofs: (device loop4): mounted with root inode @ nid 36.
Nov 14 23:44:25 lzcbox-60378f6b kernel: loop5: detected capacity change from 0 to 10424
Nov 14 23:44:25 lzcbox-60378f6b kernel: erofs: (device loop5): mounted with root inode @ nid 36.
Nov 14 23:44:25 lzcbox-60378f6b kernel: Not activating Mandatory Access Control as /sbin/tomoyo-init does not exist.
Nov 14 23:44:25 lzcbox-60378f6b kernel: loop6: detected capacity change from 0 to 1048576
Nov 14 23:44:25 lzcbox-60378f6b kernel: EXT4-fs (loop6): mounted filesystem 48a66fef-140a-4557-a65f-6b17a27a388e r/w with ordered data mode. Quota mode: none.
Nov 14 23:44:25 lzcbox-60378f6b kernel: loop7: detected capacity change from 0 to 17800
Nov 14 23:44:25 lzcbox-60378f6b kernel: erofs: (device loop7): mounted with root inode @ nid 36.
Nov 14 23:44:25 lzcbox-60378f6b systemd[1]: Inserted module 'autofs4'
Nov 14 23:44:25 lzcbox-60378f6b systemd[1]: systemd 254.22-1~bpo12+1 running in system mode (+PAM +AUDIT +SELINUX +APPARMOR +IMA +SMACK +SECCOMP +GCRYPT -GNUTLS +OPENSSL +ACL +BLKID +CURL +ELFUTILS +FIDO2 +IDN2 -IDN +IPTC +KMOD +LIBCRYPTSETUP +LIBFDISK +PCRE2 -PWQUALITY +P11KIT +QRENCODE +TPM2 +BZIP2 +LZ4 +XZ +ZLIB +ZSTD -BPF_FRAMEWORK -XKBCOMMON +UTMP +SYSVINIT default-hierarchy=unified)
Nov 14 23:44:25 lzcbox-60378f6b systemd[1]: Detected architecture x86-64.
Nov 14 23:44:25 lzcbox-60378f6b systemd[1]: Hostname set to <lzcbox-60378f6b>.
Nov 14 23:44:25 lzcbox-60378f6b systemd[1]: Queued start job for default target graphical.target.
Nov 14 23:44:25 lzcbox-60378f6b systemd[1]: Created slice system-modprobe.slice - Slice /system/modprobe.
Nov 14 23:44:25 lzcbox-60378f6b systemd[1]: Created slice user.slice - User and Session Slice.
Nov 14 23:44:25 lzcbox-60378f6b systemd[1]: Started systemd-ask-password-console.path - Dispatch Password Requests to Console Directory Watch.
Nov 14 23:44:25 lzcbox-60378f6b systemd[1]: Started systemd-ask-password-wall.path - Forward Password Requests to Wall Directory Watch.
Nov 14 23:44:25 lzcbox-60378f6b systemd[1]: Set up automount proc-sys-fs-binfmt_misc.automount - Arbitrary Executable File Formats File System Automount Point.
Nov 14 23:44:25 lzcbox-60378f6b systemd[1]: Reached target cryptsetup.target - Local Encrypted Volumes.
Nov 14 23:44:25 lzcbox-60378f6b systemd[1]: Reached target integritysetup.target - Local Integrity Protected Volumes.
Nov 14 23:44:25 lzcbox-60378f6b systemd[1]: Reached target paths.target - Path Units.
Nov 14 23:44:25 lzcbox-60378f6b systemd[1]: Reached target remote-fs.target - Remote File Systems.
Nov 14 23:44:25 lzcbox-60378f6b systemd[1]: Reached target slices.target - Slice Units.
Nov 14 23:44:25 lzcbox-60378f6b systemd[1]: Reached target swap.target - Swaps.
Nov 14 23:44:25 lzcbox-60378f6b systemd[1]: Reached target veritysetup.target - Local Verity Protected Volumes.
Nov 14 23:44:25 lzcbox-60378f6b systemd[1]: Listening on systemd-initctl.socket - initctl Compatibility Named Pipe.
Nov 14 23:44:25 lzcbox-60378f6b systemd[1]: Listening on systemd-journald-dev-log.socket - Journal Socket (/dev/log).
Nov 14 23:44:25 lzcbox-60378f6b systemd[1]: Listening on systemd-journald.socket - Journal Socket.
Nov 14 23:44:25 lzcbox-60378f6b systemd[1]: Listening on systemd-udevd-control.socket - udev Control Socket.
Nov 14 23:44:25 lzcbox-60378f6b systemd[1]: Listening on systemd-udevd-kernel.socket - udev Kernel Socket.
Nov 14 23:44:25 lzcbox-60378f6b systemd[1]: Mounting dev-hugepages.mount - Huge Pages File System...
Nov 14 23:44:25 lzcbox-60378f6b systemd[1]: Mounting dev-mqueue.mount - POSIX Message Queue File System...
Nov 14 23:44:25 lzcbox-60378f6b systemd[1]: Mounting sys-kernel-debug.mount - Kernel Debug File System...
Nov 14 23:44:25 lzcbox-60378f6b systemd[1]: Mounting sys-kernel-tracing.mount - Kernel Trace File System...
Nov 14 23:44:25 lzcbox-60378f6b systemd[1]: Starting kmod-static-nodes.service - Create List of Static Device Nodes...
Nov 14 23:44:25 lzcbox-60378f6b systemd[1]: Starting modprobe@configfs.service - Load Kernel Module configfs...
Nov 14 23:44:25 lzcbox-60378f6b systemd[1]: Starting modprobe@dm_mod.service - Load Kernel Module dm_mod...
Nov 14 23:44:25 lzcbox-60378f6b systemd[1]: Starting modprobe@drm.service - Load Kernel Module drm...
Nov 14 23:44:25 lzcbox-60378f6b systemd[1]: Starting modprobe@efi_pstore.service - Load Kernel Module efi_pstore...
Nov 14 23:44:25 lzcbox-60378f6b systemd[1]: Starting modprobe@fuse.service - Load Kernel Module fuse...
Nov 14 23:44:25 lzcbox-60378f6b systemd[1]: Starting modprobe@loop.service - Load Kernel Module loop...
Nov 14 23:44:25 lzcbox-60378f6b systemd[1]: Starting systemd-journald.service - Journal Service...
Nov 14 23:44:25 lzcbox-60378f6b kernel: pstore: Using crash dump compression: deflate
Nov 14 23:44:25 lzcbox-60378f6b systemd[1]: Starting systemd-modules-load.service - Load Kernel Modules...
Nov 14 23:44:25 lzcbox-60378f6b systemd[1]: systemd-pcrmachine.service - TPM2 PCR Machine ID Measurement was skipped because of an unmet condition check (ConditionPathExists=/sys/firmware/efi/efivars/StubPcrKernelImage-4a67b082-0a4c-41cf-b6c7-440b29bb8c4f).
Nov 14 23:44:25 lzcbox-60378f6b systemd[1]: Starting systemd-remount-fs.service - Remount Root and Kernel File Systems...
Nov 14 23:44:25 lzcbox-60378f6b systemd[1]: Starting systemd-udev-trigger.service - Coldplug All udev Devices...
Nov 14 23:44:25 lzcbox-60378f6b kernel: device-mapper: core: CONFIG_IMA_DISABLE_HTABLE is disabled. Duplicate IMA measurements will not be recorded in the IMA log.
Nov 14 23:44:25 lzcbox-60378f6b kernel: device-mapper: uevent: version 1.0.3
Nov 14 23:44:25 lzcbox-60378f6b kernel: device-mapper: ioctl: 4.48.0-ioctl (2023-03-01) initialised: dm-devel@redhat.com
Nov 14 23:44:25 lzcbox-60378f6b systemd[1]: Mounted dev-hugepages.mount - Huge Pages File System.
Nov 14 23:44:25 lzcbox-60378f6b systemd[1]: Mounted dev-mqueue.mount - POSIX Message Queue File System.
Nov 14 23:44:25 lzcbox-60378f6b systemd[1]: Mounted sys-kernel-debug.mount - Kernel Debug File System.
Nov 14 23:44:25 lzcbox-60378f6b systemd[1]: Mounted sys-kernel-tracing.mount - Kernel Trace File System.
Nov 14 23:44:25 lzcbox-60378f6b systemd[1]: Finished kmod-static-nodes.service - Create List of Static Device Nodes.
Nov 14 23:44:25 lzcbox-60378f6b systemd[1]: modprobe@configfs.service: Deactivated successfully.
Nov 14 23:44:25 lzcbox-60378f6b systemd[1]: Finished modprobe@configfs.service - Load Kernel Module configfs.
Nov 14 23:44:25 lzcbox-60378f6b systemd[1]: modprobe@dm_mod.service: Deactivated successfully.
Nov 14 23:44:25 lzcbox-60378f6b kernel: pstore: Registered efi_pstore as persistent store backend
Nov 14 23:44:25 lzcbox-60378f6b systemd[1]: Finished modprobe@dm_mod.service - Load Kernel Module dm_mod.
Nov 14 23:44:25 lzcbox-60378f6b systemd[1]: modprobe@loop.service: Deactivated successfully.
Nov 14 23:44:25 lzcbox-60378f6b systemd[1]: Finished modprobe@loop.service - Load Kernel Module loop.
Nov 14 23:44:25 lzcbox-60378f6b systemd[1]: modprobe@efi_pstore.service: Deactivated successfully.
Nov 14 23:44:25 lzcbox-60378f6b systemd[1]: Finished modprobe@efi_pstore.service - Load Kernel Module efi_pstore.
Nov 14 23:44:25 lzcbox-60378f6b systemd[1]: Mounting sys-kernel-config.mount - Kernel Configuration File System...
Nov 14 23:44:25 lzcbox-60378f6b systemd[1]: systemd-repart.service - Repartition Root Disk was skipped because no trigger condition checks were met.
Nov 14 23:44:25 lzcbox-60378f6b systemd[1]: Starting systemd-tmpfiles-setup-dev-early.service - Create Static Device Nodes in /dev gracefully...
Nov 14 23:44:25 lzcbox-60378f6b systemd[1]: Finished systemd-remount-fs.service - Remount Root and Kernel File Systems.
Nov 14 23:44:25 lzcbox-60378f6b systemd[1]: systemd-hwdb-update.service - Rebuild Hardware Database was skipped because no trigger condition checks were met.
Nov 14 23:44:25 lzcbox-60378f6b systemd[1]: systemd-pstore.service - Platform Persistent Storage Archival was skipped because of an unmet condition check (ConditionDirectoryNotEmpty=/sys/fs/pstore).
Nov 14 23:44:25 lzcbox-60378f6b systemd[1]: Starting systemd-random-seed.service - Load/Save OS Random Seed...
Nov 14 23:44:25 lzcbox-60378f6b systemd[1]: Mounted sys-kernel-config.mount - Kernel Configuration File System.
Nov 14 23:44:25 lzcbox-60378f6b systemd-journald[360]: Collecting audit messages is disabled.
Nov 14 23:44:25 lzcbox-60378f6b systemd[1]: Finished systemd-random-seed.service - Load/Save OS Random Seed.
Nov 14 23:44:25 lzcbox-60378f6b kernel: ACPI: bus type drm_connector registered
Nov 14 23:44:25 lzcbox-60378f6b kernel: fuse: init (API version 7.38)
Nov 14 23:44:25 lzcbox-60378f6b systemd[1]: modprobe@fuse.service: Deactivated successfully.
Nov 14 23:44:25 lzcbox-60378f6b systemd[1]: Finished modprobe@fuse.service - Load Kernel Module fuse.
Nov 14 23:44:25 lzcbox-60378f6b systemd[1]: modprobe@drm.service: Deactivated successfully.
Nov 14 23:44:25 lzcbox-60378f6b systemd[1]: Finished modprobe@drm.service - Load Kernel Module drm.
Nov 14 23:44:25 lzcbox-60378f6b kernel: lzc_wdt: loading out-of-tree module taints kernel.
Nov 14 23:44:25 lzcbox-60378f6b kernel: lzc_wdt: board = lc2580, DMI_BOARD_NAME matched STX-LN110
Nov 14 23:44:25 lzcbox-60378f6b kernel: lzc_wdt: lzc_wdt initialized
Nov 14 23:44:25 lzcbox-60378f6b systemd[1]: Mounting sys-fs-fuse-connections.mount - FUSE Control File System...
Nov 14 23:44:25 lzcbox-60378f6b systemd[1]: Finished systemd-modules-load.service - Load Kernel Modules.
Nov 14 23:44:25 lzcbox-60378f6b systemd[1]: Starting systemd-sysctl.service - Apply Kernel Variables...
Nov 14 23:44:25 lzcbox-60378f6b systemd[1]: Mounted sys-fs-fuse-connections.mount - FUSE Control File System.
Nov 14 23:44:25 lzcbox-60378f6b systemd[1]: Finished systemd-sysctl.service - Apply Kernel Variables.
Nov 14 23:44:25 lzcbox-60378f6b systemd[1]: Finished systemd-tmpfiles-setup-dev-early.service - Create Static Device Nodes in /dev gracefully.
Nov 14 23:44:25 lzcbox-60378f6b systemd[1]: Starting systemd-sysusers.service - Create System Users...
Nov 14 23:44:25 lzcbox-60378f6b systemd[1]: Finished systemd-sysusers.service - Create System Users.
Nov 14 23:44:25 lzcbox-60378f6b systemd[1]: Starting systemd-tmpfiles-setup-dev.service - Create Static Device Nodes in /dev...
Nov 14 23:44:25 lzcbox-60378f6b systemd[1]: Finished systemd-tmpfiles-setup-dev.service - Create Static Device Nodes in /dev.
Nov 14 23:44:25 lzcbox-60378f6b systemd[1]: Reached target local-fs-pre.target - Preparation for Local File Systems.
Nov 14 23:44:25 lzcbox-60378f6b systemd[1]: Reached target local-fs.target - Local File Systems.
Nov 14 23:44:25 lzcbox-60378f6b systemd[1]: Starting apparmor.service - Load AppArmor profiles...
Nov 14 23:44:25 lzcbox-60378f6b systemd[1]: Starting ldconfig.service - Rebuild Dynamic Linker Cache...
Nov 14 23:44:25 lzcbox-60378f6b systemd[1]: systemd-binfmt.service - Set Up Additional Binary Formats was skipped because no trigger condition checks were met.
Nov 14 23:44:25 lzcbox-60378f6b systemd[1]: Starting systemd-udevd.service - Rule-based Manager for Device Events and Files...
Nov 14 23:44:25 lzcbox-60378f6b systemd-journald[360]: Journal started
Nov 14 23:44:25 lzcbox-60378f6b systemd-journald[360]: Runtime Journal (/run/log/journal/4556ef2360817ef0401987d867f37ccc) is 8.0M, max 788.2M, 780.2M free.
Nov 14 23:44:25 lzcbox-60378f6b systemd-modules-load[361]: Inserted module 'lzc_wdt'
Nov 14 23:44:25 lzcbox-60378f6b systemd[1]: Starting systemd-journal-flush.service - Flush Journal to Persistent Storage...
Nov 14 23:44:25 lzcbox-60378f6b systemd[1]: Started systemd-journald.service - Journal Service.
Nov 14 23:44:25 lzcbox-60378f6b apparmor.systemd[377]: Restarting AppArmor
Nov 14 23:44:25 lzcbox-60378f6b apparmor.systemd[377]: Reloading AppArmor profiles
Nov 14 23:44:25 lzcbox-60378f6b systemd-journald[360]: Time spent on flushing to /var/log/journal/4556ef2360817ef0401987d867f37ccc is 58.129ms for 866 entries.
Nov 14 23:44:25 lzcbox-60378f6b systemd-journald[360]: System Journal (/var/log/journal/4556ef2360817ef0401987d867f37ccc) is 252.9M, max 256.0M, 3.0M free.
Nov 14 23:44:25 lzcbox-60378f6b systemd-journald[360]: Received client request to flush runtime journal.
Nov 14 23:44:25 lzcbox-60378f6b systemd-journald[360]: /var/log/journal/4556ef2360817ef0401987d867f37ccc/system.journal: Journal file uses a different sequence number ID, rotating.
Nov 14 23:44:25 lzcbox-60378f6b systemd-journald[360]: Rotating system journal.
Nov 14 23:44:25 lzcbox-60378f6b kernel: sd 0:0:0:0: Attached scsi generic sg0 type 0
Nov 14 23:44:25 lzcbox-60378f6b kernel: sd 1:0:0:0: Attached scsi generic sg1 type 0
Nov 14 23:44:25 lzcbox-60378f6b kernel: audit: type=1400 audit(1763135065.168:2): apparmor="STATUS" operation="profile_load" profile="unconfined" name="lsb_release" pid=406 comm="apparmor_parser"
Nov 14 23:44:25 lzcbox-60378f6b kernel: input: Sleep Button as /devices/LNXSYSTM:00/LNXSYBUS:00/PNP0C0E:00/input/input0
Nov 14 23:44:25 lzcbox-60378f6b kernel: ACPI: button: Sleep Button [SLPB]
Nov 14 23:44:25 lzcbox-60378f6b kernel: input: Power Button as /devices/LNXSYSTM:00/LNXSYBUS:00/PNP0C0C:00/input/input1
Nov 14 23:44:25 lzcbox-60378f6b kernel: ACPI: button: Power Button [PWRB]
Nov 14 23:44:25 lzcbox-60378f6b kernel: input: Power Button as /devices/LNXSYSTM:00/LNXPWRBN:00/input/input2
Nov 14 23:44:25 lzcbox-60378f6b kernel: ACPI: button: Power Button [PWRF]
Nov 14 23:44:25 lzcbox-60378f6b kernel: intel_pmc_core INT33A1:00:  initialized
Nov 14 23:44:25 lzcbox-60378f6b kernel: audit: type=1400 audit(1763135065.180:3): apparmor="STATUS" operation="profile_load" profile="unconfined" name="nvidia_modprobe" pid=407 comm="apparmor_parser"
Nov 14 23:44:25 lzcbox-60378f6b kernel: audit: type=1400 audit(1763135065.180:4): apparmor="STATUS" operation="profile_load" profile="unconfined" name="nvidia_modprobe//kmod" pid=407 comm="apparmor_parser"
Nov 14 23:44:25 lzcbox-60378f6b kernel: EDAC igen6: v2.5.1
Nov 14 23:44:25 lzcbox-60378f6b kernel: input: PC Speaker as /devices/platform/pcspkr/input/input3
Nov 14 23:44:25 lzcbox-60378f6b kernel: i801_smbus 0000:00:1f.4: SPD Write Disable is set
Nov 14 23:44:25 lzcbox-60378f6b kernel: i801_smbus 0000:00:1f.4: SMBus using PCI interrupt
Nov 14 23:44:25 lzcbox-60378f6b kernel: Intel(R) 2.5G Ethernet Linux Driver
Nov 14 23:44:25 lzcbox-60378f6b kernel: Copyright(c) 2018 Intel Corporation.
Nov 14 23:44:25 lzcbox-60378f6b kernel: igc 0000:02:00.0: enabling device (0000 -> 0002)
Nov 14 23:44:25 lzcbox-60378f6b kernel: igc 0000:02:00.0: PTM enabled, 4ns granularity
Nov 14 23:44:25 lzcbox-60378f6b kernel: i2c i2c-0: 1/2 memory slots populated (from DMI)
Nov 14 23:44:25 lzcbox-60378f6b kernel: i2c i2c-0: Successfully instantiated SPD at 0x50
Nov 14 23:44:25 lzcbox-60378f6b kernel: mei_me 0000:00:16.0: enabling device (0000 -> 0002)
Nov 14 23:44:25 lzcbox-60378f6b kernel: resource: resource sanity check: requesting [mem 0x00000000fedc0000-0x00000000fedcdfff], which spans more than pnp 00:03 [mem 0xfedc0000-0xfedc7fff]
Nov 14 23:44:25 lzcbox-60378f6b kernel: caller __uncore_imc_init_box+0xc4/0x140 [intel_uncore] mapping multiple BARs
Nov 14 23:44:25 lzcbox-60378f6b kernel: mei_me 0000:00:16.0: hbm: dma setup response: failure = 3 REJECTED
Nov 14 23:44:25 lzcbox-60378f6b kernel: raid6: avx512x4 gen() 22480 MB/s
Nov 14 23:44:25 lzcbox-60378f6b kernel: pps pps0: new PPS source ptp0
Nov 14 23:44:25 lzcbox-60378f6b kernel: igc 0000:02:00.0 (unnamed net_device) (uninitialized): PHC added
Nov 14 23:44:25 lzcbox-60378f6b kernel: igc 0000:02:00.0: 4.000 Gb/s available PCIe bandwidth (5.0 GT/s PCIe x1 link)
Nov 14 23:44:25 lzcbox-60378f6b kernel: igc 0000:02:00.0 eth0: MAC: 04:2b:58:14:fd:1e
Nov 14 23:44:25 lzcbox-60378f6b kernel: igc 0000:02:00.0 enp2s0: renamed from eth0
Nov 14 23:44:25 lzcbox-60378f6b kernel: raid6: avx512x2 gen() 18791 MB/s
Nov 14 23:44:25 lzcbox-60378f6b kernel: ee1004 0-0050: 512 byte EE1004-compliant SPD EEPROM, read-only
Nov 14 23:44:25 lzcbox-60378f6b kernel: alg: No test for fips(ansi_cprng) (fips_ansi_cprng)
Nov 14 23:44:25 lzcbox-60378f6b kernel: snd_hda_intel 0000:00:1f.3: enabling device (0000 -> 0002)
Nov 14 23:44:25 lzcbox-60378f6b systemd-udevd[379]: Using default interface naming scheme 'v253'.
Nov 14 23:44:25 lzcbox-60378f6b systemd[1]: Started systemd-udevd.service - Rule-based Manager for Device Events and Files.
Nov 14 23:44:25 lzcbox-60378f6b systemd[1]: Finished ldconfig.service - Rebuild Dynamic Linker Cache.
Nov 14 23:44:25 lzcbox-60378f6b systemd[1]: Finished systemd-udev-trigger.service - Coldplug All udev Devices.
Nov 14 23:44:25 lzcbox-60378f6b systemd[1]: Finished apparmor.service - Load AppArmor profiles.
Nov 14 23:44:25 lzcbox-60378f6b systemd[1]: Listening on systemd-rfkill.socket - Load/Save RF Kill Switch Status /dev/rfkill Watch.
Nov 14 23:44:25 lzcbox-60378f6b systemd[1]: Finished systemd-journal-flush.service - Flush Journal to Persistent Storage.
Nov 14 23:44:25 lzcbox-60378f6b kernel: raid6: avx512x1 gen() 19708 MB/s
Nov 14 23:44:25 lzcbox-60378f6b kernel: raid6: avx2x4   gen() 20482 MB/s
Nov 14 23:44:25 lzcbox-60378f6b kernel: raid6: avx2x2   gen() 22873 MB/s
Nov 14 23:44:25 lzcbox-60378f6b kernel: raid6: avx2x1   gen() 17613 MB/s
Nov 14 23:44:25 lzcbox-60378f6b kernel: raid6: using algorithm avx2x2 gen() 22873 MB/s
Nov 14 23:44:25 lzcbox-60378f6b kernel: raid6: .... xor() 15938 MB/s, rmw enabled
Nov 14 23:44:25 lzcbox-60378f6b kernel: raid6: using avx512x2 recovery algorithm
Nov 14 23:44:25 lzcbox-60378f6b kernel: xor: automatically using best checksumming function   avx       
Nov 14 23:44:25 lzcbox-60378f6b systemd[1]: Starting systemd-tmpfiles-setup.service - Create System Files and Directories...
Nov 14 23:44:25 lzcbox-60378f6b kernel: i915 0000:00:02.0: vgaarb: deactivate vga console
Nov 14 23:44:25 lzcbox-60378f6b kernel: i915 0000:00:02.0: [drm] Using Transparent Hugepages
Nov 14 23:44:25 lzcbox-60378f6b kernel: RAPL PMU: API unit is 2^-32 Joules, 2 fixed counters, 655360 ms ovfl timer
Nov 14 23:44:25 lzcbox-60378f6b kernel: RAPL PMU: hw unit of domain pp0-core 2^-14 Joules
Nov 14 23:44:25 lzcbox-60378f6b kernel: RAPL PMU: hw unit of domain package 2^-14 Joules
Nov 14 23:44:25 lzcbox-60378f6b kernel: i915 0000:00:02.0: vgaarb: changed VGA decodes: olddecodes=io+mem,decodes=io+mem:owns=io+mem
Nov 14 23:44:25 lzcbox-60378f6b kernel: i915 0000:00:02.0: firmware: failed to load i915/tgl_dmc_ver2_12.bin (-2)
Nov 14 23:44:25 lzcbox-60378f6b kernel: firmware_class: See https://wiki.debian.org/Firmware for information about missing firmware
Nov 14 23:44:25 lzcbox-60378f6b kernel: i915 0000:00:02.0: firmware: failed to load i915/tgl_dmc_ver2_12.bin (-2)
Nov 14 23:44:25 lzcbox-60378f6b kernel: i915 0000:00:02.0: Direct firmware load for i915/tgl_dmc_ver2_12.bin failed with error -2
Nov 14 23:44:25 lzcbox-60378f6b kernel: i915 0000:00:02.0: [drm] Failed to load DMC firmware i915/tgl_dmc_ver2_12.bin. Disabling runtime power management.
Nov 14 23:44:25 lzcbox-60378f6b kernel: i915 0000:00:02.0: [drm] DMC firmware homepage: https://git.kernel.org/pub/scm/linux/kernel/git/firmware/linux-firmware.git/tree/i915
Nov 14 23:44:25 lzcbox-60378f6b kernel: mei_hdcp 0000:00:16.0-b638ab7e-94e2-4ea2-a552-d1c54b627f04: bound 0000:00:02.0 (ops i915_hdcp_ops [i915])
Nov 14 23:44:25 lzcbox-60378f6b kernel: cryptd: max_cpu_qlen set to 1000
Nov 14 23:44:25 lzcbox-60378f6b kernel: mei_pxp 0000:00:16.0-fbf6fcf1-96cf-4e2e-a6a6-1bab8cbe36b1: bound 0000:00:02.0 (ops i915_pxp_tee_component_ops [i915])
Nov 14 23:44:25 lzcbox-60378f6b kernel: i915 0000:00:02.0: [drm] Protected Xe Path (PXP) protected content support initialized
Nov 14 23:44:25 lzcbox-60378f6b kernel: AVX2 version of gcm_enc/dec engaged.
Nov 14 23:44:25 lzcbox-60378f6b kernel: AES CTR mode by8 optimization enabled
Nov 14 23:44:25 lzcbox-60378f6b systemd[1]: Finished systemd-tmpfiles-setup.service - Create System Files and Directories.
Nov 14 23:44:25 lzcbox-60378f6b systemd[1]: systemd-firstboot.service - First Boot Wizard was skipped because of an unmet condition check (ConditionFirstBoot=yes).
Nov 14 23:44:25 lzcbox-60378f6b systemd[1]: first-boot-complete.target - First Boot Complete was skipped because of an unmet condition check (ConditionFirstBoot=yes).
Nov 14 23:44:25 lzcbox-60378f6b systemd[1]: Starting systemd-journal-catalog-update.service - Rebuild Journal Catalog...
Nov 14 23:44:25 lzcbox-60378f6b systemd[1]: systemd-machine-id-commit.service - Commit a transient machine-id on disk was skipped because of an unmet condition check (ConditionPathIsMountPoint=/etc/machine-id).
Nov 14 23:44:25 lzcbox-60378f6b systemd[1]: Starting systemd-resolved.service - Network Name Resolution...
Nov 14 23:44:25 lzcbox-60378f6b systemd[1]: Starting systemd-timesyncd.service - Network Time Synchronization...
Nov 14 23:44:25 lzcbox-60378f6b kernel: cfg80211: Loading compiled-in X.509 certificates for regulatory database
Nov 14 23:44:25 lzcbox-60378f6b kernel: Loaded X.509 cert 'benh@debian.org: 577e021cb980e0e820821ba7b54b4961b8b4fadf'
Nov 14 23:44:25 lzcbox-60378f6b kernel: Loaded X.509 cert 'romain.perier@gmail.com: 3abbc6ec146e09d1b6016ab9d6cf71dd233f0328'
Nov 14 23:44:25 lzcbox-60378f6b kernel: Loaded X.509 cert 'sforshee: 00b28ddf47aef9cea7'
Nov 14 23:44:25 lzcbox-60378f6b kernel: platform regulatory.0: firmware: failed to load regulatory.db (-2)
Nov 14 23:44:25 lzcbox-60378f6b kernel: platform regulatory.0: firmware: failed to load regulatory.db (-2)
Nov 14 23:44:25 lzcbox-60378f6b kernel: platform regulatory.0: Direct firmware load for regulatory.db failed with error -2
Nov 14 23:44:25 lzcbox-60378f6b kernel: cfg80211: failed to load regulatory.db
Nov 14 23:44:25 lzcbox-60378f6b kernel: [drm] Initialized i915 1.6.0 20201103 for 0000:00:02.0 on minor 0
Nov 14 23:44:25 lzcbox-60378f6b kernel: ACPI: video: Video Device [GFX0] (multi-head: yes  rom: no  post: no)
Nov 14 23:44:25 lzcbox-60378f6b systemd[1]: Starting systemd-update-utmp.service - Record System Boot/Shutdown in UTMP...
Nov 14 23:44:25 lzcbox-60378f6b kernel: input: Video Bus as /devices/LNXSYSTM:00/LNXSYBUS:00/PNP0A08:00/LNXVIDEO:00/input/input4
Nov 14 23:44:25 lzcbox-60378f6b kernel: snd_hda_intel 0000:00:1f.3: bound 0000:00:02.0 (ops i915_audio_component_bind_ops [i915])
Nov 14 23:44:25 lzcbox-60378f6b systemd[1]: Finished systemd-update-utmp.service - Record System Boot/Shutdown in UTMP.
Nov 14 23:44:25 lzcbox-60378f6b systemd[1]: Finished systemd-journal-catalog-update.service - Rebuild Journal Catalog.
Nov 14 23:44:25 lzcbox-60378f6b systemd[1]: Starting systemd-update-done.service - Update is Completed...
Nov 14 23:44:25 lzcbox-60378f6b systemd[1]: Finished systemd-update-done.service - Update is Completed.
Nov 14 23:44:25 lzcbox-60378f6b kernel: i915 0000:00:02.0: [drm] Cannot find any crtc or sizes
Nov 14 23:44:25 lzcbox-60378f6b kernel: Btrfs loaded, zoned=yes, fsverity=yes
Nov 14 23:44:25 lzcbox-60378f6b kernel: BTRFS: device fsid e41222a0-d4b5-4e31-8da0-7b36e84ed427 devid 1 transid 567970 /dev/nvme0n1p3 scanned by (udev-worker) (450)
Nov 14 23:44:25 lzcbox-60378f6b kernel: BTRFS: device label data devid 2 transid 200280 /dev/sdb scanned by (udev-worker) (421)
Nov 14 23:44:25 lzcbox-60378f6b kernel: Intel(R) Wireless WiFi driver for Linux
Nov 14 23:44:25 lzcbox-60378f6b kernel: iwlwifi 0000:04:00.0: enabling device (0000 -> 0002)
Nov 14 23:44:25 lzcbox-60378f6b kernel: iwlwifi 0000:04:00.0: Detected crf-id 0x400410, cnv-id 0x400410 wfpm id 0x80000000
Nov 14 23:44:25 lzcbox-60378f6b kernel: iwlwifi 0000:04:00.0: PCI dev 2725/4020, rev=0x420, rfid=0x10d000
Nov 14 23:44:25 lzcbox-60378f6b kernel: iwlwifi 0000:04:00.0: firmware: direct-loading firmware iwlwifi-ty-a0-gf-a0-83.ucode
Nov 14 23:44:25 lzcbox-60378f6b kernel: Bluetooth: Core ver 2.22
Nov 14 23:44:25 lzcbox-60378f6b kernel: NET: Registered PF_BLUETOOTH protocol family
Nov 14 23:44:25 lzcbox-60378f6b kernel: Bluetooth: HCI device and connection manager initialized
Nov 14 23:44:25 lzcbox-60378f6b kernel: Bluetooth: HCI socket layer initialized
Nov 14 23:44:25 lzcbox-60378f6b kernel: Bluetooth: L2CAP socket layer initialized
Nov 14 23:44:25 lzcbox-60378f6b kernel: Bluetooth: SCO socket layer initialized
Nov 14 23:44:25 lzcbox-60378f6b kernel: iwlwifi 0000:04:00.0: api flags index 2 larger than supported by driver
Nov 14 23:44:25 lzcbox-60378f6b kernel: iwlwifi 0000:04:00.0: TLV_FW_FSEQ_VERSION: FSEQ Version: 0.0.2.41
Nov 14 23:44:25 lzcbox-60378f6b kernel: iwlwifi 0000:04:00.0: firmware: failed to load iwl-debug-yoyo.bin (-2)
Nov 14 23:44:25 lzcbox-60378f6b kernel: iwlwifi 0000:04:00.0: firmware: failed to load iwl-debug-yoyo.bin (-2)
Nov 14 23:44:25 lzcbox-60378f6b kernel: iwlwifi 0000:04:00.0: loaded firmware version 83.e8f84e98.0 ty-a0-gf-a0-83.ucode op_mode iwlmvm
Nov 14 23:44:25 lzcbox-60378f6b kernel: usbcore: registered new interface driver btusb
Nov 14 23:44:25 lzcbox-60378f6b kernel: i915 0000:00:02.0: [drm] Cannot find any crtc or sizes
Nov 14 23:44:25 lzcbox-60378f6b kernel: snd_hda_codec_realtek hdaudioC0D0: autoconfig for ALC897: line_outs=1 (0x14/0x0/0x0/0x0/0x0) type:speaker
Nov 14 23:44:25 lzcbox-60378f6b kernel: snd_hda_codec_realtek hdaudioC0D0:    speaker_outs=0 (0x0/0x0/0x0/0x0/0x0)
Nov 14 23:44:25 lzcbox-60378f6b kernel: snd_hda_codec_realtek hdaudioC0D0:    hp_outs=1 (0x1b/0x0/0x0/0x0/0x0)
Nov 14 23:44:25 lzcbox-60378f6b kernel: snd_hda_codec_realtek hdaudioC0D0:    mono: mono_out=0x0
Nov 14 23:44:25 lzcbox-60378f6b kernel: snd_hda_codec_realtek hdaudioC0D0:    inputs:
Nov 14 23:44:25 lzcbox-60378f6b kernel: snd_hda_codec_realtek hdaudioC0D0:      Mic=0x18
Nov 14 23:44:25 lzcbox-60378f6b kernel: Bluetooth: hci0: Firmware timestamp 2022.51 buildtype 1 build 56683
Nov 14 23:44:25 lzcbox-60378f6b systemd-resolved[549]: Positive Trust Anchors:
Nov 14 23:44:25 lzcbox-60378f6b kernel: bluetooth hci0: firmware: direct-loading firmware intel/ibt-0041-0041.sfi
Nov 14 23:44:25 lzcbox-60378f6b kernel: Bluetooth: hci0: Found device firmware: intel/ibt-0041-0041.sfi
Nov 14 23:44:25 lzcbox-60378f6b kernel: Bluetooth: hci0: Boot Address: 0x100800
Nov 14 23:44:25 lzcbox-60378f6b kernel: Bluetooth: hci0: Firmware Version: 107-51.22
Nov 14 23:44:25 lzcbox-60378f6b kernel: Bluetooth: hci0: Firmware already loaded
Nov 14 23:44:25 lzcbox-60378f6b kernel: BTRFS: device label data devid 1 transid 200280 /dev/sda1 scanned by (udev-worker) (449)
Nov 14 23:44:25 lzcbox-60378f6b kernel: i915 0000:00:02.0: [drm] Cannot find any crtc or sizes
Nov 14 23:44:25 lzcbox-60378f6b systemd-resolved[549]: . IN DS 20326 8 2 e06d44b80b8f1d39a95c0b0d7c65d08458e880409bbc683457104237c7f8ec8d
